% Statistics produced by BenchExec, more information at
% https://github.com/sosy-lab/benchexec/blob/main/doc/table-generator.md
% By default, this file defines a LaTeX command for each statistics value
% where the command name consists of the following concatenated parts:
% benchmark name, runset name, column title, category, status, statistic.
% (If necessary, this can be overridden with
% \newcommand\StoreBenchExecResult[7]{...} before including this file.)
% Numbers are replaced by roman numerals, all parts of the name are in camel case,
% and if necessary for uniqueness a counter is appended to the non-unique name part.
% The last part of the name is either "Count", "Sum", "Min", "Max", "Avg", "Median",
% "Stdev", "Score", or "Unit", with the latter providing the unit for the others.
% Rounding of values can be specified in the BenchExec table definition or done with
% \usepackage[round-mode=figures, round-precision=...]{siunitx} and the \num command.
% Arguments: benchmark name, runset name, column title, category, status, statistic, value
\providecommand\StoreBenchExecResult[7]{\expandafter\newcommand\csname#1#2#3#4#5#6\endcsname{#7}}%
\StoreBenchExecResult{IntegrationPredicateAnalysisI}{}{Status}{All}{}{Score}{0}%
\StoreBenchExecResult{IntegrationPredicateAnalysisI}{}{Status}{All}{}{Count}{31}%
\StoreBenchExecResult{IntegrationPredicateAnalysisI}{}{Status}{Correct}{}{Count}{28}%
\StoreBenchExecResult{IntegrationPredicateAnalysisI}{}{Status}{Correct}{True}{Count}{17}%
\StoreBenchExecResult{IntegrationPredicateAnalysisI}{}{Status}{Correct}{False}{Count}{11}%
\StoreBenchExecResult{IntegrationPredicateAnalysisI}{}{Status}{Wrong}{}{Count}{0}%
\StoreBenchExecResult{IntegrationPredicateAnalysisI}{}{Status}{Wrong}{True}{Count}{0}%
\StoreBenchExecResult{IntegrationPredicateAnalysisI}{}{Status}{Wrong}{False}{Count}{0}%
\StoreBenchExecResult{IntegrationPredicateAnalysisI}{}{Cputime}{All}{}{Sum}{1312.791710444}%
\StoreBenchExecResult{IntegrationPredicateAnalysisI}{}{Cputime}{All}{}{Min}{19.313251409}%
\StoreBenchExecResult{IntegrationPredicateAnalysisI}{}{Cputime}{All}{}{Max}{62.539270768}%
\StoreBenchExecResult{IntegrationPredicateAnalysisI}{}{Cputime}{All}{}{Avg}{42.34811969174193548387096774}%
\StoreBenchExecResult{IntegrationPredicateAnalysisI}{}{Cputime}{All}{}{Median}{43.171008047}%
\StoreBenchExecResult{IntegrationPredicateAnalysisI}{}{Cputime}{All}{}{Stdev}{11.47504837298497465250662564}%
\StoreBenchExecResult{IntegrationPredicateAnalysisI}{}{Cputime}{All}{}{Unit}{s}%
\StoreBenchExecResult{IntegrationPredicateAnalysisI}{}{Cputime}{Correct}{}{Sum}{1127.097539649}%
\StoreBenchExecResult{IntegrationPredicateAnalysisI}{}{Cputime}{Correct}{}{Min}{19.313251409}%
\StoreBenchExecResult{IntegrationPredicateAnalysisI}{}{Cputime}{Correct}{}{Max}{58.604363717}%
\StoreBenchExecResult{IntegrationPredicateAnalysisI}{}{Cputime}{Correct}{}{Avg}{40.25348355889285714285714286}%
\StoreBenchExecResult{IntegrationPredicateAnalysisI}{}{Cputime}{Correct}{}{Median}{40.759770140}%
\StoreBenchExecResult{IntegrationPredicateAnalysisI}{}{Cputime}{Correct}{}{Stdev}{10.02076151856207090945502287}%
\StoreBenchExecResult{IntegrationPredicateAnalysisI}{}{Cputime}{Correct}{}{Unit}{s}%
\StoreBenchExecResult{IntegrationPredicateAnalysisI}{}{Cputime}{Correct}{True}{Sum}{740.563710677}%
\StoreBenchExecResult{IntegrationPredicateAnalysisI}{}{Cputime}{Correct}{True}{Min}{27.487338585}%
\StoreBenchExecResult{IntegrationPredicateAnalysisI}{}{Cputime}{Correct}{True}{Max}{58.604363717}%
\StoreBenchExecResult{IntegrationPredicateAnalysisI}{}{Cputime}{Correct}{True}{Avg}{43.56257121629411764705882353}%
\StoreBenchExecResult{IntegrationPredicateAnalysisI}{}{Cputime}{Correct}{True}{Median}{43.390031517}%
\StoreBenchExecResult{IntegrationPredicateAnalysisI}{}{Cputime}{Correct}{True}{Stdev}{9.005508667347919352226883318}%
\StoreBenchExecResult{IntegrationPredicateAnalysisI}{}{Cputime}{Correct}{True}{Unit}{s}%
\StoreBenchExecResult{IntegrationPredicateAnalysisI}{}{Cputime}{Correct}{False}{Sum}{386.533828972}%
\StoreBenchExecResult{IntegrationPredicateAnalysisI}{}{Cputime}{Correct}{False}{Min}{19.313251409}%
\StoreBenchExecResult{IntegrationPredicateAnalysisI}{}{Cputime}{Correct}{False}{Max}{47.163033008}%
\StoreBenchExecResult{IntegrationPredicateAnalysisI}{}{Cputime}{Correct}{False}{Avg}{35.13943899745454545454545455}%
\StoreBenchExecResult{IntegrationPredicateAnalysisI}{}{Cputime}{Correct}{False}{Median}{34.499723108}%
\StoreBenchExecResult{IntegrationPredicateAnalysisI}{}{Cputime}{Correct}{False}{Stdev}{9.337672197746043376103773718}%
\StoreBenchExecResult{IntegrationPredicateAnalysisI}{}{Cputime}{Correct}{False}{Unit}{s}%
\StoreBenchExecResult{IntegrationPredicateAnalysisI}{}{Walltime}{All}{}{Sum}{877.2677946092}%
\StoreBenchExecResult{IntegrationPredicateAnalysisI}{}{Walltime}{All}{}{Min}{12.2289731503}%
\StoreBenchExecResult{IntegrationPredicateAnalysisI}{}{Walltime}{All}{}{Max}{43.8562059402}%
\StoreBenchExecResult{IntegrationPredicateAnalysisI}{}{Walltime}{All}{}{Avg}{28.29896111642580645161290323}%
\StoreBenchExecResult{IntegrationPredicateAnalysisI}{}{Walltime}{All}{}{Median}{27.6554381847}%
\StoreBenchExecResult{IntegrationPredicateAnalysisI}{}{Walltime}{All}{}{Stdev}{9.027375464315376646467497659}%
\StoreBenchExecResult{IntegrationPredicateAnalysisI}{}{Walltime}{All}{}{Unit}{s}%
\StoreBenchExecResult{IntegrationPredicateAnalysisI}{}{Walltime}{Correct}{}{Sum}{753.0348067284}%
\StoreBenchExecResult{IntegrationPredicateAnalysisI}{}{Walltime}{Correct}{}{Min}{12.2289731503}%
\StoreBenchExecResult{IntegrationPredicateAnalysisI}{}{Walltime}{Correct}{}{Max}{43.8562059402}%
\StoreBenchExecResult{IntegrationPredicateAnalysisI}{}{Walltime}{Correct}{}{Avg}{26.8941002403}%
\StoreBenchExecResult{IntegrationPredicateAnalysisI}{}{Walltime}{Correct}{}{Median}{27.06265449525}%
\StoreBenchExecResult{IntegrationPredicateAnalysisI}{}{Walltime}{Correct}{}{Stdev}{8.340349859674734818018853793}%
\StoreBenchExecResult{IntegrationPredicateAnalysisI}{}{Walltime}{Correct}{}{Unit}{s}%
\StoreBenchExecResult{IntegrationPredicateAnalysisI}{}{Walltime}{Correct}{True}{Sum}{507.1910803318}%
\StoreBenchExecResult{IntegrationPredicateAnalysisI}{}{Walltime}{Correct}{True}{Min}{16.173789978}%
\StoreBenchExecResult{IntegrationPredicateAnalysisI}{}{Walltime}{Correct}{True}{Max}{43.8562059402}%
\StoreBenchExecResult{IntegrationPredicateAnalysisI}{}{Walltime}{Correct}{True}{Avg}{29.83476943128235294117647059}%
\StoreBenchExecResult{IntegrationPredicateAnalysisI}{}{Walltime}{Correct}{True}{Median}{27.6554381847}%
\StoreBenchExecResult{IntegrationPredicateAnalysisI}{}{Walltime}{Correct}{True}{Stdev}{7.900627206665985510134985151}%
\StoreBenchExecResult{IntegrationPredicateAnalysisI}{}{Walltime}{Correct}{True}{Unit}{s}%
\StoreBenchExecResult{IntegrationPredicateAnalysisI}{}{Walltime}{Correct}{False}{Sum}{245.8437263966}%
\StoreBenchExecResult{IntegrationPredicateAnalysisI}{}{Walltime}{Correct}{False}{Min}{12.2289731503}%
\StoreBenchExecResult{IntegrationPredicateAnalysisI}{}{Walltime}{Correct}{False}{Max}{30.4609560966}%
\StoreBenchExecResult{IntegrationPredicateAnalysisI}{}{Walltime}{Correct}{False}{Avg}{22.34942967241818181818181818}%
\StoreBenchExecResult{IntegrationPredicateAnalysisI}{}{Walltime}{Correct}{False}{Median}{21.9529500008}%
\StoreBenchExecResult{IntegrationPredicateAnalysisI}{}{Walltime}{Correct}{False}{Stdev}{6.824949492133415021452883426}%
\StoreBenchExecResult{IntegrationPredicateAnalysisI}{}{Walltime}{Correct}{False}{Unit}{s}%
\StoreBenchExecResult{IntegrationPredicateAnalysisI}{}{Memory}{All}{}{Sum}{22414.778368}%
\StoreBenchExecResult{IntegrationPredicateAnalysisI}{}{Memory}{All}{}{Min}{648.540160}%
\StoreBenchExecResult{IntegrationPredicateAnalysisI}{}{Memory}{All}{}{Max}{993.419264}%
\StoreBenchExecResult{IntegrationPredicateAnalysisI}{}{Memory}{All}{}{Avg}{723.0573667096774193548387097}%
\StoreBenchExecResult{IntegrationPredicateAnalysisI}{}{Memory}{All}{}{Median}{692.494336}%
\StoreBenchExecResult{IntegrationPredicateAnalysisI}{}{Memory}{All}{}{Stdev}{76.82360309124929943331585555}%
\StoreBenchExecResult{IntegrationPredicateAnalysisI}{}{Memory}{All}{}{Unit}{MB}%
\StoreBenchExecResult{IntegrationPredicateAnalysisI}{}{Memory}{Correct}{}{Sum}{20439.621632}%
\StoreBenchExecResult{IntegrationPredicateAnalysisI}{}{Memory}{Correct}{}{Min}{648.540160}%
\StoreBenchExecResult{IntegrationPredicateAnalysisI}{}{Memory}{Correct}{}{Max}{993.419264}%
\StoreBenchExecResult{IntegrationPredicateAnalysisI}{}{Memory}{Correct}{}{Avg}{729.9864868571428571428571429}%
\StoreBenchExecResult{IntegrationPredicateAnalysisI}{}{Memory}{Correct}{}{Median}{697.470976}%
\StoreBenchExecResult{IntegrationPredicateAnalysisI}{}{Memory}{Correct}{}{Stdev}{77.69177915517587378249964840}%
\StoreBenchExecResult{IntegrationPredicateAnalysisI}{}{Memory}{Correct}{}{Unit}{MB}%
\StoreBenchExecResult{IntegrationPredicateAnalysisI}{}{Memory}{Correct}{True}{Sum}{12558.479360}%
\StoreBenchExecResult{IntegrationPredicateAnalysisI}{}{Memory}{Correct}{True}{Min}{679.198720}%
\StoreBenchExecResult{IntegrationPredicateAnalysisI}{}{Memory}{Correct}{True}{Max}{993.419264}%
\StoreBenchExecResult{IntegrationPredicateAnalysisI}{}{Memory}{Correct}{True}{Avg}{738.734080}%
\StoreBenchExecResult{IntegrationPredicateAnalysisI}{}{Memory}{Correct}{True}{Median}{705.830912}%
\StoreBenchExecResult{IntegrationPredicateAnalysisI}{}{Memory}{Correct}{True}{Stdev}{86.71963303594300503135666102}%
\StoreBenchExecResult{IntegrationPredicateAnalysisI}{}{Memory}{Correct}{True}{Unit}{MB}%
\StoreBenchExecResult{IntegrationPredicateAnalysisI}{}{Memory}{Correct}{False}{Sum}{7881.142272}%
\StoreBenchExecResult{IntegrationPredicateAnalysisI}{}{Memory}{Correct}{False}{Min}{648.540160}%
\StoreBenchExecResult{IntegrationPredicateAnalysisI}{}{Memory}{Correct}{False}{Max}{846.036992}%
\StoreBenchExecResult{IntegrationPredicateAnalysisI}{}{Memory}{Correct}{False}{Avg}{716.4674792727272727272727273}%
\StoreBenchExecResult{IntegrationPredicateAnalysisI}{}{Memory}{Correct}{False}{Median}{692.494336}%
\StoreBenchExecResult{IntegrationPredicateAnalysisI}{}{Memory}{Correct}{False}{Stdev}{58.66088579979010959309269974}%
\StoreBenchExecResult{IntegrationPredicateAnalysisI}{}{Memory}{Correct}{False}{Unit}{MB}%
\StoreBenchExecResult{IntegrationPredicateAnalysisI}{}{EnergyCore}{All}{}{Sum}{-2596607}%
\StoreBenchExecResult{IntegrationPredicateAnalysisI}{}{EnergyCore}{All}{}{Min}{-2596607}%
\StoreBenchExecResult{IntegrationPredicateAnalysisI}{}{EnergyCore}{All}{}{Max}{-2596607}%
\StoreBenchExecResult{IntegrationPredicateAnalysisI}{}{EnergyCore}{All}{}{Avg}{-2596607}%
\StoreBenchExecResult{IntegrationPredicateAnalysisI}{}{EnergyCore}{All}{}{Median}{-2596607}%
\StoreBenchExecResult{IntegrationPredicateAnalysisI}{}{EnergyCore}{All}{}{Stdev}{0.00000000000000}%
\StoreBenchExecResult{IntegrationPredicateAnalysisI}{}{EnergyCore}{Correct}{}{Sum}{-2596607}%
\StoreBenchExecResult{IntegrationPredicateAnalysisI}{}{EnergyCore}{Correct}{}{Min}{-2596607}%
\StoreBenchExecResult{IntegrationPredicateAnalysisI}{}{EnergyCore}{Correct}{}{Max}{-2596607}%
\StoreBenchExecResult{IntegrationPredicateAnalysisI}{}{EnergyCore}{Correct}{}{Avg}{-2596607}%
\StoreBenchExecResult{IntegrationPredicateAnalysisI}{}{EnergyCore}{Correct}{}{Median}{-2596607}%
\StoreBenchExecResult{IntegrationPredicateAnalysisI}{}{EnergyCore}{Correct}{}{Stdev}{0.00000000000000}%
\StoreBenchExecResult{IntegrationPredicateAnalysisI}{}{EnergyCore}{Correct}{False}{Sum}{-2596607}%
\StoreBenchExecResult{IntegrationPredicateAnalysisI}{}{EnergyCore}{Correct}{False}{Min}{-2596607}%
\StoreBenchExecResult{IntegrationPredicateAnalysisI}{}{EnergyCore}{Correct}{False}{Max}{-2596607}%
\StoreBenchExecResult{IntegrationPredicateAnalysisI}{}{EnergyCore}{Correct}{False}{Avg}{-2596607}%
\StoreBenchExecResult{IntegrationPredicateAnalysisI}{}{EnergyCore}{Correct}{False}{Median}{-2596607}%
\StoreBenchExecResult{IntegrationPredicateAnalysisI}{}{EnergyCore}{Correct}{False}{Stdev}{0.00000000000000}%
\StoreBenchExecResult{IntegrationPredicateAnalysisI}{}{EnergyCpu}{All}{}{Sum}{229057316}%
\StoreBenchExecResult{IntegrationPredicateAnalysisI}{}{EnergyCpu}{All}{}{Min}{229057316}%
\StoreBenchExecResult{IntegrationPredicateAnalysisI}{}{EnergyCpu}{All}{}{Max}{229057316}%
\StoreBenchExecResult{IntegrationPredicateAnalysisI}{}{EnergyCpu}{All}{}{Avg}{229057316}%
\StoreBenchExecResult{IntegrationPredicateAnalysisI}{}{EnergyCpu}{All}{}{Median}{229057316}%
\StoreBenchExecResult{IntegrationPredicateAnalysisI}{}{EnergyCpu}{All}{}{Stdev}{0.00000000000000}%
\StoreBenchExecResult{IntegrationPredicateAnalysisI}{}{EnergyCpu}{Correct}{}{Sum}{229057316}%
\StoreBenchExecResult{IntegrationPredicateAnalysisI}{}{EnergyCpu}{Correct}{}{Min}{229057316}%
\StoreBenchExecResult{IntegrationPredicateAnalysisI}{}{EnergyCpu}{Correct}{}{Max}{229057316}%
\StoreBenchExecResult{IntegrationPredicateAnalysisI}{}{EnergyCpu}{Correct}{}{Avg}{229057316}%
\StoreBenchExecResult{IntegrationPredicateAnalysisI}{}{EnergyCpu}{Correct}{}{Median}{229057316}%
\StoreBenchExecResult{IntegrationPredicateAnalysisI}{}{EnergyCpu}{Correct}{}{Stdev}{0.00000000000000}%
\StoreBenchExecResult{IntegrationPredicateAnalysisI}{}{EnergyCpu}{Correct}{False}{Sum}{229057316}%
\StoreBenchExecResult{IntegrationPredicateAnalysisI}{}{EnergyCpu}{Correct}{False}{Min}{229057316}%
\StoreBenchExecResult{IntegrationPredicateAnalysisI}{}{EnergyCpu}{Correct}{False}{Max}{229057316}%
\StoreBenchExecResult{IntegrationPredicateAnalysisI}{}{EnergyCpu}{Correct}{False}{Avg}{229057316}%
\StoreBenchExecResult{IntegrationPredicateAnalysisI}{}{EnergyCpu}{Correct}{False}{Median}{229057316}%
\StoreBenchExecResult{IntegrationPredicateAnalysisI}{}{EnergyCpu}{Correct}{False}{Stdev}{0.00000000000000}%
\StoreBenchExecResult{IntegrationPredicateAnalysisI}{}{EnergyExternal}{All}{}{Sum}{0}%
\StoreBenchExecResult{IntegrationPredicateAnalysisI}{}{EnergyExternal}{All}{}{Min}{0}%
\StoreBenchExecResult{IntegrationPredicateAnalysisI}{}{EnergyExternal}{All}{}{Max}{0}%
\StoreBenchExecResult{IntegrationPredicateAnalysisI}{}{EnergyExternal}{All}{}{Avg}{0}%
\StoreBenchExecResult{IntegrationPredicateAnalysisI}{}{EnergyExternal}{All}{}{Median}{0}%
\StoreBenchExecResult{IntegrationPredicateAnalysisI}{}{EnergyExternal}{All}{}{Stdev}{0.00000000000000}%
\StoreBenchExecResult{IntegrationPredicateAnalysisI}{}{EnergyExternal}{Correct}{}{Sum}{0}%
\StoreBenchExecResult{IntegrationPredicateAnalysisI}{}{EnergyExternal}{Correct}{}{Min}{0}%
\StoreBenchExecResult{IntegrationPredicateAnalysisI}{}{EnergyExternal}{Correct}{}{Max}{0}%
\StoreBenchExecResult{IntegrationPredicateAnalysisI}{}{EnergyExternal}{Correct}{}{Avg}{0}%
\StoreBenchExecResult{IntegrationPredicateAnalysisI}{}{EnergyExternal}{Correct}{}{Median}{0}%
\StoreBenchExecResult{IntegrationPredicateAnalysisI}{}{EnergyExternal}{Correct}{}{Stdev}{0.00000000000000}%
\StoreBenchExecResult{IntegrationPredicateAnalysisI}{}{EnergyExternal}{Correct}{False}{Sum}{0}%
\StoreBenchExecResult{IntegrationPredicateAnalysisI}{}{EnergyExternal}{Correct}{False}{Min}{0}%
\StoreBenchExecResult{IntegrationPredicateAnalysisI}{}{EnergyExternal}{Correct}{False}{Max}{0}%
\StoreBenchExecResult{IntegrationPredicateAnalysisI}{}{EnergyExternal}{Correct}{False}{Avg}{0}%
\StoreBenchExecResult{IntegrationPredicateAnalysisI}{}{EnergyExternal}{Correct}{False}{Median}{0}%
\StoreBenchExecResult{IntegrationPredicateAnalysisI}{}{EnergyExternal}{Correct}{False}{Stdev}{0.00000000000000}%
\StoreBenchExecResult{IntegrationPredicateAnalysisI}{}{EnergyUncore}{All}{}{Sum}{4172}%
\StoreBenchExecResult{IntegrationPredicateAnalysisI}{}{EnergyUncore}{All}{}{Min}{4172}%
\StoreBenchExecResult{IntegrationPredicateAnalysisI}{}{EnergyUncore}{All}{}{Max}{4172}%
\StoreBenchExecResult{IntegrationPredicateAnalysisI}{}{EnergyUncore}{All}{}{Avg}{4172}%
\StoreBenchExecResult{IntegrationPredicateAnalysisI}{}{EnergyUncore}{All}{}{Median}{4172}%
\StoreBenchExecResult{IntegrationPredicateAnalysisI}{}{EnergyUncore}{All}{}{Stdev}{0.00000000000000}%
\StoreBenchExecResult{IntegrationPredicateAnalysisI}{}{EnergyUncore}{Correct}{}{Sum}{4172}%
\StoreBenchExecResult{IntegrationPredicateAnalysisI}{}{EnergyUncore}{Correct}{}{Min}{4172}%
\StoreBenchExecResult{IntegrationPredicateAnalysisI}{}{EnergyUncore}{Correct}{}{Max}{4172}%
\StoreBenchExecResult{IntegrationPredicateAnalysisI}{}{EnergyUncore}{Correct}{}{Avg}{4172}%
\StoreBenchExecResult{IntegrationPredicateAnalysisI}{}{EnergyUncore}{Correct}{}{Median}{4172}%
\StoreBenchExecResult{IntegrationPredicateAnalysisI}{}{EnergyUncore}{Correct}{}{Stdev}{0.00000000000000}%
\StoreBenchExecResult{IntegrationPredicateAnalysisI}{}{EnergyUncore}{Correct}{False}{Sum}{4172}%
\StoreBenchExecResult{IntegrationPredicateAnalysisI}{}{EnergyUncore}{Correct}{False}{Min}{4172}%
\StoreBenchExecResult{IntegrationPredicateAnalysisI}{}{EnergyUncore}{Correct}{False}{Max}{4172}%
\StoreBenchExecResult{IntegrationPredicateAnalysisI}{}{EnergyUncore}{Correct}{False}{Avg}{4172}%
\StoreBenchExecResult{IntegrationPredicateAnalysisI}{}{EnergyUncore}{Correct}{False}{Median}{4172}%
\StoreBenchExecResult{IntegrationPredicateAnalysisI}{}{EnergyUncore}{Correct}{False}{Stdev}{0.00000000000000}%
\StoreBenchExecResult{IntegrationPredicateAnalysisII}{}{Status}{All}{}{Score}{0}%
\StoreBenchExecResult{IntegrationPredicateAnalysisII}{}{Status}{All}{}{Count}{33}%
\StoreBenchExecResult{IntegrationPredicateAnalysisII}{}{Status}{Correct}{}{Count}{5}%
\StoreBenchExecResult{IntegrationPredicateAnalysisII}{}{Status}{Correct}{True}{Count}{2}%
\StoreBenchExecResult{IntegrationPredicateAnalysisII}{}{Status}{Correct}{False}{Count}{3}%
\StoreBenchExecResult{IntegrationPredicateAnalysisII}{}{Status}{Wrong}{}{Count}{0}%
\StoreBenchExecResult{IntegrationPredicateAnalysisII}{}{Status}{Wrong}{True}{Count}{0}%
\StoreBenchExecResult{IntegrationPredicateAnalysisII}{}{Status}{Wrong}{False}{Count}{0}%
\StoreBenchExecResult{IntegrationPredicateAnalysisII}{}{Cputime}{All}{}{Sum}{2008.296140636}%
\StoreBenchExecResult{IntegrationPredicateAnalysisII}{}{Cputime}{All}{}{Min}{42.569608235}%
\StoreBenchExecResult{IntegrationPredicateAnalysisII}{}{Cputime}{All}{}{Max}{65.803996381}%
\StoreBenchExecResult{IntegrationPredicateAnalysisII}{}{Cputime}{All}{}{Avg}{60.85745880715151515151515152}%
\StoreBenchExecResult{IntegrationPredicateAnalysisII}{}{Cputime}{All}{}{Median}{62.123385048}%
\StoreBenchExecResult{IntegrationPredicateAnalysisII}{}{Cputime}{All}{}{Stdev}{4.386463062298172072444688408}%
\StoreBenchExecResult{IntegrationPredicateAnalysisII}{}{Cputime}{All}{}{Unit}{s}%
\StoreBenchExecResult{IntegrationPredicateAnalysisII}{}{Cputime}{Correct}{}{Sum}{260.767345864}%
\StoreBenchExecResult{IntegrationPredicateAnalysisII}{}{Cputime}{Correct}{}{Min}{42.569608235}%
\StoreBenchExecResult{IntegrationPredicateAnalysisII}{}{Cputime}{Correct}{}{Max}{59.565916405}%
\StoreBenchExecResult{IntegrationPredicateAnalysisII}{}{Cputime}{Correct}{}{Avg}{52.1534691728}%
\StoreBenchExecResult{IntegrationPredicateAnalysisII}{}{Cputime}{Correct}{}{Median}{54.224355003}%
\StoreBenchExecResult{IntegrationPredicateAnalysisII}{}{Cputime}{Correct}{}{Stdev}{5.829874007954869035392536668}%
\StoreBenchExecResult{IntegrationPredicateAnalysisII}{}{Cputime}{Correct}{}{Unit}{s}%
\StoreBenchExecResult{IntegrationPredicateAnalysisII}{}{Cputime}{Correct}{True}{Sum}{102.135524640}%
\StoreBenchExecResult{IntegrationPredicateAnalysisII}{}{Cputime}{Correct}{True}{Min}{42.569608235}%
\StoreBenchExecResult{IntegrationPredicateAnalysisII}{}{Cputime}{Correct}{True}{Max}{59.565916405}%
\StoreBenchExecResult{IntegrationPredicateAnalysisII}{}{Cputime}{Correct}{True}{Avg}{51.067762320}%
\StoreBenchExecResult{IntegrationPredicateAnalysisII}{}{Cputime}{Correct}{True}{Median}{51.067762320}%
\StoreBenchExecResult{IntegrationPredicateAnalysisII}{}{Cputime}{Correct}{True}{Stdev}{8.4981540850000}%
\StoreBenchExecResult{IntegrationPredicateAnalysisII}{}{Cputime}{Correct}{True}{Unit}{s}%
\StoreBenchExecResult{IntegrationPredicateAnalysisII}{}{Cputime}{Correct}{False}{Sum}{158.631821224}%
\StoreBenchExecResult{IntegrationPredicateAnalysisII}{}{Cputime}{Correct}{False}{Min}{49.133817049}%
\StoreBenchExecResult{IntegrationPredicateAnalysisII}{}{Cputime}{Correct}{False}{Max}{55.273649172}%
\StoreBenchExecResult{IntegrationPredicateAnalysisII}{}{Cputime}{Correct}{False}{Avg}{52.87727374133333333333333333}%
\StoreBenchExecResult{IntegrationPredicateAnalysisII}{}{Cputime}{Correct}{False}{Median}{54.224355003}%
\StoreBenchExecResult{IntegrationPredicateAnalysisII}{}{Cputime}{Correct}{False}{Stdev}{2.681461736790310872119097360}%
\StoreBenchExecResult{IntegrationPredicateAnalysisII}{}{Cputime}{Correct}{False}{Unit}{s}%
\StoreBenchExecResult{IntegrationPredicateAnalysisII}{}{Walltime}{All}{}{Sum}{2024.5202693938}%
\StoreBenchExecResult{IntegrationPredicateAnalysisII}{}{Walltime}{All}{}{Min}{42.5478601456}%
\StoreBenchExecResult{IntegrationPredicateAnalysisII}{}{Walltime}{All}{}{Max}{65.7589430809}%
\StoreBenchExecResult{IntegrationPredicateAnalysisII}{}{Walltime}{All}{}{Avg}{61.34909907253939393939393939}%
\StoreBenchExecResult{IntegrationPredicateAnalysisII}{}{Walltime}{All}{}{Median}{62.3558721542}%
\StoreBenchExecResult{IntegrationPredicateAnalysisII}{}{Walltime}{All}{}{Stdev}{4.533588077034272654493682038}%
\StoreBenchExecResult{IntegrationPredicateAnalysisII}{}{Walltime}{All}{}{Unit}{s}%
\StoreBenchExecResult{IntegrationPredicateAnalysisII}{}{Walltime}{Correct}{}{Sum}{262.2318322658}%
\StoreBenchExecResult{IntegrationPredicateAnalysisII}{}{Walltime}{Correct}{}{Min}{42.5478601456}%
\StoreBenchExecResult{IntegrationPredicateAnalysisII}{}{Walltime}{Correct}{}{Max}{59.5543670654}%
\StoreBenchExecResult{IntegrationPredicateAnalysisII}{}{Walltime}{Correct}{}{Avg}{52.44636645316}%
\StoreBenchExecResult{IntegrationPredicateAnalysisII}{}{Walltime}{Correct}{}{Median}{54.1917741299}%
\StoreBenchExecResult{IntegrationPredicateAnalysisII}{}{Walltime}{Correct}{}{Stdev}{5.699102632343579751140403130}%
\StoreBenchExecResult{IntegrationPredicateAnalysisII}{}{Walltime}{Correct}{}{Unit}{s}%
\StoreBenchExecResult{IntegrationPredicateAnalysisII}{}{Walltime}{Correct}{True}{Sum}{102.1022272110}%
\StoreBenchExecResult{IntegrationPredicateAnalysisII}{}{Walltime}{Correct}{True}{Min}{42.5478601456}%
\StoreBenchExecResult{IntegrationPredicateAnalysisII}{}{Walltime}{Correct}{True}{Max}{59.5543670654}%
\StoreBenchExecResult{IntegrationPredicateAnalysisII}{}{Walltime}{Correct}{True}{Avg}{51.0511136055}%
\StoreBenchExecResult{IntegrationPredicateAnalysisII}{}{Walltime}{Correct}{True}{Median}{51.0511136055}%
\StoreBenchExecResult{IntegrationPredicateAnalysisII}{}{Walltime}{Correct}{True}{Stdev}{8.5032534599000}%
\StoreBenchExecResult{IntegrationPredicateAnalysisII}{}{Walltime}{Correct}{True}{Unit}{s}%
\StoreBenchExecResult{IntegrationPredicateAnalysisII}{}{Walltime}{Correct}{False}{Sum}{160.1296050548}%
\StoreBenchExecResult{IntegrationPredicateAnalysisII}{}{Walltime}{Correct}{False}{Min}{50.6993129253}%
\StoreBenchExecResult{IntegrationPredicateAnalysisII}{}{Walltime}{Correct}{False}{Max}{55.2385179996}%
\StoreBenchExecResult{IntegrationPredicateAnalysisII}{}{Walltime}{Correct}{False}{Avg}{53.37653501826666666666666667}%
\StoreBenchExecResult{IntegrationPredicateAnalysisII}{}{Walltime}{Correct}{False}{Median}{54.1917741299}%
\StoreBenchExecResult{IntegrationPredicateAnalysisII}{}{Walltime}{Correct}{False}{Stdev}{1.940714092542613041801538064}%
\StoreBenchExecResult{IntegrationPredicateAnalysisII}{}{Walltime}{Correct}{False}{Unit}{s}%
\StoreBenchExecResult{IntegrationPredicateAnalysisII}{}{Memory}{All}{}{Sum}{22601.535488}%
\StoreBenchExecResult{IntegrationPredicateAnalysisII}{}{Memory}{All}{}{Min}{636.485632}%
\StoreBenchExecResult{IntegrationPredicateAnalysisII}{}{Memory}{All}{}{Max}{836.141056}%
\StoreBenchExecResult{IntegrationPredicateAnalysisII}{}{Memory}{All}{}{Avg}{684.8950147878787878787878788}%
\StoreBenchExecResult{IntegrationPredicateAnalysisII}{}{Memory}{All}{}{Median}{671.936512}%
\StoreBenchExecResult{IntegrationPredicateAnalysisII}{}{Memory}{All}{}{Stdev}{46.51011313160540008682338880}%
\StoreBenchExecResult{IntegrationPredicateAnalysisII}{}{Memory}{All}{}{Unit}{MB}%
\StoreBenchExecResult{IntegrationPredicateAnalysisII}{}{Memory}{Correct}{}{Sum}{3328.245760}%
\StoreBenchExecResult{IntegrationPredicateAnalysisII}{}{Memory}{Correct}{}{Min}{645.898240}%
\StoreBenchExecResult{IntegrationPredicateAnalysisII}{}{Memory}{Correct}{}{Max}{682.426368}%
\StoreBenchExecResult{IntegrationPredicateAnalysisII}{}{Memory}{Correct}{}{Avg}{665.649152}%
\StoreBenchExecResult{IntegrationPredicateAnalysisII}{}{Memory}{Correct}{}{Median}{669.327360}%
\StoreBenchExecResult{IntegrationPredicateAnalysisII}{}{Memory}{Correct}{}{Stdev}{14.94067573898037585008723195}%
\StoreBenchExecResult{IntegrationPredicateAnalysisII}{}{Memory}{Correct}{}{Unit}{MB}%
\StoreBenchExecResult{IntegrationPredicateAnalysisII}{}{Memory}{Correct}{True}{Sum}{1315.225600}%
\StoreBenchExecResult{IntegrationPredicateAnalysisII}{}{Memory}{Correct}{True}{Min}{645.898240}%
\StoreBenchExecResult{IntegrationPredicateAnalysisII}{}{Memory}{Correct}{True}{Max}{669.327360}%
\StoreBenchExecResult{IntegrationPredicateAnalysisII}{}{Memory}{Correct}{True}{Avg}{657.612800}%
\StoreBenchExecResult{IntegrationPredicateAnalysisII}{}{Memory}{Correct}{True}{Median}{657.612800}%
\StoreBenchExecResult{IntegrationPredicateAnalysisII}{}{Memory}{Correct}{True}{Stdev}{11.7145600000000}%
\StoreBenchExecResult{IntegrationPredicateAnalysisII}{}{Memory}{Correct}{True}{Unit}{MB}%
\StoreBenchExecResult{IntegrationPredicateAnalysisII}{}{Memory}{Correct}{False}{Sum}{2013.020160}%
\StoreBenchExecResult{IntegrationPredicateAnalysisII}{}{Memory}{Correct}{False}{Min}{650.620928}%
\StoreBenchExecResult{IntegrationPredicateAnalysisII}{}{Memory}{Correct}{False}{Max}{682.426368}%
\StoreBenchExecResult{IntegrationPredicateAnalysisII}{}{Memory}{Correct}{False}{Avg}{671.006720}%
\StoreBenchExecResult{IntegrationPredicateAnalysisII}{}{Memory}{Correct}{False}{Median}{679.972864}%
\StoreBenchExecResult{IntegrationPredicateAnalysisII}{}{Memory}{Correct}{False}{Stdev}{14.44968989447990425857496117}%
\StoreBenchExecResult{IntegrationPredicateAnalysisII}{}{Memory}{Correct}{False}{Unit}{MB}%
\StoreBenchExecResult{IntegrationPredicateAnalysisIII}{}{Status}{All}{}{Score}{0}%
\StoreBenchExecResult{IntegrationPredicateAnalysisIII}{}{Status}{All}{}{Count}{33}%
\StoreBenchExecResult{IntegrationPredicateAnalysisIII}{}{Status}{Correct}{}{Count}{11}%
\StoreBenchExecResult{IntegrationPredicateAnalysisIII}{}{Status}{Correct}{True}{Count}{5}%
\StoreBenchExecResult{IntegrationPredicateAnalysisIII}{}{Status}{Correct}{False}{Count}{6}%
\StoreBenchExecResult{IntegrationPredicateAnalysisIII}{}{Status}{Wrong}{}{Count}{0}%
\StoreBenchExecResult{IntegrationPredicateAnalysisIII}{}{Status}{Wrong}{True}{Count}{0}%
\StoreBenchExecResult{IntegrationPredicateAnalysisIII}{}{Status}{Wrong}{False}{Count}{0}%
\StoreBenchExecResult{IntegrationPredicateAnalysisIII}{}{Cputime}{All}{}{Sum}{1834.896824232}%
\StoreBenchExecResult{IntegrationPredicateAnalysisIII}{}{Cputime}{All}{}{Min}{27.999090066}%
\StoreBenchExecResult{IntegrationPredicateAnalysisIII}{}{Cputime}{All}{}{Max}{63.302795849}%
\StoreBenchExecResult{IntegrationPredicateAnalysisIII}{}{Cputime}{All}{}{Avg}{55.60293406763636363636363636}%
\StoreBenchExecResult{IntegrationPredicateAnalysisIII}{}{Cputime}{All}{}{Median}{61.536075609}%
\StoreBenchExecResult{IntegrationPredicateAnalysisIII}{}{Cputime}{All}{}{Stdev}{10.00302764430555759859844234}%
\StoreBenchExecResult{IntegrationPredicateAnalysisIII}{}{Cputime}{All}{}{Unit}{s}%
\StoreBenchExecResult{IntegrationPredicateAnalysisIII}{}{Cputime}{Correct}{}{Sum}{473.027995100}%
\StoreBenchExecResult{IntegrationPredicateAnalysisIII}{}{Cputime}{Correct}{}{Min}{27.999090066}%
\StoreBenchExecResult{IntegrationPredicateAnalysisIII}{}{Cputime}{Correct}{}{Max}{59.355673518}%
\StoreBenchExecResult{IntegrationPredicateAnalysisIII}{}{Cputime}{Correct}{}{Avg}{43.00254500909090909090909091}%
\StoreBenchExecResult{IntegrationPredicateAnalysisIII}{}{Cputime}{Correct}{}{Median}{42.886970599}%
\StoreBenchExecResult{IntegrationPredicateAnalysisIII}{}{Cputime}{Correct}{}{Stdev}{7.833787592183197120327978739}%
\StoreBenchExecResult{IntegrationPredicateAnalysisIII}{}{Cputime}{Correct}{}{Unit}{s}%
\StoreBenchExecResult{IntegrationPredicateAnalysisIII}{}{Cputime}{Correct}{True}{Sum}{240.886097463}%
\StoreBenchExecResult{IntegrationPredicateAnalysisIII}{}{Cputime}{Correct}{True}{Min}{38.581019696}%
\StoreBenchExecResult{IntegrationPredicateAnalysisIII}{}{Cputime}{Correct}{True}{Max}{59.355673518}%
\StoreBenchExecResult{IntegrationPredicateAnalysisIII}{}{Cputime}{Correct}{True}{Avg}{48.1772194926}%
\StoreBenchExecResult{IntegrationPredicateAnalysisIII}{}{Cputime}{Correct}{True}{Median}{47.877196824}%
\StoreBenchExecResult{IntegrationPredicateAnalysisIII}{}{Cputime}{Correct}{True}{Stdev}{6.710167968170641420746241557}%
\StoreBenchExecResult{IntegrationPredicateAnalysisIII}{}{Cputime}{Correct}{True}{Unit}{s}%
\StoreBenchExecResult{IntegrationPredicateAnalysisIII}{}{Cputime}{Correct}{False}{Sum}{232.141897637}%
\StoreBenchExecResult{IntegrationPredicateAnalysisIII}{}{Cputime}{Correct}{False}{Min}{27.999090066}%
\StoreBenchExecResult{IntegrationPredicateAnalysisIII}{}{Cputime}{Correct}{False}{Max}{46.78354864}%
\StoreBenchExecResult{IntegrationPredicateAnalysisIII}{}{Cputime}{Correct}{False}{Avg}{38.69031627283333333333333333}%
\StoreBenchExecResult{IntegrationPredicateAnalysisIII}{}{Cputime}{Correct}{False}{Median}{39.0836650125}%
\StoreBenchExecResult{IntegrationPredicateAnalysisIII}{}{Cputime}{Correct}{False}{Stdev}{5.837530264508655151320584700}%
\StoreBenchExecResult{IntegrationPredicateAnalysisIII}{}{Cputime}{Correct}{False}{Unit}{s}%
\StoreBenchExecResult{IntegrationPredicateAnalysisIII}{}{Walltime}{All}{}{Sum}{1370.6913259029}%
\StoreBenchExecResult{IntegrationPredicateAnalysisIII}{}{Walltime}{All}{}{Min}{17.5797650814}%
\StoreBenchExecResult{IntegrationPredicateAnalysisIII}{}{Walltime}{All}{}{Max}{61.7617359161}%
\StoreBenchExecResult{IntegrationPredicateAnalysisIII}{}{Walltime}{All}{}{Avg}{41.53610078493636363636363636}%
\StoreBenchExecResult{IntegrationPredicateAnalysisIII}{}{Walltime}{All}{}{Median}{42.1178600788}%
\StoreBenchExecResult{IntegrationPredicateAnalysisIII}{}{Walltime}{All}{}{Stdev}{11.66524369515012707340207111}%
\StoreBenchExecResult{IntegrationPredicateAnalysisIII}{}{Walltime}{All}{}{Unit}{s}%
\StoreBenchExecResult{IntegrationPredicateAnalysisIII}{}{Walltime}{Correct}{}{Sum}{323.8972687722}%
\StoreBenchExecResult{IntegrationPredicateAnalysisIII}{}{Walltime}{Correct}{}{Min}{17.5797650814}%
\StoreBenchExecResult{IntegrationPredicateAnalysisIII}{}{Walltime}{Correct}{}{Max}{45.6343801022}%
\StoreBenchExecResult{IntegrationPredicateAnalysisIII}{}{Walltime}{Correct}{}{Avg}{29.44520625201818181818181818}%
\StoreBenchExecResult{IntegrationPredicateAnalysisIII}{}{Walltime}{Correct}{}{Median}{29.0270659924}%
\StoreBenchExecResult{IntegrationPredicateAnalysisIII}{}{Walltime}{Correct}{}{Stdev}{8.536776166104621517294213456}%
\StoreBenchExecResult{IntegrationPredicateAnalysisIII}{}{Walltime}{Correct}{}{Unit}{s}%
\StoreBenchExecResult{IntegrationPredicateAnalysisIII}{}{Walltime}{Correct}{True}{Sum}{172.3850047588}%
\StoreBenchExecResult{IntegrationPredicateAnalysisIII}{}{Walltime}{Correct}{True}{Min}{21.4834039211}%
\StoreBenchExecResult{IntegrationPredicateAnalysisIII}{}{Walltime}{Correct}{True}{Max}{45.6343801022}%
\StoreBenchExecResult{IntegrationPredicateAnalysisIII}{}{Walltime}{Correct}{True}{Avg}{34.47700095176}%
\StoreBenchExecResult{IntegrationPredicateAnalysisIII}{}{Walltime}{Correct}{True}{Median}{32.6236400604}%
\StoreBenchExecResult{IntegrationPredicateAnalysisIII}{}{Walltime}{Correct}{True}{Stdev}{9.260809117583057179528217476}%
\StoreBenchExecResult{IntegrationPredicateAnalysisIII}{}{Walltime}{Correct}{True}{Unit}{s}%
\StoreBenchExecResult{IntegrationPredicateAnalysisIII}{}{Walltime}{Correct}{False}{Sum}{151.5122640134}%
\StoreBenchExecResult{IntegrationPredicateAnalysisIII}{}{Walltime}{Correct}{False}{Min}{17.5797650814}%
\StoreBenchExecResult{IntegrationPredicateAnalysisIII}{}{Walltime}{Correct}{False}{Max}{30.2234120369}%
\StoreBenchExecResult{IntegrationPredicateAnalysisIII}{}{Walltime}{Correct}{False}{Avg}{25.25204400223333333333333333}%
\StoreBenchExecResult{IntegrationPredicateAnalysisIII}{}{Walltime}{Correct}{False}{Median}{26.23839044575}%
\StoreBenchExecResult{IntegrationPredicateAnalysisIII}{}{Walltime}{Correct}{False}{Stdev}{4.843184995958583232041088603}%
\StoreBenchExecResult{IntegrationPredicateAnalysisIII}{}{Walltime}{Correct}{False}{Unit}{s}%
\StoreBenchExecResult{IntegrationPredicateAnalysisIII}{}{Memory}{All}{}{Sum}{23238.332416}%
\StoreBenchExecResult{IntegrationPredicateAnalysisIII}{}{Memory}{All}{}{Min}{650.956800}%
\StoreBenchExecResult{IntegrationPredicateAnalysisIII}{}{Memory}{All}{}{Max}{842.797056}%
\StoreBenchExecResult{IntegrationPredicateAnalysisIII}{}{Memory}{All}{}{Avg}{704.1918913939393939393939394}%
\StoreBenchExecResult{IntegrationPredicateAnalysisIII}{}{Memory}{All}{}{Median}{693.088256}%
\StoreBenchExecResult{IntegrationPredicateAnalysisIII}{}{Memory}{All}{}{Stdev}{43.06563133033563292978727794}%
\StoreBenchExecResult{IntegrationPredicateAnalysisIII}{}{Memory}{All}{}{Unit}{MB}%
\StoreBenchExecResult{IntegrationPredicateAnalysisIII}{}{Memory}{Correct}{}{Sum}{7708.016640}%
\StoreBenchExecResult{IntegrationPredicateAnalysisIII}{}{Memory}{Correct}{}{Min}{650.956800}%
\StoreBenchExecResult{IntegrationPredicateAnalysisIII}{}{Memory}{Correct}{}{Max}{842.797056}%
\StoreBenchExecResult{IntegrationPredicateAnalysisIII}{}{Memory}{Correct}{}{Avg}{700.7287854545454545454545455}%
\StoreBenchExecResult{IntegrationPredicateAnalysisIII}{}{Memory}{Correct}{}{Median}{689.537024}%
\StoreBenchExecResult{IntegrationPredicateAnalysisIII}{}{Memory}{Correct}{}{Stdev}{48.04680888986826045357495841}%
\StoreBenchExecResult{IntegrationPredicateAnalysisIII}{}{Memory}{Correct}{}{Unit}{MB}%
\StoreBenchExecResult{IntegrationPredicateAnalysisIII}{}{Memory}{Correct}{True}{Sum}{3486.097408}%
\StoreBenchExecResult{IntegrationPredicateAnalysisIII}{}{Memory}{Correct}{True}{Min}{672.198656}%
\StoreBenchExecResult{IntegrationPredicateAnalysisIII}{}{Memory}{Correct}{True}{Max}{716.263424}%
\StoreBenchExecResult{IntegrationPredicateAnalysisIII}{}{Memory}{Correct}{True}{Avg}{697.2194816}%
\StoreBenchExecResult{IntegrationPredicateAnalysisIII}{}{Memory}{Correct}{True}{Median}{697.462784}%
\StoreBenchExecResult{IntegrationPredicateAnalysisIII}{}{Memory}{Correct}{True}{Stdev}{14.98740484621437855152318349}%
\StoreBenchExecResult{IntegrationPredicateAnalysisIII}{}{Memory}{Correct}{True}{Unit}{MB}%
\StoreBenchExecResult{IntegrationPredicateAnalysisIII}{}{Memory}{Correct}{False}{Sum}{4221.919232}%
\StoreBenchExecResult{IntegrationPredicateAnalysisIII}{}{Memory}{Correct}{False}{Min}{650.956800}%
\StoreBenchExecResult{IntegrationPredicateAnalysisIII}{}{Memory}{Correct}{False}{Max}{842.797056}%
\StoreBenchExecResult{IntegrationPredicateAnalysisIII}{}{Memory}{Correct}{False}{Avg}{703.6532053333333333333333333}%
\StoreBenchExecResult{IntegrationPredicateAnalysisIII}{}{Memory}{Correct}{False}{Median}{682.780672}%
\StoreBenchExecResult{IntegrationPredicateAnalysisIII}{}{Memory}{Correct}{False}{Stdev}{63.45267700143518942644580980}%
\StoreBenchExecResult{IntegrationPredicateAnalysisIII}{}{Memory}{Correct}{False}{Unit}{MB}%