% Statistics produced by BenchExec, more information at
% https://github.com/sosy-lab/benchexec/blob/main/doc/table-generator.md
% By default, this file defines a LaTeX command for each statistics value
% where the command name consists of the following concatenated parts:
% benchmark name, runset name, column title, category, status, statistic.
% (If necessary, this can be overridden with
% \newcommand\StoreBenchExecResult[7]{...} before including this file.)
% Numbers are replaced by roman numerals, all parts of the name are in camel case,
% and if necessary for uniqueness a counter is appended to the non-unique name part.
% The last part of the name is either "Count", "Sum", "Min", "Max", "Avg", "Median",
% "Stdev", "Score", or "Unit", with the latter providing the unit for the others.
% Rounding of values can be specified in the BenchExec table definition or done with
% \usepackage[round-mode=figures, round-precision=...]{siunitx} and the \num command.
% Arguments: benchmark name, runset name, column title, category, status, statistic, value
\providecommand\StoreBenchExecResult[7]{\expandafter\newcommand\csname#1#2#3#4#5#6\endcsname{#7}}%
\StoreBenchExecResult{Cbmc}{}{Status}{All}{}{Score}{0}%
\StoreBenchExecResult{Cbmc}{}{Status}{All}{}{Count}{46}%
\StoreBenchExecResult{Cbmc}{}{Status}{Correct}{}{Count}{22}%
\StoreBenchExecResult{Cbmc}{}{Status}{Correct}{True}{Count}{0}%
\StoreBenchExecResult{Cbmc}{}{Status}{Correct}{False}{Count}{22}%
\StoreBenchExecResult{Cbmc}{}{Status}{Wrong}{}{Count}{0}%
\StoreBenchExecResult{Cbmc}{}{Status}{Wrong}{True}{Count}{0}%
\StoreBenchExecResult{Cbmc}{}{Status}{Wrong}{False}{Count}{0}%
\StoreBenchExecResult{Cbmc}{}{Cputime}{All}{}{Sum}{1590.061633703}%
\StoreBenchExecResult{Cbmc}{}{Cputime}{All}{}{Min}{1.240757859}%
\StoreBenchExecResult{Cbmc}{}{Cputime}{All}{}{Max}{61.056848841}%
\StoreBenchExecResult{Cbmc}{}{Cputime}{All}{}{Avg}{34.56655725441304347826086957}%
\StoreBenchExecResult{Cbmc}{}{Cputime}{All}{}{Median}{60.022615305}%
\StoreBenchExecResult{Cbmc}{}{Cputime}{All}{}{Stdev}{26.86363531103137500771121045}%
\StoreBenchExecResult{Cbmc}{}{Cputime}{All}{}{Unit}{s}%
\StoreBenchExecResult{Cbmc}{}{Cputime}{Correct}{}{Sum}{146.780061201}%
\StoreBenchExecResult{Cbmc}{}{Cputime}{Correct}{}{Min}{1.240757859}%
\StoreBenchExecResult{Cbmc}{}{Cputime}{Correct}{}{Max}{15.453202004}%
\StoreBenchExecResult{Cbmc}{}{Cputime}{Correct}{}{Avg}{6.671820963681818181818181818}%
\StoreBenchExecResult{Cbmc}{}{Cputime}{Correct}{}{Median}{5.046370950}%
\StoreBenchExecResult{Cbmc}{}{Cputime}{Correct}{}{Stdev}{4.178728196899706011243676667}%
\StoreBenchExecResult{Cbmc}{}{Cputime}{Correct}{}{Unit}{s}%
\StoreBenchExecResult{Cbmc}{}{Cputime}{Correct}{False}{Sum}{146.780061201}%
\StoreBenchExecResult{Cbmc}{}{Cputime}{Correct}{False}{Min}{1.240757859}%
\StoreBenchExecResult{Cbmc}{}{Cputime}{Correct}{False}{Max}{15.453202004}%
\StoreBenchExecResult{Cbmc}{}{Cputime}{Correct}{False}{Avg}{6.671820963681818181818181818}%
\StoreBenchExecResult{Cbmc}{}{Cputime}{Correct}{False}{Median}{5.046370950}%
\StoreBenchExecResult{Cbmc}{}{Cputime}{Correct}{False}{Stdev}{4.178728196899706011243676667}%
\StoreBenchExecResult{Cbmc}{}{Cputime}{Correct}{False}{Unit}{s}%
\StoreBenchExecResult{Cbmc}{}{Cputime}{Local}{}{Sum}{147.752925}%
\StoreBenchExecResult{Cbmc}{}{Cputime}{Local}{}{Unit}{s}%
\StoreBenchExecResult{Cbmc}{}{Walltime}{All}{}{Sum}{1597.3361847400665327}%
\StoreBenchExecResult{Cbmc}{}{Walltime}{All}{}{Min}{1.2597875595092773}%
\StoreBenchExecResult{Cbmc}{}{Walltime}{All}{}{Max}{61.702879905700684}%
\StoreBenchExecResult{Cbmc}{}{Walltime}{All}{}{Avg}{34.72469966826231592826086957}%
\StoreBenchExecResult{Cbmc}{}{Walltime}{All}{}{Median}{60.040485620498658}%
\StoreBenchExecResult{Cbmc}{}{Walltime}{All}{}{Stdev}{26.94922962735134448251009908}%
\StoreBenchExecResult{Cbmc}{}{Walltime}{All}{}{Unit}{s}%
\StoreBenchExecResult{Cbmc}{}{Walltime}{Correct}{}{Sum}{148.3611867427825917}%
\StoreBenchExecResult{Cbmc}{}{Walltime}{Correct}{}{Min}{1.2597875595092773}%
\StoreBenchExecResult{Cbmc}{}{Walltime}{Correct}{}{Max}{15.496248722076416}%
\StoreBenchExecResult{Cbmc}{}{Walltime}{Correct}{}{Avg}{6.743690306490117804545454545}%
\StoreBenchExecResult{Cbmc}{}{Walltime}{Correct}{}{Median}{5.0777392387390135}%
\StoreBenchExecResult{Cbmc}{}{Walltime}{Correct}{}{Stdev}{4.211783328688716456151626058}%
\StoreBenchExecResult{Cbmc}{}{Walltime}{Correct}{}{Unit}{s}%
\StoreBenchExecResult{Cbmc}{}{Walltime}{Correct}{False}{Sum}{148.3611867427825917}%
\StoreBenchExecResult{Cbmc}{}{Walltime}{Correct}{False}{Min}{1.2597875595092773}%
\StoreBenchExecResult{Cbmc}{}{Walltime}{Correct}{False}{Max}{15.496248722076416}%
\StoreBenchExecResult{Cbmc}{}{Walltime}{Correct}{False}{Avg}{6.743690306490117804545454545}%
\StoreBenchExecResult{Cbmc}{}{Walltime}{Correct}{False}{Median}{5.0777392387390135}%
\StoreBenchExecResult{Cbmc}{}{Walltime}{Correct}{False}{Stdev}{4.211783328688716456151626058}%
\StoreBenchExecResult{Cbmc}{}{Walltime}{Correct}{False}{Unit}{s}%
\StoreBenchExecResult{Cbmc}{}{Walltime}{Local}{}{Sum}{1615.3571977615356}%
\StoreBenchExecResult{Cbmc}{}{Walltime}{Local}{}{Unit}{s}%
\StoreBenchExecResult{Cbmc}{}{Memory}{All}{}{Sum}{28809.531392}%
\StoreBenchExecResult{Cbmc}{}{Memory}{All}{}{Min}{104.386560}%
\StoreBenchExecResult{Cbmc}{}{Memory}{All}{}{Max}{3500.752896}%
\StoreBenchExecResult{Cbmc}{}{Memory}{All}{}{Avg}{626.2941606956521739130434783}%
\StoreBenchExecResult{Cbmc}{}{Memory}{All}{}{Median}{613.658624}%
\StoreBenchExecResult{Cbmc}{}{Memory}{All}{}{Stdev}{564.4942624487792257332912859}%
\StoreBenchExecResult{Cbmc}{}{Memory}{All}{}{Unit}{MB}%
\StoreBenchExecResult{Cbmc}{}{Memory}{Correct}{}{Sum}{6038.536192}%
\StoreBenchExecResult{Cbmc}{}{Memory}{Correct}{}{Min}{104.386560}%
\StoreBenchExecResult{Cbmc}{}{Memory}{Correct}{}{Max}{676.438016}%
\StoreBenchExecResult{Cbmc}{}{Memory}{Correct}{}{Avg}{274.4789178181818181818181818}%
\StoreBenchExecResult{Cbmc}{}{Memory}{Correct}{}{Median}{230.211584}%
\StoreBenchExecResult{Cbmc}{}{Memory}{Correct}{}{Stdev}{131.4901868178820392511071321}%
\StoreBenchExecResult{Cbmc}{}{Memory}{Correct}{}{Unit}{MB}%
\StoreBenchExecResult{Cbmc}{}{Memory}{Correct}{False}{Sum}{6038.536192}%
\StoreBenchExecResult{Cbmc}{}{Memory}{Correct}{False}{Min}{104.386560}%
\StoreBenchExecResult{Cbmc}{}{Memory}{Correct}{False}{Max}{676.438016}%
\StoreBenchExecResult{Cbmc}{}{Memory}{Correct}{False}{Avg}{274.4789178181818181818181818}%
\StoreBenchExecResult{Cbmc}{}{Memory}{Correct}{False}{Median}{230.211584}%
\StoreBenchExecResult{Cbmc}{}{Memory}{Correct}{False}{Stdev}{131.4901868178820392511071321}%
\StoreBenchExecResult{Cbmc}{}{Memory}{Correct}{False}{Unit}{MB}%