% Statistics produced by BenchExec, more information at
% https://github.com/sosy-lab/benchexec/blob/main/doc/table-generator.md
% By default, this file defines a LaTeX command for each statistics value
% where the command name consists of the following concatenated parts:
% benchmark name, runset name, column title, category, status, statistic.
% (If necessary, this can be overridden with
% \newcommand\StoreBenchExecResult[7]{...} before including this file.)
% Numbers are replaced by roman numerals, all parts of the name are in camel case,
% and if necessary for uniqueness a counter is appended to the non-unique name part.
% The last part of the name is either "Count", "Sum", "Min", "Max", "Avg", "Median",
% "Stdev", "Score", or "Unit", with the latter providing the unit for the others.
% Rounding of values can be specified in the BenchExec table definition or done with
% \usepackage[round-mode=figures, round-precision=...]{siunitx} and the \num command.
% Arguments: benchmark name, runset name, column title, category, status, statistic, value
\providecommand\StoreBenchExecResult[7]{\expandafter\newcommand\csname#1#2#3#4#5#6\endcsname{#7}}%
\StoreBenchExecResult{TestI}{PredicateAnalysis}{Status}{All}{}{Score}{0}%
\StoreBenchExecResult{TestI}{PredicateAnalysis}{Status}{All}{}{Count}{5}%
\StoreBenchExecResult{TestI}{PredicateAnalysis}{Status}{Correct}{}{Count}{3}%
\StoreBenchExecResult{TestI}{PredicateAnalysis}{Status}{Correct}{True}{Count}{2}%
\StoreBenchExecResult{TestI}{PredicateAnalysis}{Status}{Correct}{False}{Count}{1}%
\StoreBenchExecResult{TestI}{PredicateAnalysis}{Status}{Wrong}{}{Count}{1}%
\StoreBenchExecResult{TestI}{PredicateAnalysis}{Status}{Wrong}{True}{Count}{1}%
\StoreBenchExecResult{TestI}{PredicateAnalysis}{Status}{Wrong}{False}{Count}{0}%
\StoreBenchExecResult{TestI}{PredicateAnalysis}{Cputime}{All}{}{Sum}{10.919505907}%
\StoreBenchExecResult{TestI}{PredicateAnalysis}{Cputime}{All}{}{Min}{2.058647067}%
\StoreBenchExecResult{TestI}{PredicateAnalysis}{Cputime}{All}{}{Max}{2.272238619}%
\StoreBenchExecResult{TestI}{PredicateAnalysis}{Cputime}{All}{}{Avg}{2.1839011814}%
\StoreBenchExecResult{TestI}{PredicateAnalysis}{Cputime}{All}{}{Median}{2.189887353}%
\StoreBenchExecResult{TestI}{PredicateAnalysis}{Cputime}{All}{}{Stdev}{0.07187152671885927483466361201}%
\StoreBenchExecResult{TestI}{PredicateAnalysis}{Cputime}{All}{}{Unit}{s}%
\StoreBenchExecResult{TestI}{PredicateAnalysis}{Cputime}{Correct}{}{Sum}{6.478077860}%
\StoreBenchExecResult{TestI}{PredicateAnalysis}{Cputime}{Correct}{}{Min}{2.058647067}%
\StoreBenchExecResult{TestI}{PredicateAnalysis}{Cputime}{Correct}{}{Max}{2.22954344}%
\StoreBenchExecResult{TestI}{PredicateAnalysis}{Cputime}{Correct}{}{Avg}{2.159359286666666666666666667}%
\StoreBenchExecResult{TestI}{PredicateAnalysis}{Cputime}{Correct}{}{Median}{2.189887353}%
\StoreBenchExecResult{TestI}{PredicateAnalysis}{Cputime}{Correct}{}{Stdev}{0.07303133894284965266045621882}%
\StoreBenchExecResult{TestI}{PredicateAnalysis}{Cputime}{Correct}{}{Unit}{s}%
\StoreBenchExecResult{TestI}{PredicateAnalysis}{Cputime}{Correct}{True}{Sum}{4.288190507}%
\StoreBenchExecResult{TestI}{PredicateAnalysis}{Cputime}{Correct}{True}{Min}{2.058647067}%
\StoreBenchExecResult{TestI}{PredicateAnalysis}{Cputime}{Correct}{True}{Max}{2.22954344}%
\StoreBenchExecResult{TestI}{PredicateAnalysis}{Cputime}{Correct}{True}{Avg}{2.1440952535}%
\StoreBenchExecResult{TestI}{PredicateAnalysis}{Cputime}{Correct}{True}{Median}{2.1440952535}%
\StoreBenchExecResult{TestI}{PredicateAnalysis}{Cputime}{Correct}{True}{Stdev}{0.08544818650000}%
\StoreBenchExecResult{TestI}{PredicateAnalysis}{Cputime}{Correct}{True}{Unit}{s}%
\StoreBenchExecResult{TestI}{PredicateAnalysis}{Cputime}{Correct}{False}{Sum}{2.189887353}%
\StoreBenchExecResult{TestI}{PredicateAnalysis}{Cputime}{Correct}{False}{Min}{2.189887353}%
\StoreBenchExecResult{TestI}{PredicateAnalysis}{Cputime}{Correct}{False}{Max}{2.189887353}%
\StoreBenchExecResult{TestI}{PredicateAnalysis}{Cputime}{Correct}{False}{Avg}{2.189887353}%
\StoreBenchExecResult{TestI}{PredicateAnalysis}{Cputime}{Correct}{False}{Median}{2.189887353}%
\StoreBenchExecResult{TestI}{PredicateAnalysis}{Cputime}{Correct}{False}{Stdev}{0.00000000000000}%
\StoreBenchExecResult{TestI}{PredicateAnalysis}{Cputime}{Correct}{False}{Unit}{s}%
\StoreBenchExecResult{TestI}{PredicateAnalysis}{Cputime}{Wrong}{}{Sum}{2.169189428}%
\StoreBenchExecResult{TestI}{PredicateAnalysis}{Cputime}{Wrong}{}{Min}{2.169189428}%
\StoreBenchExecResult{TestI}{PredicateAnalysis}{Cputime}{Wrong}{}{Max}{2.169189428}%
\StoreBenchExecResult{TestI}{PredicateAnalysis}{Cputime}{Wrong}{}{Avg}{2.169189428}%
\StoreBenchExecResult{TestI}{PredicateAnalysis}{Cputime}{Wrong}{}{Median}{2.169189428}%
\StoreBenchExecResult{TestI}{PredicateAnalysis}{Cputime}{Wrong}{}{Stdev}{0.00000000000000}%
\StoreBenchExecResult{TestI}{PredicateAnalysis}{Cputime}{Wrong}{}{Unit}{s}%
\StoreBenchExecResult{TestI}{PredicateAnalysis}{Cputime}{Wrong}{True}{Sum}{2.169189428}%
\StoreBenchExecResult{TestI}{PredicateAnalysis}{Cputime}{Wrong}{True}{Min}{2.169189428}%
\StoreBenchExecResult{TestI}{PredicateAnalysis}{Cputime}{Wrong}{True}{Max}{2.169189428}%
\StoreBenchExecResult{TestI}{PredicateAnalysis}{Cputime}{Wrong}{True}{Avg}{2.169189428}%
\StoreBenchExecResult{TestI}{PredicateAnalysis}{Cputime}{Wrong}{True}{Median}{2.169189428}%
\StoreBenchExecResult{TestI}{PredicateAnalysis}{Cputime}{Wrong}{True}{Stdev}{0.00000000000000}%
\StoreBenchExecResult{TestI}{PredicateAnalysis}{Cputime}{Wrong}{True}{Unit}{s}%
\StoreBenchExecResult{TestI}{PredicateAnalysis}{Cputime}{Local}{}{Sum}{10.933401000000002}%
\StoreBenchExecResult{TestI}{PredicateAnalysis}{Cputime}{Local}{}{Unit}{s}%
\StoreBenchExecResult{TestI}{PredicateAnalysis}{Setup}{All}{}{Sum}{8.013}%
\StoreBenchExecResult{TestI}{PredicateAnalysis}{Setup}{All}{}{Min}{1.493}%
\StoreBenchExecResult{TestI}{PredicateAnalysis}{Setup}{All}{}{Max}{1.665}%
\StoreBenchExecResult{TestI}{PredicateAnalysis}{Setup}{All}{}{Avg}{1.6026}%
\StoreBenchExecResult{TestI}{PredicateAnalysis}{Setup}{All}{}{Median}{1.624}%
\StoreBenchExecResult{TestI}{PredicateAnalysis}{Setup}{All}{}{Stdev}{0.06053296622502485628544794958}%
\StoreBenchExecResult{TestI}{PredicateAnalysis}{Setup}{All}{}{Unit}{s}%
\StoreBenchExecResult{TestI}{PredicateAnalysis}{Setup}{Correct}{}{Sum}{4.745}%
\StoreBenchExecResult{TestI}{PredicateAnalysis}{Setup}{Correct}{}{Min}{1.493}%
\StoreBenchExecResult{TestI}{PredicateAnalysis}{Setup}{Correct}{}{Max}{1.665}%
\StoreBenchExecResult{TestI}{PredicateAnalysis}{Setup}{Correct}{}{Avg}{1.581666666666666666666666667}%
\StoreBenchExecResult{TestI}{PredicateAnalysis}{Setup}{Correct}{}{Median}{1.587}%
\StoreBenchExecResult{TestI}{PredicateAnalysis}{Setup}{Correct}{}{Stdev}{0.07031990393116936624480625533}%
\StoreBenchExecResult{TestI}{PredicateAnalysis}{Setup}{Correct}{}{Unit}{s}%
\StoreBenchExecResult{TestI}{PredicateAnalysis}{Setup}{Correct}{True}{Sum}{3.158}%
\StoreBenchExecResult{TestI}{PredicateAnalysis}{Setup}{Correct}{True}{Min}{1.493}%
\StoreBenchExecResult{TestI}{PredicateAnalysis}{Setup}{Correct}{True}{Max}{1.665}%
\StoreBenchExecResult{TestI}{PredicateAnalysis}{Setup}{Correct}{True}{Avg}{1.579}%
\StoreBenchExecResult{TestI}{PredicateAnalysis}{Setup}{Correct}{True}{Median}{1.579}%
\StoreBenchExecResult{TestI}{PredicateAnalysis}{Setup}{Correct}{True}{Stdev}{0.08600000000000}%
\StoreBenchExecResult{TestI}{PredicateAnalysis}{Setup}{Correct}{True}{Unit}{s}%
\StoreBenchExecResult{TestI}{PredicateAnalysis}{Setup}{Correct}{False}{Sum}{1.587}%
\StoreBenchExecResult{TestI}{PredicateAnalysis}{Setup}{Correct}{False}{Min}{1.587}%
\StoreBenchExecResult{TestI}{PredicateAnalysis}{Setup}{Correct}{False}{Max}{1.587}%
\StoreBenchExecResult{TestI}{PredicateAnalysis}{Setup}{Correct}{False}{Avg}{1.587}%
\StoreBenchExecResult{TestI}{PredicateAnalysis}{Setup}{Correct}{False}{Median}{1.587}%
\StoreBenchExecResult{TestI}{PredicateAnalysis}{Setup}{Correct}{False}{Stdev}{0.00000000000000}%
\StoreBenchExecResult{TestI}{PredicateAnalysis}{Setup}{Correct}{False}{Unit}{s}%
\StoreBenchExecResult{TestI}{PredicateAnalysis}{Setup}{Wrong}{}{Sum}{1.624}%
\StoreBenchExecResult{TestI}{PredicateAnalysis}{Setup}{Wrong}{}{Min}{1.624}%
\StoreBenchExecResult{TestI}{PredicateAnalysis}{Setup}{Wrong}{}{Max}{1.624}%
\StoreBenchExecResult{TestI}{PredicateAnalysis}{Setup}{Wrong}{}{Avg}{1.624}%
\StoreBenchExecResult{TestI}{PredicateAnalysis}{Setup}{Wrong}{}{Median}{1.624}%
\StoreBenchExecResult{TestI}{PredicateAnalysis}{Setup}{Wrong}{}{Stdev}{0.00000000000000}%
\StoreBenchExecResult{TestI}{PredicateAnalysis}{Setup}{Wrong}{}{Unit}{s}%
\StoreBenchExecResult{TestI}{PredicateAnalysis}{Setup}{Wrong}{True}{Sum}{1.624}%
\StoreBenchExecResult{TestI}{PredicateAnalysis}{Setup}{Wrong}{True}{Min}{1.624}%
\StoreBenchExecResult{TestI}{PredicateAnalysis}{Setup}{Wrong}{True}{Max}{1.624}%
\StoreBenchExecResult{TestI}{PredicateAnalysis}{Setup}{Wrong}{True}{Avg}{1.624}%
\StoreBenchExecResult{TestI}{PredicateAnalysis}{Setup}{Wrong}{True}{Median}{1.624}%
\StoreBenchExecResult{TestI}{PredicateAnalysis}{Setup}{Wrong}{True}{Stdev}{0.00000000000000}%
\StoreBenchExecResult{TestI}{PredicateAnalysis}{Setup}{Wrong}{True}{Unit}{s}%
\StoreBenchExecResult{TestI}{PredicateAnalysis}{SMTTime}{All}{}{Sum}{0.081}%
\StoreBenchExecResult{TestI}{PredicateAnalysis}{SMTTime}{All}{}{Min}{0.000}%
\StoreBenchExecResult{TestI}{PredicateAnalysis}{SMTTime}{All}{}{Max}{0.032}%
\StoreBenchExecResult{TestI}{PredicateAnalysis}{SMTTime}{All}{}{Avg}{0.0162}%
\StoreBenchExecResult{TestI}{PredicateAnalysis}{SMTTime}{All}{}{Median}{0.018}%
\StoreBenchExecResult{TestI}{PredicateAnalysis}{SMTTime}{All}{}{Stdev}{0.01055272476661833533674944619}%
\StoreBenchExecResult{TestI}{PredicateAnalysis}{SMTTime}{All}{}{Unit}{s}%
\StoreBenchExecResult{TestI}{PredicateAnalysis}{SMTTime}{Correct}{}{Sum}{0.029}%
\StoreBenchExecResult{TestI}{PredicateAnalysis}{SMTTime}{Correct}{}{Min}{0.000}%
\StoreBenchExecResult{TestI}{PredicateAnalysis}{SMTTime}{Correct}{}{Max}{0.018}%
\StoreBenchExecResult{TestI}{PredicateAnalysis}{SMTTime}{Correct}{}{Avg}{0.009666666666666666666666666667}%
\StoreBenchExecResult{TestI}{PredicateAnalysis}{SMTTime}{Correct}{}{Median}{0.011}%
\StoreBenchExecResult{TestI}{PredicateAnalysis}{SMTTime}{Correct}{}{Stdev}{0.007408703590297622973792119916}%
\StoreBenchExecResult{TestI}{PredicateAnalysis}{SMTTime}{Correct}{}{Unit}{s}%
\StoreBenchExecResult{TestI}{PredicateAnalysis}{SMTTime}{Correct}{True}{Sum}{0.029}%
\StoreBenchExecResult{TestI}{PredicateAnalysis}{SMTTime}{Correct}{True}{Min}{0.011}%
\StoreBenchExecResult{TestI}{PredicateAnalysis}{SMTTime}{Correct}{True}{Max}{0.018}%
\StoreBenchExecResult{TestI}{PredicateAnalysis}{SMTTime}{Correct}{True}{Avg}{0.0145}%
\StoreBenchExecResult{TestI}{PredicateAnalysis}{SMTTime}{Correct}{True}{Median}{0.0145}%
\StoreBenchExecResult{TestI}{PredicateAnalysis}{SMTTime}{Correct}{True}{Stdev}{0.00350000000000}%
\StoreBenchExecResult{TestI}{PredicateAnalysis}{SMTTime}{Correct}{True}{Unit}{s}%
\StoreBenchExecResult{TestI}{PredicateAnalysis}{SMTTime}{Correct}{False}{Sum}{0.000}%
\StoreBenchExecResult{TestI}{PredicateAnalysis}{SMTTime}{Correct}{False}{Min}{0.000}%
\StoreBenchExecResult{TestI}{PredicateAnalysis}{SMTTime}{Correct}{False}{Max}{0.000}%
\StoreBenchExecResult{TestI}{PredicateAnalysis}{SMTTime}{Correct}{False}{Avg}{0.000}%
\StoreBenchExecResult{TestI}{PredicateAnalysis}{SMTTime}{Correct}{False}{Median}{0.000}%
\StoreBenchExecResult{TestI}{PredicateAnalysis}{SMTTime}{Correct}{False}{Stdev}{0.00000000000000}%
\StoreBenchExecResult{TestI}{PredicateAnalysis}{SMTTime}{Correct}{False}{Unit}{s}%
\StoreBenchExecResult{TestI}{PredicateAnalysis}{SMTTime}{Wrong}{}{Sum}{0.020}%
\StoreBenchExecResult{TestI}{PredicateAnalysis}{SMTTime}{Wrong}{}{Min}{0.020}%
\StoreBenchExecResult{TestI}{PredicateAnalysis}{SMTTime}{Wrong}{}{Max}{0.020}%
\StoreBenchExecResult{TestI}{PredicateAnalysis}{SMTTime}{Wrong}{}{Avg}{0.020}%
\StoreBenchExecResult{TestI}{PredicateAnalysis}{SMTTime}{Wrong}{}{Median}{0.020}%
\StoreBenchExecResult{TestI}{PredicateAnalysis}{SMTTime}{Wrong}{}{Stdev}{0.00000000000000}%
\StoreBenchExecResult{TestI}{PredicateAnalysis}{SMTTime}{Wrong}{}{Unit}{s}%
\StoreBenchExecResult{TestI}{PredicateAnalysis}{SMTTime}{Wrong}{True}{Sum}{0.020}%
\StoreBenchExecResult{TestI}{PredicateAnalysis}{SMTTime}{Wrong}{True}{Min}{0.020}%
\StoreBenchExecResult{TestI}{PredicateAnalysis}{SMTTime}{Wrong}{True}{Max}{0.020}%
\StoreBenchExecResult{TestI}{PredicateAnalysis}{SMTTime}{Wrong}{True}{Avg}{0.020}%
\StoreBenchExecResult{TestI}{PredicateAnalysis}{SMTTime}{Wrong}{True}{Median}{0.020}%
\StoreBenchExecResult{TestI}{PredicateAnalysis}{SMTTime}{Wrong}{True}{Stdev}{0.00000000000000}%
\StoreBenchExecResult{TestI}{PredicateAnalysis}{SMTTime}{Wrong}{True}{Unit}{s}%
\StoreBenchExecResult{TestI}{ValueAnalysis}{Status}{All}{}{Score}{0}%
\StoreBenchExecResult{TestI}{ValueAnalysis}{Status}{All}{}{Count}{4}%
\StoreBenchExecResult{TestI}{ValueAnalysis}{Status}{Correct}{}{Count}{2}%
\StoreBenchExecResult{TestI}{ValueAnalysis}{Status}{Correct}{True}{Count}{0}%
\StoreBenchExecResult{TestI}{ValueAnalysis}{Status}{Correct}{False}{Count}{2}%
\StoreBenchExecResult{TestI}{ValueAnalysis}{Status}{Wrong}{}{Count}{0}%
\StoreBenchExecResult{TestI}{ValueAnalysis}{Status}{Wrong}{True}{Count}{0}%
\StoreBenchExecResult{TestI}{ValueAnalysis}{Status}{Wrong}{False}{Count}{0}%
\StoreBenchExecResult{TestI}{ValueAnalysis}{Cputime}{All}{}{Sum}{8.499181053}%
\StoreBenchExecResult{TestI}{ValueAnalysis}{Cputime}{All}{}{Min}{2.018490461}%
\StoreBenchExecResult{TestI}{ValueAnalysis}{Cputime}{All}{}{Max}{2.203966561}%
\StoreBenchExecResult{TestI}{ValueAnalysis}{Cputime}{All}{}{Avg}{2.12479526325}%
\StoreBenchExecResult{TestI}{ValueAnalysis}{Cputime}{All}{}{Median}{2.1383620155}%
\StoreBenchExecResult{TestI}{ValueAnalysis}{Cputime}{All}{}{Stdev}{0.06860249608801089525776206682}%
\StoreBenchExecResult{TestI}{ValueAnalysis}{Cputime}{All}{}{Unit}{s}%
\StoreBenchExecResult{TestI}{ValueAnalysis}{Cputime}{Correct}{}{Sum}{4.276724031}%
\StoreBenchExecResult{TestI}{ValueAnalysis}{Cputime}{Correct}{}{Min}{2.117287256}%
\StoreBenchExecResult{TestI}{ValueAnalysis}{Cputime}{Correct}{}{Max}{2.159436775}%
\StoreBenchExecResult{TestI}{ValueAnalysis}{Cputime}{Correct}{}{Avg}{2.1383620155}%
\StoreBenchExecResult{TestI}{ValueAnalysis}{Cputime}{Correct}{}{Median}{2.1383620155}%
\StoreBenchExecResult{TestI}{ValueAnalysis}{Cputime}{Correct}{}{Stdev}{0.02107475950000}%
\StoreBenchExecResult{TestI}{ValueAnalysis}{Cputime}{Correct}{}{Unit}{s}%
\StoreBenchExecResult{TestI}{ValueAnalysis}{Cputime}{Correct}{False}{Sum}{4.276724031}%
\StoreBenchExecResult{TestI}{ValueAnalysis}{Cputime}{Correct}{False}{Min}{2.117287256}%
\StoreBenchExecResult{TestI}{ValueAnalysis}{Cputime}{Correct}{False}{Max}{2.159436775}%
\StoreBenchExecResult{TestI}{ValueAnalysis}{Cputime}{Correct}{False}{Avg}{2.1383620155}%
\StoreBenchExecResult{TestI}{ValueAnalysis}{Cputime}{Correct}{False}{Median}{2.1383620155}%
\StoreBenchExecResult{TestI}{ValueAnalysis}{Cputime}{Correct}{False}{Stdev}{0.02107475950000}%
\StoreBenchExecResult{TestI}{ValueAnalysis}{Cputime}{Correct}{False}{Unit}{s}%
\StoreBenchExecResult{TestI}{ValueAnalysis}{Cputime}{Local}{}{Sum}{8.508844999999997}%
\StoreBenchExecResult{TestI}{ValueAnalysis}{Cputime}{Local}{}{Unit}{s}%
\StoreBenchExecResult{TestI}{ValueAnalysis}{Setup}{All}{}{Sum}{5.715}%
\StoreBenchExecResult{TestI}{ValueAnalysis}{Setup}{All}{}{Min}{1.377}%
\StoreBenchExecResult{TestI}{ValueAnalysis}{Setup}{All}{}{Max}{1.491}%
\StoreBenchExecResult{TestI}{ValueAnalysis}{Setup}{All}{}{Avg}{1.42875}%
\StoreBenchExecResult{TestI}{ValueAnalysis}{Setup}{All}{}{Median}{1.4235}%
\StoreBenchExecResult{TestI}{ValueAnalysis}{Setup}{All}{}{Stdev}{0.04191882035553958667719657072}%
\StoreBenchExecResult{TestI}{ValueAnalysis}{Setup}{All}{}{Unit}{s}%
\StoreBenchExecResult{TestI}{ValueAnalysis}{Setup}{Correct}{}{Sum}{2.847}%
\StoreBenchExecResult{TestI}{ValueAnalysis}{Setup}{Correct}{}{Min}{1.409}%
\StoreBenchExecResult{TestI}{ValueAnalysis}{Setup}{Correct}{}{Max}{1.438}%
\StoreBenchExecResult{TestI}{ValueAnalysis}{Setup}{Correct}{}{Avg}{1.4235}%
\StoreBenchExecResult{TestI}{ValueAnalysis}{Setup}{Correct}{}{Median}{1.4235}%
\StoreBenchExecResult{TestI}{ValueAnalysis}{Setup}{Correct}{}{Stdev}{0.01450000000000}%
\StoreBenchExecResult{TestI}{ValueAnalysis}{Setup}{Correct}{}{Unit}{s}%
\StoreBenchExecResult{TestI}{ValueAnalysis}{Setup}{Correct}{False}{Sum}{2.847}%
\StoreBenchExecResult{TestI}{ValueAnalysis}{Setup}{Correct}{False}{Min}{1.409}%
\StoreBenchExecResult{TestI}{ValueAnalysis}{Setup}{Correct}{False}{Max}{1.438}%
\StoreBenchExecResult{TestI}{ValueAnalysis}{Setup}{Correct}{False}{Avg}{1.4235}%
\StoreBenchExecResult{TestI}{ValueAnalysis}{Setup}{Correct}{False}{Median}{1.4235}%
\StoreBenchExecResult{TestI}{ValueAnalysis}{Setup}{Correct}{False}{Stdev}{0.01450000000000}%
\StoreBenchExecResult{TestI}{ValueAnalysis}{Setup}{Correct}{False}{Unit}{s}%
\StoreBenchExecResult{TestI}{ValueAnalysis}{VariableCount}{All}{}{Sum}{212}%
\StoreBenchExecResult{TestI}{ValueAnalysis}{VariableCount}{All}{}{Min}{0}%
\StoreBenchExecResult{TestI}{ValueAnalysis}{VariableCount}{All}{}{Max}{212}%
\StoreBenchExecResult{TestI}{ValueAnalysis}{VariableCount}{All}{}{Avg}{53}%
\StoreBenchExecResult{TestI}{ValueAnalysis}{VariableCount}{All}{}{Median}{0}%
\StoreBenchExecResult{TestI}{ValueAnalysis}{VariableCount}{All}{}{Stdev}{91.79869280115049655695465610}%
\StoreBenchExecResult{TestI}{ValueAnalysis}{VariableCount}{Correct}{}{Sum}{0}%
\StoreBenchExecResult{TestI}{ValueAnalysis}{VariableCount}{Correct}{}{Min}{0}%
\StoreBenchExecResult{TestI}{ValueAnalysis}{VariableCount}{Correct}{}{Max}{0}%
\StoreBenchExecResult{TestI}{ValueAnalysis}{VariableCount}{Correct}{}{Avg}{0}%
\StoreBenchExecResult{TestI}{ValueAnalysis}{VariableCount}{Correct}{}{Median}{0}%
\StoreBenchExecResult{TestI}{ValueAnalysis}{VariableCount}{Correct}{}{Stdev}{0.00000000000000}%
\StoreBenchExecResult{TestI}{ValueAnalysis}{VariableCount}{Correct}{False}{Sum}{0}%
\StoreBenchExecResult{TestI}{ValueAnalysis}{VariableCount}{Correct}{False}{Min}{0}%
\StoreBenchExecResult{TestI}{ValueAnalysis}{VariableCount}{Correct}{False}{Max}{0}%
\StoreBenchExecResult{TestI}{ValueAnalysis}{VariableCount}{Correct}{False}{Avg}{0}%
\StoreBenchExecResult{TestI}{ValueAnalysis}{VariableCount}{Correct}{False}{Median}{0}%
\StoreBenchExecResult{TestI}{ValueAnalysis}{VariableCount}{Correct}{False}{Stdev}{0.00000000000000}%
\StoreBenchExecResult{TestII}{PredicateAnalysis}{Status}{All}{}{Score}{0}%
\StoreBenchExecResult{TestII}{PredicateAnalysis}{Status}{All}{}{Count}{5}%
\StoreBenchExecResult{TestII}{PredicateAnalysis}{Status}{Correct}{}{Count}{3}%
\StoreBenchExecResult{TestII}{PredicateAnalysis}{Status}{Correct}{True}{Count}{2}%
\StoreBenchExecResult{TestII}{PredicateAnalysis}{Status}{Correct}{False}{Count}{1}%
\StoreBenchExecResult{TestII}{PredicateAnalysis}{Status}{Wrong}{}{Count}{1}%
\StoreBenchExecResult{TestII}{PredicateAnalysis}{Status}{Wrong}{True}{Count}{1}%
\StoreBenchExecResult{TestII}{PredicateAnalysis}{Status}{Wrong}{False}{Count}{0}%
\StoreBenchExecResult{TestII}{PredicateAnalysis}{Cputime}{All}{}{Sum}{9.389318338}%
\StoreBenchExecResult{TestII}{PredicateAnalysis}{Cputime}{All}{}{Min}{1.829559535}%
\StoreBenchExecResult{TestII}{PredicateAnalysis}{Cputime}{All}{}{Max}{1.949553467}%
\StoreBenchExecResult{TestII}{PredicateAnalysis}{Cputime}{All}{}{Avg}{1.8778636676}%
\StoreBenchExecResult{TestII}{PredicateAnalysis}{Cputime}{All}{}{Median}{1.858883109}%
\StoreBenchExecResult{TestII}{PredicateAnalysis}{Cputime}{All}{}{Stdev}{0.04257001950246352236218650379}%
\StoreBenchExecResult{TestII}{PredicateAnalysis}{Cputime}{All}{}{Unit}{s}%
\StoreBenchExecResult{TestII}{PredicateAnalysis}{Cputime}{Correct}{}{Sum}{5.630092623}%
\StoreBenchExecResult{TestII}{PredicateAnalysis}{Cputime}{Correct}{}{Min}{1.829559535}%
\StoreBenchExecResult{TestII}{PredicateAnalysis}{Cputime}{Correct}{}{Max}{1.949553467}%
\StoreBenchExecResult{TestII}{PredicateAnalysis}{Cputime}{Correct}{}{Avg}{1.876697541}%
\StoreBenchExecResult{TestII}{PredicateAnalysis}{Cputime}{Correct}{}{Median}{1.850979621}%
\StoreBenchExecResult{TestII}{PredicateAnalysis}{Cputime}{Correct}{}{Stdev}{0.05225383230634831310378708422}%
\StoreBenchExecResult{TestII}{PredicateAnalysis}{Cputime}{Correct}{}{Unit}{s}%
\StoreBenchExecResult{TestII}{PredicateAnalysis}{Cputime}{Correct}{True}{Sum}{3.800533088}%
\StoreBenchExecResult{TestII}{PredicateAnalysis}{Cputime}{Correct}{True}{Min}{1.850979621}%
\StoreBenchExecResult{TestII}{PredicateAnalysis}{Cputime}{Correct}{True}{Max}{1.949553467}%
\StoreBenchExecResult{TestII}{PredicateAnalysis}{Cputime}{Correct}{True}{Avg}{1.900266544}%
\StoreBenchExecResult{TestII}{PredicateAnalysis}{Cputime}{Correct}{True}{Median}{1.900266544}%
\StoreBenchExecResult{TestII}{PredicateAnalysis}{Cputime}{Correct}{True}{Stdev}{0.04928692300000}%
\StoreBenchExecResult{TestII}{PredicateAnalysis}{Cputime}{Correct}{True}{Unit}{s}%
\StoreBenchExecResult{TestII}{PredicateAnalysis}{Cputime}{Correct}{False}{Sum}{1.829559535}%
\StoreBenchExecResult{TestII}{PredicateAnalysis}{Cputime}{Correct}{False}{Min}{1.829559535}%
\StoreBenchExecResult{TestII}{PredicateAnalysis}{Cputime}{Correct}{False}{Max}{1.829559535}%
\StoreBenchExecResult{TestII}{PredicateAnalysis}{Cputime}{Correct}{False}{Avg}{1.829559535}%
\StoreBenchExecResult{TestII}{PredicateAnalysis}{Cputime}{Correct}{False}{Median}{1.829559535}%
\StoreBenchExecResult{TestII}{PredicateAnalysis}{Cputime}{Correct}{False}{Stdev}{0.00000000000000}%
\StoreBenchExecResult{TestII}{PredicateAnalysis}{Cputime}{Correct}{False}{Unit}{s}%
\StoreBenchExecResult{TestII}{PredicateAnalysis}{Cputime}{Wrong}{}{Sum}{1.858883109}%
\StoreBenchExecResult{TestII}{PredicateAnalysis}{Cputime}{Wrong}{}{Min}{1.858883109}%
\StoreBenchExecResult{TestII}{PredicateAnalysis}{Cputime}{Wrong}{}{Max}{1.858883109}%
\StoreBenchExecResult{TestII}{PredicateAnalysis}{Cputime}{Wrong}{}{Avg}{1.858883109}%
\StoreBenchExecResult{TestII}{PredicateAnalysis}{Cputime}{Wrong}{}{Median}{1.858883109}%
\StoreBenchExecResult{TestII}{PredicateAnalysis}{Cputime}{Wrong}{}{Stdev}{0.00000000000000}%
\StoreBenchExecResult{TestII}{PredicateAnalysis}{Cputime}{Wrong}{}{Unit}{s}%
\StoreBenchExecResult{TestII}{PredicateAnalysis}{Cputime}{Wrong}{True}{Sum}{1.858883109}%
\StoreBenchExecResult{TestII}{PredicateAnalysis}{Cputime}{Wrong}{True}{Min}{1.858883109}%
\StoreBenchExecResult{TestII}{PredicateAnalysis}{Cputime}{Wrong}{True}{Max}{1.858883109}%
\StoreBenchExecResult{TestII}{PredicateAnalysis}{Cputime}{Wrong}{True}{Avg}{1.858883109}%
\StoreBenchExecResult{TestII}{PredicateAnalysis}{Cputime}{Wrong}{True}{Median}{1.858883109}%
\StoreBenchExecResult{TestII}{PredicateAnalysis}{Cputime}{Wrong}{True}{Stdev}{0.00000000000000}%
\StoreBenchExecResult{TestII}{PredicateAnalysis}{Cputime}{Wrong}{True}{Unit}{s}%
\StoreBenchExecResult{TestII}{PredicateAnalysis}{Cputime}{Local}{}{Sum}{9.40492}%
\StoreBenchExecResult{TestII}{PredicateAnalysis}{Cputime}{Local}{}{Unit}{s}%
\StoreBenchExecResult{TestII}{PredicateAnalysis}{Setup}{All}{}{Sum}{6.880}%
\StoreBenchExecResult{TestII}{PredicateAnalysis}{Setup}{All}{}{Min}{1.310}%
\StoreBenchExecResult{TestII}{PredicateAnalysis}{Setup}{All}{}{Max}{1.465}%
\StoreBenchExecResult{TestII}{PredicateAnalysis}{Setup}{All}{}{Avg}{1.376}%
\StoreBenchExecResult{TestII}{PredicateAnalysis}{Setup}{All}{}{Median}{1.373}%
\StoreBenchExecResult{TestII}{PredicateAnalysis}{Setup}{All}{}{Stdev}{0.05075036945678326783544220364}%
\StoreBenchExecResult{TestII}{PredicateAnalysis}{Setup}{All}{}{Unit}{s}%
\StoreBenchExecResult{TestII}{PredicateAnalysis}{Setup}{Correct}{}{Sum}{4.148}%
\StoreBenchExecResult{TestII}{PredicateAnalysis}{Setup}{Correct}{}{Min}{1.310}%
\StoreBenchExecResult{TestII}{PredicateAnalysis}{Setup}{Correct}{}{Max}{1.465}%
\StoreBenchExecResult{TestII}{PredicateAnalysis}{Setup}{Correct}{}{Avg}{1.382666666666666666666666667}%
\StoreBenchExecResult{TestII}{PredicateAnalysis}{Setup}{Correct}{}{Median}{1.373}%
\StoreBenchExecResult{TestII}{PredicateAnalysis}{Setup}{Correct}{}{Stdev}{0.06364659369431241517373254391}%
\StoreBenchExecResult{TestII}{PredicateAnalysis}{Setup}{Correct}{}{Unit}{s}%
\StoreBenchExecResult{TestII}{PredicateAnalysis}{Setup}{Correct}{True}{Sum}{2.838}%
\StoreBenchExecResult{TestII}{PredicateAnalysis}{Setup}{Correct}{True}{Min}{1.373}%
\StoreBenchExecResult{TestII}{PredicateAnalysis}{Setup}{Correct}{True}{Max}{1.465}%
\StoreBenchExecResult{TestII}{PredicateAnalysis}{Setup}{Correct}{True}{Avg}{1.419}%
\StoreBenchExecResult{TestII}{PredicateAnalysis}{Setup}{Correct}{True}{Median}{1.419}%
\StoreBenchExecResult{TestII}{PredicateAnalysis}{Setup}{Correct}{True}{Stdev}{0.04600000000000}%
\StoreBenchExecResult{TestII}{PredicateAnalysis}{Setup}{Correct}{True}{Unit}{s}%
\StoreBenchExecResult{TestII}{PredicateAnalysis}{Setup}{Correct}{False}{Sum}{1.310}%
\StoreBenchExecResult{TestII}{PredicateAnalysis}{Setup}{Correct}{False}{Min}{1.310}%
\StoreBenchExecResult{TestII}{PredicateAnalysis}{Setup}{Correct}{False}{Max}{1.310}%
\StoreBenchExecResult{TestII}{PredicateAnalysis}{Setup}{Correct}{False}{Avg}{1.310}%
\StoreBenchExecResult{TestII}{PredicateAnalysis}{Setup}{Correct}{False}{Median}{1.310}%
\StoreBenchExecResult{TestII}{PredicateAnalysis}{Setup}{Correct}{False}{Stdev}{0.00000000000000}%
\StoreBenchExecResult{TestII}{PredicateAnalysis}{Setup}{Correct}{False}{Unit}{s}%
\StoreBenchExecResult{TestII}{PredicateAnalysis}{Setup}{Wrong}{}{Sum}{1.380}%
\StoreBenchExecResult{TestII}{PredicateAnalysis}{Setup}{Wrong}{}{Min}{1.380}%
\StoreBenchExecResult{TestII}{PredicateAnalysis}{Setup}{Wrong}{}{Max}{1.380}%
\StoreBenchExecResult{TestII}{PredicateAnalysis}{Setup}{Wrong}{}{Avg}{1.380}%
\StoreBenchExecResult{TestII}{PredicateAnalysis}{Setup}{Wrong}{}{Median}{1.380}%
\StoreBenchExecResult{TestII}{PredicateAnalysis}{Setup}{Wrong}{}{Stdev}{0.00000000000000}%
\StoreBenchExecResult{TestII}{PredicateAnalysis}{Setup}{Wrong}{}{Unit}{s}%
\StoreBenchExecResult{TestII}{PredicateAnalysis}{Setup}{Wrong}{True}{Sum}{1.380}%
\StoreBenchExecResult{TestII}{PredicateAnalysis}{Setup}{Wrong}{True}{Min}{1.380}%
\StoreBenchExecResult{TestII}{PredicateAnalysis}{Setup}{Wrong}{True}{Max}{1.380}%
\StoreBenchExecResult{TestII}{PredicateAnalysis}{Setup}{Wrong}{True}{Avg}{1.380}%
\StoreBenchExecResult{TestII}{PredicateAnalysis}{Setup}{Wrong}{True}{Median}{1.380}%
\StoreBenchExecResult{TestII}{PredicateAnalysis}{Setup}{Wrong}{True}{Stdev}{0.00000000000000}%
\StoreBenchExecResult{TestII}{PredicateAnalysis}{Setup}{Wrong}{True}{Unit}{s}%
\StoreBenchExecResult{TestII}{PredicateAnalysis}{SMTTime}{All}{}{Sum}{0.061}%
\StoreBenchExecResult{TestII}{PredicateAnalysis}{SMTTime}{All}{}{Min}{0.000}%
\StoreBenchExecResult{TestII}{PredicateAnalysis}{SMTTime}{All}{}{Max}{0.025}%
\StoreBenchExecResult{TestII}{PredicateAnalysis}{SMTTime}{All}{}{Avg}{0.0122}%
\StoreBenchExecResult{TestII}{PredicateAnalysis}{SMTTime}{All}{}{Median}{0.015}%
\StoreBenchExecResult{TestII}{PredicateAnalysis}{SMTTime}{All}{}{Stdev}{0.008565045242145542805994370093}%
\StoreBenchExecResult{TestII}{PredicateAnalysis}{SMTTime}{All}{}{Unit}{s}%
\StoreBenchExecResult{TestII}{PredicateAnalysis}{SMTTime}{Correct}{}{Sum}{0.021}%
\StoreBenchExecResult{TestII}{PredicateAnalysis}{SMTTime}{Correct}{}{Min}{0.000}%
\StoreBenchExecResult{TestII}{PredicateAnalysis}{SMTTime}{Correct}{}{Max}{0.015}%
\StoreBenchExecResult{TestII}{PredicateAnalysis}{SMTTime}{Correct}{}{Avg}{0.007}%
\StoreBenchExecResult{TestII}{PredicateAnalysis}{SMTTime}{Correct}{}{Median}{0.006}%
\StoreBenchExecResult{TestII}{PredicateAnalysis}{SMTTime}{Correct}{}{Stdev}{0.006164414002968976450250192381}%
\StoreBenchExecResult{TestII}{PredicateAnalysis}{SMTTime}{Correct}{}{Unit}{s}%
\StoreBenchExecResult{TestII}{PredicateAnalysis}{SMTTime}{Correct}{True}{Sum}{0.021}%
\StoreBenchExecResult{TestII}{PredicateAnalysis}{SMTTime}{Correct}{True}{Min}{0.006}%
\StoreBenchExecResult{TestII}{PredicateAnalysis}{SMTTime}{Correct}{True}{Max}{0.015}%
\StoreBenchExecResult{TestII}{PredicateAnalysis}{SMTTime}{Correct}{True}{Avg}{0.0105}%
\StoreBenchExecResult{TestII}{PredicateAnalysis}{SMTTime}{Correct}{True}{Median}{0.0105}%
\StoreBenchExecResult{TestII}{PredicateAnalysis}{SMTTime}{Correct}{True}{Stdev}{0.00450000000000}%
\StoreBenchExecResult{TestII}{PredicateAnalysis}{SMTTime}{Correct}{True}{Unit}{s}%
\StoreBenchExecResult{TestII}{PredicateAnalysis}{SMTTime}{Correct}{False}{Sum}{0.000}%
\StoreBenchExecResult{TestII}{PredicateAnalysis}{SMTTime}{Correct}{False}{Min}{0.000}%
\StoreBenchExecResult{TestII}{PredicateAnalysis}{SMTTime}{Correct}{False}{Max}{0.000}%
\StoreBenchExecResult{TestII}{PredicateAnalysis}{SMTTime}{Correct}{False}{Avg}{0.000}%
\StoreBenchExecResult{TestII}{PredicateAnalysis}{SMTTime}{Correct}{False}{Median}{0.000}%
\StoreBenchExecResult{TestII}{PredicateAnalysis}{SMTTime}{Correct}{False}{Stdev}{0.00000000000000}%
\StoreBenchExecResult{TestII}{PredicateAnalysis}{SMTTime}{Correct}{False}{Unit}{s}%
\StoreBenchExecResult{TestII}{PredicateAnalysis}{SMTTime}{Wrong}{}{Sum}{0.015}%
\StoreBenchExecResult{TestII}{PredicateAnalysis}{SMTTime}{Wrong}{}{Min}{0.015}%
\StoreBenchExecResult{TestII}{PredicateAnalysis}{SMTTime}{Wrong}{}{Max}{0.015}%
\StoreBenchExecResult{TestII}{PredicateAnalysis}{SMTTime}{Wrong}{}{Avg}{0.015}%
\StoreBenchExecResult{TestII}{PredicateAnalysis}{SMTTime}{Wrong}{}{Median}{0.015}%
\StoreBenchExecResult{TestII}{PredicateAnalysis}{SMTTime}{Wrong}{}{Stdev}{0.00000000000000}%
\StoreBenchExecResult{TestII}{PredicateAnalysis}{SMTTime}{Wrong}{}{Unit}{s}%
\StoreBenchExecResult{TestII}{PredicateAnalysis}{SMTTime}{Wrong}{True}{Sum}{0.015}%
\StoreBenchExecResult{TestII}{PredicateAnalysis}{SMTTime}{Wrong}{True}{Min}{0.015}%
\StoreBenchExecResult{TestII}{PredicateAnalysis}{SMTTime}{Wrong}{True}{Max}{0.015}%
\StoreBenchExecResult{TestII}{PredicateAnalysis}{SMTTime}{Wrong}{True}{Avg}{0.015}%
\StoreBenchExecResult{TestII}{PredicateAnalysis}{SMTTime}{Wrong}{True}{Median}{0.015}%
\StoreBenchExecResult{TestII}{PredicateAnalysis}{SMTTime}{Wrong}{True}{Stdev}{0.00000000000000}%
\StoreBenchExecResult{TestII}{PredicateAnalysis}{SMTTime}{Wrong}{True}{Unit}{s}%
\StoreBenchExecResult{TestII}{ValueAnalysis}{Status}{All}{}{Score}{0}%
\StoreBenchExecResult{TestII}{ValueAnalysis}{Status}{All}{}{Count}{4}%
\StoreBenchExecResult{TestII}{ValueAnalysis}{Status}{Correct}{}{Count}{2}%
\StoreBenchExecResult{TestII}{ValueAnalysis}{Status}{Correct}{True}{Count}{0}%
\StoreBenchExecResult{TestII}{ValueAnalysis}{Status}{Correct}{False}{Count}{2}%
\StoreBenchExecResult{TestII}{ValueAnalysis}{Status}{Wrong}{}{Count}{0}%
\StoreBenchExecResult{TestII}{ValueAnalysis}{Status}{Wrong}{True}{Count}{0}%
\StoreBenchExecResult{TestII}{ValueAnalysis}{Status}{Wrong}{False}{Count}{0}%
\StoreBenchExecResult{TestII}{ValueAnalysis}{Cputime}{All}{}{Sum}{7.199455195}%
\StoreBenchExecResult{TestII}{ValueAnalysis}{Cputime}{All}{}{Min}{1.748258151}%
\StoreBenchExecResult{TestII}{ValueAnalysis}{Cputime}{All}{}{Max}{1.822032775}%
\StoreBenchExecResult{TestII}{ValueAnalysis}{Cputime}{All}{}{Avg}{1.79986379875}%
\StoreBenchExecResult{TestII}{ValueAnalysis}{Cputime}{All}{}{Median}{1.8145821345}%
\StoreBenchExecResult{TestII}{ValueAnalysis}{Cputime}{All}{}{Stdev}{0.02999756678964589266941464835}%
\StoreBenchExecResult{TestII}{ValueAnalysis}{Cputime}{All}{}{Unit}{s}%
\StoreBenchExecResult{TestII}{ValueAnalysis}{Cputime}{Correct}{}{Sum}{3.639018121}%
\StoreBenchExecResult{TestII}{ValueAnalysis}{Cputime}{Correct}{}{Min}{1.816985346}%
\StoreBenchExecResult{TestII}{ValueAnalysis}{Cputime}{Correct}{}{Max}{1.822032775}%
\StoreBenchExecResult{TestII}{ValueAnalysis}{Cputime}{Correct}{}{Avg}{1.8195090605}%
\StoreBenchExecResult{TestII}{ValueAnalysis}{Cputime}{Correct}{}{Median}{1.8195090605}%
\StoreBenchExecResult{TestII}{ValueAnalysis}{Cputime}{Correct}{}{Stdev}{0.00252371450000}%
\StoreBenchExecResult{TestII}{ValueAnalysis}{Cputime}{Correct}{}{Unit}{s}%
\StoreBenchExecResult{TestII}{ValueAnalysis}{Cputime}{Correct}{False}{Sum}{3.639018121}%
\StoreBenchExecResult{TestII}{ValueAnalysis}{Cputime}{Correct}{False}{Min}{1.816985346}%
\StoreBenchExecResult{TestII}{ValueAnalysis}{Cputime}{Correct}{False}{Max}{1.822032775}%
\StoreBenchExecResult{TestII}{ValueAnalysis}{Cputime}{Correct}{False}{Avg}{1.8195090605}%
\StoreBenchExecResult{TestII}{ValueAnalysis}{Cputime}{Correct}{False}{Median}{1.8195090605}%
\StoreBenchExecResult{TestII}{ValueAnalysis}{Cputime}{Correct}{False}{Stdev}{0.00252371450000}%
\StoreBenchExecResult{TestII}{ValueAnalysis}{Cputime}{Correct}{False}{Unit}{s}%
\StoreBenchExecResult{TestII}{ValueAnalysis}{Cputime}{Local}{}{Sum}{7.212485000000001}%
\StoreBenchExecResult{TestII}{ValueAnalysis}{Cputime}{Local}{}{Unit}{s}%
\StoreBenchExecResult{TestII}{ValueAnalysis}{Setup}{All}{}{Sum}{4.819}%
\StoreBenchExecResult{TestII}{ValueAnalysis}{Setup}{All}{}{Min}{1.195}%
\StoreBenchExecResult{TestII}{ValueAnalysis}{Setup}{All}{}{Max}{1.217}%
\StoreBenchExecResult{TestII}{ValueAnalysis}{Setup}{All}{}{Avg}{1.20475}%
\StoreBenchExecResult{TestII}{ValueAnalysis}{Setup}{All}{}{Median}{1.2035}%
\StoreBenchExecResult{TestII}{ValueAnalysis}{Setup}{All}{}{Stdev}{0.008073877630977571361769843559}%
\StoreBenchExecResult{TestII}{ValueAnalysis}{Setup}{All}{}{Unit}{s}%
\StoreBenchExecResult{TestII}{ValueAnalysis}{Setup}{Correct}{}{Sum}{2.423}%
\StoreBenchExecResult{TestII}{ValueAnalysis}{Setup}{Correct}{}{Min}{1.206}%
\StoreBenchExecResult{TestII}{ValueAnalysis}{Setup}{Correct}{}{Max}{1.217}%
\StoreBenchExecResult{TestII}{ValueAnalysis}{Setup}{Correct}{}{Avg}{1.2115}%
\StoreBenchExecResult{TestII}{ValueAnalysis}{Setup}{Correct}{}{Median}{1.2115}%
\StoreBenchExecResult{TestII}{ValueAnalysis}{Setup}{Correct}{}{Stdev}{0.00550000000000}%
\StoreBenchExecResult{TestII}{ValueAnalysis}{Setup}{Correct}{}{Unit}{s}%
\StoreBenchExecResult{TestII}{ValueAnalysis}{Setup}{Correct}{False}{Sum}{2.423}%
\StoreBenchExecResult{TestII}{ValueAnalysis}{Setup}{Correct}{False}{Min}{1.206}%
\StoreBenchExecResult{TestII}{ValueAnalysis}{Setup}{Correct}{False}{Max}{1.217}%
\StoreBenchExecResult{TestII}{ValueAnalysis}{Setup}{Correct}{False}{Avg}{1.2115}%
\StoreBenchExecResult{TestII}{ValueAnalysis}{Setup}{Correct}{False}{Median}{1.2115}%
\StoreBenchExecResult{TestII}{ValueAnalysis}{Setup}{Correct}{False}{Stdev}{0.00550000000000}%
\StoreBenchExecResult{TestII}{ValueAnalysis}{Setup}{Correct}{False}{Unit}{s}%
\StoreBenchExecResult{TestII}{ValueAnalysis}{VariableCount}{All}{}{Sum}{212}%
\StoreBenchExecResult{TestII}{ValueAnalysis}{VariableCount}{All}{}{Min}{0}%
\StoreBenchExecResult{TestII}{ValueAnalysis}{VariableCount}{All}{}{Max}{212}%
\StoreBenchExecResult{TestII}{ValueAnalysis}{VariableCount}{All}{}{Avg}{53}%
\StoreBenchExecResult{TestII}{ValueAnalysis}{VariableCount}{All}{}{Median}{0}%
\StoreBenchExecResult{TestII}{ValueAnalysis}{VariableCount}{All}{}{Stdev}{91.79869280115049655695465610}%
\StoreBenchExecResult{TestII}{ValueAnalysis}{VariableCount}{Correct}{}{Sum}{0}%
\StoreBenchExecResult{TestII}{ValueAnalysis}{VariableCount}{Correct}{}{Min}{0}%
\StoreBenchExecResult{TestII}{ValueAnalysis}{VariableCount}{Correct}{}{Max}{0}%
\StoreBenchExecResult{TestII}{ValueAnalysis}{VariableCount}{Correct}{}{Avg}{0}%
\StoreBenchExecResult{TestII}{ValueAnalysis}{VariableCount}{Correct}{}{Median}{0}%
\StoreBenchExecResult{TestII}{ValueAnalysis}{VariableCount}{Correct}{}{Stdev}{0.00000000000000}%
\StoreBenchExecResult{TestII}{ValueAnalysis}{VariableCount}{Correct}{False}{Sum}{0}%
\StoreBenchExecResult{TestII}{ValueAnalysis}{VariableCount}{Correct}{False}{Min}{0}%
\StoreBenchExecResult{TestII}{ValueAnalysis}{VariableCount}{Correct}{False}{Max}{0}%
\StoreBenchExecResult{TestII}{ValueAnalysis}{VariableCount}{Correct}{False}{Avg}{0}%
\StoreBenchExecResult{TestII}{ValueAnalysis}{VariableCount}{Correct}{False}{Median}{0}%
\StoreBenchExecResult{TestII}{ValueAnalysis}{VariableCount}{Correct}{False}{Stdev}{0.00000000000000}%