% Statistics produced by BenchExec, more information at
% https://github.com/sosy-lab/benchexec/blob/main/doc/table-generator.md
% By default, this file defines a LaTeX command for each statistics value
% where the command name consists of the following concatenated parts:
% benchmark name, runset name, column title, category, status, statistic.
% (If necessary, this can be overridden with
% \newcommand\StoreBenchExecResult[7]{...} before including this file.)
% Numbers are replaced by roman numerals, all parts of the name are in camel case,
% and if necessary for uniqueness a counter is appended to the non-unique name part.
% The last part of the name is either "Count", "Sum", "Min", "Max", "Avg", "Median",
% "Stdev", "Score", or "Unit", with the latter providing the unit for the others.
% Rounding of values can be specified in the BenchExec table definition or done with
% \usepackage[round-mode=figures, round-precision=...]{siunitx} and the \num command.
% Arguments: benchmark name, runset name, column title, category, status, statistic, value
\providecommand\StoreBenchExecResult[7]{\expandafter\newcommand\csname#1#2#3#4#5#6\endcsname{#7}}%
\StoreBenchExecResult{TestI}{PredicateAnalysis}{Status}{All}{}{Score}{0}%
\StoreBenchExecResult{TestI}{PredicateAnalysis}{Status}{All}{}{Count}{3}%
\StoreBenchExecResult{TestI}{PredicateAnalysis}{Status}{Correct}{}{Count}{2}%
\StoreBenchExecResult{TestI}{PredicateAnalysis}{Status}{Correct}{True}{Count}{2}%
\StoreBenchExecResult{TestI}{PredicateAnalysis}{Status}{Correct}{False}{Count}{0}%
\StoreBenchExecResult{TestI}{PredicateAnalysis}{Status}{Wrong}{}{Count}{1}%
\StoreBenchExecResult{TestI}{PredicateAnalysis}{Status}{Wrong}{True}{Count}{1}%
\StoreBenchExecResult{TestI}{PredicateAnalysis}{Status}{Wrong}{False}{Count}{0}%
\StoreBenchExecResult{TestI}{PredicateAnalysis}{Cputime}{All}{}{Sum}{6.457379935}%
\StoreBenchExecResult{TestI}{PredicateAnalysis}{Cputime}{All}{}{Min}{2.058647067}%
\StoreBenchExecResult{TestI}{PredicateAnalysis}{Cputime}{All}{}{Max}{2.22954344}%
\StoreBenchExecResult{TestI}{PredicateAnalysis}{Cputime}{All}{}{Avg}{2.152459978333333333333333333}%
\StoreBenchExecResult{TestI}{PredicateAnalysis}{Cputime}{All}{}{Median}{2.169189428}%
\StoreBenchExecResult{TestI}{PredicateAnalysis}{Cputime}{All}{}{Stdev}{0.07076391943521751317556765839}%
\StoreBenchExecResult{TestI}{PredicateAnalysis}{Cputime}{All}{}{Unit}{s}%
\StoreBenchExecResult{TestI}{PredicateAnalysis}{Cputime}{Correct}{}{Sum}{4.288190507}%
\StoreBenchExecResult{TestI}{PredicateAnalysis}{Cputime}{Correct}{}{Min}{2.058647067}%
\StoreBenchExecResult{TestI}{PredicateAnalysis}{Cputime}{Correct}{}{Max}{2.22954344}%
\StoreBenchExecResult{TestI}{PredicateAnalysis}{Cputime}{Correct}{}{Avg}{2.1440952535}%
\StoreBenchExecResult{TestI}{PredicateAnalysis}{Cputime}{Correct}{}{Median}{2.1440952535}%
\StoreBenchExecResult{TestI}{PredicateAnalysis}{Cputime}{Correct}{}{Stdev}{0.08544818650000}%
\StoreBenchExecResult{TestI}{PredicateAnalysis}{Cputime}{Correct}{}{Unit}{s}%
\StoreBenchExecResult{TestI}{PredicateAnalysis}{Cputime}{Correct}{True}{Sum}{4.288190507}%
\StoreBenchExecResult{TestI}{PredicateAnalysis}{Cputime}{Correct}{True}{Min}{2.058647067}%
\StoreBenchExecResult{TestI}{PredicateAnalysis}{Cputime}{Correct}{True}{Max}{2.22954344}%
\StoreBenchExecResult{TestI}{PredicateAnalysis}{Cputime}{Correct}{True}{Avg}{2.1440952535}%
\StoreBenchExecResult{TestI}{PredicateAnalysis}{Cputime}{Correct}{True}{Median}{2.1440952535}%
\StoreBenchExecResult{TestI}{PredicateAnalysis}{Cputime}{Correct}{True}{Stdev}{0.08544818650000}%
\StoreBenchExecResult{TestI}{PredicateAnalysis}{Cputime}{Correct}{True}{Unit}{s}%
\StoreBenchExecResult{TestI}{PredicateAnalysis}{Cputime}{Wrong}{}{Sum}{2.169189428}%
\StoreBenchExecResult{TestI}{PredicateAnalysis}{Cputime}{Wrong}{}{Min}{2.169189428}%
\StoreBenchExecResult{TestI}{PredicateAnalysis}{Cputime}{Wrong}{}{Max}{2.169189428}%
\StoreBenchExecResult{TestI}{PredicateAnalysis}{Cputime}{Wrong}{}{Avg}{2.169189428}%
\StoreBenchExecResult{TestI}{PredicateAnalysis}{Cputime}{Wrong}{}{Median}{2.169189428}%
\StoreBenchExecResult{TestI}{PredicateAnalysis}{Cputime}{Wrong}{}{Stdev}{0.00000000000000}%
\StoreBenchExecResult{TestI}{PredicateAnalysis}{Cputime}{Wrong}{}{Unit}{s}%
\StoreBenchExecResult{TestI}{PredicateAnalysis}{Cputime}{Wrong}{True}{Sum}{2.169189428}%
\StoreBenchExecResult{TestI}{PredicateAnalysis}{Cputime}{Wrong}{True}{Min}{2.169189428}%
\StoreBenchExecResult{TestI}{PredicateAnalysis}{Cputime}{Wrong}{True}{Max}{2.169189428}%
\StoreBenchExecResult{TestI}{PredicateAnalysis}{Cputime}{Wrong}{True}{Avg}{2.169189428}%
\StoreBenchExecResult{TestI}{PredicateAnalysis}{Cputime}{Wrong}{True}{Median}{2.169189428}%
\StoreBenchExecResult{TestI}{PredicateAnalysis}{Cputime}{Wrong}{True}{Stdev}{0.00000000000000}%
\StoreBenchExecResult{TestI}{PredicateAnalysis}{Cputime}{Wrong}{True}{Unit}{s}%
\StoreBenchExecResult{TestI}{PredicateAnalysis}{Walltime}{All}{}{Sum}{6.4819035530090333}%
\StoreBenchExecResult{TestI}{PredicateAnalysis}{Walltime}{All}{}{Min}{2.0664572715759277}%
\StoreBenchExecResult{TestI}{PredicateAnalysis}{Walltime}{All}{}{Max}{2.237081289291382}%
\StoreBenchExecResult{TestI}{PredicateAnalysis}{Walltime}{All}{}{Avg}{2.160634517669677766666666667}%
\StoreBenchExecResult{TestI}{PredicateAnalysis}{Walltime}{All}{}{Median}{2.1783649921417236}%
\StoreBenchExecResult{TestI}{PredicateAnalysis}{Walltime}{All}{}{Stdev}{0.07077624907219378505690659741}%
\StoreBenchExecResult{TestI}{PredicateAnalysis}{Walltime}{All}{}{Unit}{s}%
\StoreBenchExecResult{TestI}{PredicateAnalysis}{Walltime}{Correct}{}{Sum}{4.3035385608673097}%
\StoreBenchExecResult{TestI}{PredicateAnalysis}{Walltime}{Correct}{}{Min}{2.0664572715759277}%
\StoreBenchExecResult{TestI}{PredicateAnalysis}{Walltime}{Correct}{}{Max}{2.237081289291382}%
\StoreBenchExecResult{TestI}{PredicateAnalysis}{Walltime}{Correct}{}{Avg}{2.15176928043365485}%
\StoreBenchExecResult{TestI}{PredicateAnalysis}{Walltime}{Correct}{}{Median}{2.15176928043365485}%
\StoreBenchExecResult{TestI}{PredicateAnalysis}{Walltime}{Correct}{}{Stdev}{0.08531200885772714999999999999}%
\StoreBenchExecResult{TestI}{PredicateAnalysis}{Walltime}{Correct}{}{Unit}{s}%
\StoreBenchExecResult{TestI}{PredicateAnalysis}{Walltime}{Correct}{True}{Sum}{4.3035385608673097}%
\StoreBenchExecResult{TestI}{PredicateAnalysis}{Walltime}{Correct}{True}{Min}{2.0664572715759277}%
\StoreBenchExecResult{TestI}{PredicateAnalysis}{Walltime}{Correct}{True}{Max}{2.237081289291382}%
\StoreBenchExecResult{TestI}{PredicateAnalysis}{Walltime}{Correct}{True}{Avg}{2.15176928043365485}%
\StoreBenchExecResult{TestI}{PredicateAnalysis}{Walltime}{Correct}{True}{Median}{2.15176928043365485}%
\StoreBenchExecResult{TestI}{PredicateAnalysis}{Walltime}{Correct}{True}{Stdev}{0.08531200885772714999999999999}%
\StoreBenchExecResult{TestI}{PredicateAnalysis}{Walltime}{Correct}{True}{Unit}{s}%
\StoreBenchExecResult{TestI}{PredicateAnalysis}{Walltime}{Wrong}{}{Sum}{2.1783649921417236}%
\StoreBenchExecResult{TestI}{PredicateAnalysis}{Walltime}{Wrong}{}{Min}{2.1783649921417236}%
\StoreBenchExecResult{TestI}{PredicateAnalysis}{Walltime}{Wrong}{}{Max}{2.1783649921417236}%
\StoreBenchExecResult{TestI}{PredicateAnalysis}{Walltime}{Wrong}{}{Avg}{2.1783649921417236}%
\StoreBenchExecResult{TestI}{PredicateAnalysis}{Walltime}{Wrong}{}{Median}{2.1783649921417236}%
\StoreBenchExecResult{TestI}{PredicateAnalysis}{Walltime}{Wrong}{}{Stdev}{0.0000000000000000}%
\StoreBenchExecResult{TestI}{PredicateAnalysis}{Walltime}{Wrong}{}{Unit}{s}%
\StoreBenchExecResult{TestI}{PredicateAnalysis}{Walltime}{Wrong}{True}{Sum}{2.1783649921417236}%
\StoreBenchExecResult{TestI}{PredicateAnalysis}{Walltime}{Wrong}{True}{Min}{2.1783649921417236}%
\StoreBenchExecResult{TestI}{PredicateAnalysis}{Walltime}{Wrong}{True}{Max}{2.1783649921417236}%
\StoreBenchExecResult{TestI}{PredicateAnalysis}{Walltime}{Wrong}{True}{Avg}{2.1783649921417236}%
\StoreBenchExecResult{TestI}{PredicateAnalysis}{Walltime}{Wrong}{True}{Median}{2.1783649921417236}%
\StoreBenchExecResult{TestI}{PredicateAnalysis}{Walltime}{Wrong}{True}{Stdev}{0.0000000000000000}%
\StoreBenchExecResult{TestI}{PredicateAnalysis}{Walltime}{Wrong}{True}{Unit}{s}%
\StoreBenchExecResult{TestI}{PredicateAnalysis}{Memory}{All}{}{Sum}{386.682880}%
\StoreBenchExecResult{TestI}{PredicateAnalysis}{Memory}{All}{}{Min}{126.312448}%
\StoreBenchExecResult{TestI}{PredicateAnalysis}{Memory}{All}{}{Max}{132.337664}%
\StoreBenchExecResult{TestI}{PredicateAnalysis}{Memory}{All}{}{Avg}{128.8942933333333333333333333}%
\StoreBenchExecResult{TestI}{PredicateAnalysis}{Memory}{All}{}{Median}{128.032768}%
\StoreBenchExecResult{TestI}{PredicateAnalysis}{Memory}{All}{}{Stdev}{2.534097654872483840250024194}%
\StoreBenchExecResult{TestI}{PredicateAnalysis}{Memory}{All}{}{Unit}{MB}%
\StoreBenchExecResult{TestI}{PredicateAnalysis}{Memory}{Correct}{}{Sum}{258.650112}%
\StoreBenchExecResult{TestI}{PredicateAnalysis}{Memory}{Correct}{}{Min}{126.312448}%
\StoreBenchExecResult{TestI}{PredicateAnalysis}{Memory}{Correct}{}{Max}{132.337664}%
\StoreBenchExecResult{TestI}{PredicateAnalysis}{Memory}{Correct}{}{Avg}{129.325056}%
\StoreBenchExecResult{TestI}{PredicateAnalysis}{Memory}{Correct}{}{Median}{129.325056}%
\StoreBenchExecResult{TestI}{PredicateAnalysis}{Memory}{Correct}{}{Stdev}{3.0126080000000}%
\StoreBenchExecResult{TestI}{PredicateAnalysis}{Memory}{Correct}{}{Unit}{MB}%
\StoreBenchExecResult{TestI}{PredicateAnalysis}{Memory}{Correct}{True}{Sum}{258.650112}%
\StoreBenchExecResult{TestI}{PredicateAnalysis}{Memory}{Correct}{True}{Min}{126.312448}%
\StoreBenchExecResult{TestI}{PredicateAnalysis}{Memory}{Correct}{True}{Max}{132.337664}%
\StoreBenchExecResult{TestI}{PredicateAnalysis}{Memory}{Correct}{True}{Avg}{129.325056}%
\StoreBenchExecResult{TestI}{PredicateAnalysis}{Memory}{Correct}{True}{Median}{129.325056}%
\StoreBenchExecResult{TestI}{PredicateAnalysis}{Memory}{Correct}{True}{Stdev}{3.0126080000000}%
\StoreBenchExecResult{TestI}{PredicateAnalysis}{Memory}{Correct}{True}{Unit}{MB}%
\StoreBenchExecResult{TestI}{PredicateAnalysis}{Memory}{Wrong}{}{Sum}{128.032768}%
\StoreBenchExecResult{TestI}{PredicateAnalysis}{Memory}{Wrong}{}{Min}{128.032768}%
\StoreBenchExecResult{TestI}{PredicateAnalysis}{Memory}{Wrong}{}{Max}{128.032768}%
\StoreBenchExecResult{TestI}{PredicateAnalysis}{Memory}{Wrong}{}{Avg}{128.032768}%
\StoreBenchExecResult{TestI}{PredicateAnalysis}{Memory}{Wrong}{}{Median}{128.032768}%
\StoreBenchExecResult{TestI}{PredicateAnalysis}{Memory}{Wrong}{}{Stdev}{0.00000000000000000000}%
\StoreBenchExecResult{TestI}{PredicateAnalysis}{Memory}{Wrong}{}{Unit}{MB}%
\StoreBenchExecResult{TestI}{PredicateAnalysis}{Memory}{Wrong}{True}{Sum}{128.032768}%
\StoreBenchExecResult{TestI}{PredicateAnalysis}{Memory}{Wrong}{True}{Min}{128.032768}%
\StoreBenchExecResult{TestI}{PredicateAnalysis}{Memory}{Wrong}{True}{Max}{128.032768}%
\StoreBenchExecResult{TestI}{PredicateAnalysis}{Memory}{Wrong}{True}{Avg}{128.032768}%
\StoreBenchExecResult{TestI}{PredicateAnalysis}{Memory}{Wrong}{True}{Median}{128.032768}%
\StoreBenchExecResult{TestI}{PredicateAnalysis}{Memory}{Wrong}{True}{Stdev}{0.00000000000000000000}%
\StoreBenchExecResult{TestI}{PredicateAnalysis}{Memory}{Wrong}{True}{Unit}{MB}%
\StoreBenchExecResult{TestII}{PredicateAnalysis}{Status}{All}{}{Score}{0}%
\StoreBenchExecResult{TestII}{PredicateAnalysis}{Status}{All}{}{Count}{3}%
\StoreBenchExecResult{TestII}{PredicateAnalysis}{Status}{Correct}{}{Count}{2}%
\StoreBenchExecResult{TestII}{PredicateAnalysis}{Status}{Correct}{True}{Count}{2}%
\StoreBenchExecResult{TestII}{PredicateAnalysis}{Status}{Correct}{False}{Count}{0}%
\StoreBenchExecResult{TestII}{PredicateAnalysis}{Status}{Wrong}{}{Count}{1}%
\StoreBenchExecResult{TestII}{PredicateAnalysis}{Status}{Wrong}{True}{Count}{1}%
\StoreBenchExecResult{TestII}{PredicateAnalysis}{Status}{Wrong}{False}{Count}{0}%
\StoreBenchExecResult{TestII}{PredicateAnalysis}{Cputime}{All}{}{Sum}{5.659416197}%
\StoreBenchExecResult{TestII}{PredicateAnalysis}{Cputime}{All}{}{Min}{1.850979621}%
\StoreBenchExecResult{TestII}{PredicateAnalysis}{Cputime}{All}{}{Max}{1.949553467}%
\StoreBenchExecResult{TestII}{PredicateAnalysis}{Cputime}{All}{}{Avg}{1.886472065666666666666666667}%
\StoreBenchExecResult{TestII}{PredicateAnalysis}{Cputime}{All}{}{Median}{1.858883109}%
\StoreBenchExecResult{TestII}{PredicateAnalysis}{Cputime}{All}{}{Stdev}{0.04472183416240391880895570358}%
\StoreBenchExecResult{TestII}{PredicateAnalysis}{Cputime}{All}{}{Unit}{s}%
\StoreBenchExecResult{TestII}{PredicateAnalysis}{Cputime}{Correct}{}{Sum}{3.800533088}%
\StoreBenchExecResult{TestII}{PredicateAnalysis}{Cputime}{Correct}{}{Min}{1.850979621}%
\StoreBenchExecResult{TestII}{PredicateAnalysis}{Cputime}{Correct}{}{Max}{1.949553467}%
\StoreBenchExecResult{TestII}{PredicateAnalysis}{Cputime}{Correct}{}{Avg}{1.900266544}%
\StoreBenchExecResult{TestII}{PredicateAnalysis}{Cputime}{Correct}{}{Median}{1.900266544}%
\StoreBenchExecResult{TestII}{PredicateAnalysis}{Cputime}{Correct}{}{Stdev}{0.04928692300000}%
\StoreBenchExecResult{TestII}{PredicateAnalysis}{Cputime}{Correct}{}{Unit}{s}%
\StoreBenchExecResult{TestII}{PredicateAnalysis}{Cputime}{Correct}{True}{Sum}{3.800533088}%
\StoreBenchExecResult{TestII}{PredicateAnalysis}{Cputime}{Correct}{True}{Min}{1.850979621}%
\StoreBenchExecResult{TestII}{PredicateAnalysis}{Cputime}{Correct}{True}{Max}{1.949553467}%
\StoreBenchExecResult{TestII}{PredicateAnalysis}{Cputime}{Correct}{True}{Avg}{1.900266544}%
\StoreBenchExecResult{TestII}{PredicateAnalysis}{Cputime}{Correct}{True}{Median}{1.900266544}%
\StoreBenchExecResult{TestII}{PredicateAnalysis}{Cputime}{Correct}{True}{Stdev}{0.04928692300000}%
\StoreBenchExecResult{TestII}{PredicateAnalysis}{Cputime}{Correct}{True}{Unit}{s}%
\StoreBenchExecResult{TestII}{PredicateAnalysis}{Cputime}{Wrong}{}{Sum}{1.858883109}%
\StoreBenchExecResult{TestII}{PredicateAnalysis}{Cputime}{Wrong}{}{Min}{1.858883109}%
\StoreBenchExecResult{TestII}{PredicateAnalysis}{Cputime}{Wrong}{}{Max}{1.858883109}%
\StoreBenchExecResult{TestII}{PredicateAnalysis}{Cputime}{Wrong}{}{Avg}{1.858883109}%
\StoreBenchExecResult{TestII}{PredicateAnalysis}{Cputime}{Wrong}{}{Median}{1.858883109}%
\StoreBenchExecResult{TestII}{PredicateAnalysis}{Cputime}{Wrong}{}{Stdev}{0.00000000000000}%
\StoreBenchExecResult{TestII}{PredicateAnalysis}{Cputime}{Wrong}{}{Unit}{s}%
\StoreBenchExecResult{TestII}{PredicateAnalysis}{Cputime}{Wrong}{True}{Sum}{1.858883109}%
\StoreBenchExecResult{TestII}{PredicateAnalysis}{Cputime}{Wrong}{True}{Min}{1.858883109}%
\StoreBenchExecResult{TestII}{PredicateAnalysis}{Cputime}{Wrong}{True}{Max}{1.858883109}%
\StoreBenchExecResult{TestII}{PredicateAnalysis}{Cputime}{Wrong}{True}{Avg}{1.858883109}%
\StoreBenchExecResult{TestII}{PredicateAnalysis}{Cputime}{Wrong}{True}{Median}{1.858883109}%
\StoreBenchExecResult{TestII}{PredicateAnalysis}{Cputime}{Wrong}{True}{Stdev}{0.00000000000000}%
\StoreBenchExecResult{TestII}{PredicateAnalysis}{Cputime}{Wrong}{True}{Unit}{s}%
\StoreBenchExecResult{TestII}{PredicateAnalysis}{Walltime}{All}{}{Sum}{5.6831195354461671}%
\StoreBenchExecResult{TestII}{PredicateAnalysis}{Walltime}{All}{}{Min}{1.8589563369750977}%
\StoreBenchExecResult{TestII}{PredicateAnalysis}{Walltime}{All}{}{Max}{1.957531213760376}%
\StoreBenchExecResult{TestII}{PredicateAnalysis}{Walltime}{All}{}{Avg}{1.8943731784820557}%
\StoreBenchExecResult{TestII}{PredicateAnalysis}{Walltime}{All}{}{Median}{1.8666319847106934}%
\StoreBenchExecResult{TestII}{PredicateAnalysis}{Walltime}{All}{}{Stdev}{0.04476927485976219182126310395}%
\StoreBenchExecResult{TestII}{PredicateAnalysis}{Walltime}{All}{}{Unit}{s}%
\StoreBenchExecResult{TestII}{PredicateAnalysis}{Walltime}{Correct}{}{Sum}{3.8164875507354737}%
\StoreBenchExecResult{TestII}{PredicateAnalysis}{Walltime}{Correct}{}{Min}{1.8589563369750977}%
\StoreBenchExecResult{TestII}{PredicateAnalysis}{Walltime}{Correct}{}{Max}{1.957531213760376}%
\StoreBenchExecResult{TestII}{PredicateAnalysis}{Walltime}{Correct}{}{Avg}{1.90824377536773685}%
\StoreBenchExecResult{TestII}{PredicateAnalysis}{Walltime}{Correct}{}{Median}{1.90824377536773685}%
\StoreBenchExecResult{TestII}{PredicateAnalysis}{Walltime}{Correct}{}{Stdev}{0.04928743839263915000000000000}%
\StoreBenchExecResult{TestII}{PredicateAnalysis}{Walltime}{Correct}{}{Unit}{s}%
\StoreBenchExecResult{TestII}{PredicateAnalysis}{Walltime}{Correct}{True}{Sum}{3.8164875507354737}%
\StoreBenchExecResult{TestII}{PredicateAnalysis}{Walltime}{Correct}{True}{Min}{1.8589563369750977}%
\StoreBenchExecResult{TestII}{PredicateAnalysis}{Walltime}{Correct}{True}{Max}{1.957531213760376}%
\StoreBenchExecResult{TestII}{PredicateAnalysis}{Walltime}{Correct}{True}{Avg}{1.90824377536773685}%
\StoreBenchExecResult{TestII}{PredicateAnalysis}{Walltime}{Correct}{True}{Median}{1.90824377536773685}%
\StoreBenchExecResult{TestII}{PredicateAnalysis}{Walltime}{Correct}{True}{Stdev}{0.04928743839263915000000000000}%
\StoreBenchExecResult{TestII}{PredicateAnalysis}{Walltime}{Correct}{True}{Unit}{s}%
\StoreBenchExecResult{TestII}{PredicateAnalysis}{Walltime}{Wrong}{}{Sum}{1.8666319847106934}%
\StoreBenchExecResult{TestII}{PredicateAnalysis}{Walltime}{Wrong}{}{Min}{1.8666319847106934}%
\StoreBenchExecResult{TestII}{PredicateAnalysis}{Walltime}{Wrong}{}{Max}{1.8666319847106934}%
\StoreBenchExecResult{TestII}{PredicateAnalysis}{Walltime}{Wrong}{}{Avg}{1.8666319847106934}%
\StoreBenchExecResult{TestII}{PredicateAnalysis}{Walltime}{Wrong}{}{Median}{1.8666319847106934}%
\StoreBenchExecResult{TestII}{PredicateAnalysis}{Walltime}{Wrong}{}{Stdev}{0.0000000000000000}%
\StoreBenchExecResult{TestII}{PredicateAnalysis}{Walltime}{Wrong}{}{Unit}{s}%
\StoreBenchExecResult{TestII}{PredicateAnalysis}{Walltime}{Wrong}{True}{Sum}{1.8666319847106934}%
\StoreBenchExecResult{TestII}{PredicateAnalysis}{Walltime}{Wrong}{True}{Min}{1.8666319847106934}%
\StoreBenchExecResult{TestII}{PredicateAnalysis}{Walltime}{Wrong}{True}{Max}{1.8666319847106934}%
\StoreBenchExecResult{TestII}{PredicateAnalysis}{Walltime}{Wrong}{True}{Avg}{1.8666319847106934}%
\StoreBenchExecResult{TestII}{PredicateAnalysis}{Walltime}{Wrong}{True}{Median}{1.8666319847106934}%
\StoreBenchExecResult{TestII}{PredicateAnalysis}{Walltime}{Wrong}{True}{Stdev}{0.0000000000000000}%
\StoreBenchExecResult{TestII}{PredicateAnalysis}{Walltime}{Wrong}{True}{Unit}{s}%
\StoreBenchExecResult{TestII}{PredicateAnalysis}{Memory}{All}{}{Sum}{388.911104}%
\StoreBenchExecResult{TestII}{PredicateAnalysis}{Memory}{All}{}{Min}{128.536576}%
\StoreBenchExecResult{TestII}{PredicateAnalysis}{Memory}{All}{}{Max}{130.568192}%
\StoreBenchExecResult{TestII}{PredicateAnalysis}{Memory}{All}{}{Avg}{129.6370346666666666666666667}%
\StoreBenchExecResult{TestII}{PredicateAnalysis}{Memory}{All}{}{Median}{129.806336}%
\StoreBenchExecResult{TestII}{PredicateAnalysis}{Memory}{All}{}{Stdev}{0.8379988460474685456110017280}%
\StoreBenchExecResult{TestII}{PredicateAnalysis}{Memory}{All}{}{Unit}{MB}%
\StoreBenchExecResult{TestII}{PredicateAnalysis}{Memory}{Correct}{}{Sum}{258.342912}%
\StoreBenchExecResult{TestII}{PredicateAnalysis}{Memory}{Correct}{}{Min}{128.536576}%
\StoreBenchExecResult{TestII}{PredicateAnalysis}{Memory}{Correct}{}{Max}{129.806336}%
\StoreBenchExecResult{TestII}{PredicateAnalysis}{Memory}{Correct}{}{Avg}{129.171456}%
\StoreBenchExecResult{TestII}{PredicateAnalysis}{Memory}{Correct}{}{Median}{129.171456}%
\StoreBenchExecResult{TestII}{PredicateAnalysis}{Memory}{Correct}{}{Stdev}{0.63488000000000}%
\StoreBenchExecResult{TestII}{PredicateAnalysis}{Memory}{Correct}{}{Unit}{MB}%
\StoreBenchExecResult{TestII}{PredicateAnalysis}{Memory}{Correct}{True}{Sum}{258.342912}%
\StoreBenchExecResult{TestII}{PredicateAnalysis}{Memory}{Correct}{True}{Min}{128.536576}%
\StoreBenchExecResult{TestII}{PredicateAnalysis}{Memory}{Correct}{True}{Max}{129.806336}%
\StoreBenchExecResult{TestII}{PredicateAnalysis}{Memory}{Correct}{True}{Avg}{129.171456}%
\StoreBenchExecResult{TestII}{PredicateAnalysis}{Memory}{Correct}{True}{Median}{129.171456}%
\StoreBenchExecResult{TestII}{PredicateAnalysis}{Memory}{Correct}{True}{Stdev}{0.63488000000000}%
\StoreBenchExecResult{TestII}{PredicateAnalysis}{Memory}{Correct}{True}{Unit}{MB}%
\StoreBenchExecResult{TestII}{PredicateAnalysis}{Memory}{Wrong}{}{Sum}{130.568192}%
\StoreBenchExecResult{TestII}{PredicateAnalysis}{Memory}{Wrong}{}{Min}{130.568192}%
\StoreBenchExecResult{TestII}{PredicateAnalysis}{Memory}{Wrong}{}{Max}{130.568192}%
\StoreBenchExecResult{TestII}{PredicateAnalysis}{Memory}{Wrong}{}{Avg}{130.568192}%
\StoreBenchExecResult{TestII}{PredicateAnalysis}{Memory}{Wrong}{}{Median}{130.568192}%
\StoreBenchExecResult{TestII}{PredicateAnalysis}{Memory}{Wrong}{}{Stdev}{0.00000000000000000000}%
\StoreBenchExecResult{TestII}{PredicateAnalysis}{Memory}{Wrong}{}{Unit}{MB}%
\StoreBenchExecResult{TestII}{PredicateAnalysis}{Memory}{Wrong}{True}{Sum}{130.568192}%
\StoreBenchExecResult{TestII}{PredicateAnalysis}{Memory}{Wrong}{True}{Min}{130.568192}%
\StoreBenchExecResult{TestII}{PredicateAnalysis}{Memory}{Wrong}{True}{Max}{130.568192}%
\StoreBenchExecResult{TestII}{PredicateAnalysis}{Memory}{Wrong}{True}{Avg}{130.568192}%
\StoreBenchExecResult{TestII}{PredicateAnalysis}{Memory}{Wrong}{True}{Median}{130.568192}%
\StoreBenchExecResult{TestII}{PredicateAnalysis}{Memory}{Wrong}{True}{Stdev}{0.00000000000000000000}%
\StoreBenchExecResult{TestII}{PredicateAnalysis}{Memory}{Wrong}{True}{Unit}{MB}%
\StoreBenchExecResult{TestI}{ValueAnalysis}{Status}{All}{}{Score}{0}%
\StoreBenchExecResult{TestI}{ValueAnalysis}{Status}{All}{}{Count}{2}%
\StoreBenchExecResult{TestI}{ValueAnalysis}{Status}{Correct}{}{Count}{1}%
\StoreBenchExecResult{TestI}{ValueAnalysis}{Status}{Correct}{True}{Count}{0}%
\StoreBenchExecResult{TestI}{ValueAnalysis}{Status}{Correct}{False}{Count}{1}%
\StoreBenchExecResult{TestI}{ValueAnalysis}{Status}{Wrong}{}{Count}{0}%
\StoreBenchExecResult{TestI}{ValueAnalysis}{Status}{Wrong}{True}{Count}{0}%
\StoreBenchExecResult{TestI}{ValueAnalysis}{Status}{Wrong}{False}{Count}{0}%
\StoreBenchExecResult{TestI}{ValueAnalysis}{Cputime}{All}{}{Sum}{4.321253817}%
\StoreBenchExecResult{TestI}{ValueAnalysis}{Cputime}{All}{}{Min}{2.117287256}%
\StoreBenchExecResult{TestI}{ValueAnalysis}{Cputime}{All}{}{Max}{2.203966561}%
\StoreBenchExecResult{TestI}{ValueAnalysis}{Cputime}{All}{}{Avg}{2.1606269085}%
\StoreBenchExecResult{TestI}{ValueAnalysis}{Cputime}{All}{}{Median}{2.1606269085}%
\StoreBenchExecResult{TestI}{ValueAnalysis}{Cputime}{All}{}{Stdev}{0.04333965250000}%
\StoreBenchExecResult{TestI}{ValueAnalysis}{Cputime}{All}{}{Unit}{s}%
\StoreBenchExecResult{TestI}{ValueAnalysis}{Cputime}{Correct}{}{Sum}{2.117287256}%
\StoreBenchExecResult{TestI}{ValueAnalysis}{Cputime}{Correct}{}{Min}{2.117287256}%
\StoreBenchExecResult{TestI}{ValueAnalysis}{Cputime}{Correct}{}{Max}{2.117287256}%
\StoreBenchExecResult{TestI}{ValueAnalysis}{Cputime}{Correct}{}{Avg}{2.117287256}%
\StoreBenchExecResult{TestI}{ValueAnalysis}{Cputime}{Correct}{}{Median}{2.117287256}%
\StoreBenchExecResult{TestI}{ValueAnalysis}{Cputime}{Correct}{}{Stdev}{0.00000000000000}%
\StoreBenchExecResult{TestI}{ValueAnalysis}{Cputime}{Correct}{}{Unit}{s}%
\StoreBenchExecResult{TestI}{ValueAnalysis}{Cputime}{Correct}{False}{Sum}{2.117287256}%
\StoreBenchExecResult{TestI}{ValueAnalysis}{Cputime}{Correct}{False}{Min}{2.117287256}%
\StoreBenchExecResult{TestI}{ValueAnalysis}{Cputime}{Correct}{False}{Max}{2.117287256}%
\StoreBenchExecResult{TestI}{ValueAnalysis}{Cputime}{Correct}{False}{Avg}{2.117287256}%
\StoreBenchExecResult{TestI}{ValueAnalysis}{Cputime}{Correct}{False}{Median}{2.117287256}%
\StoreBenchExecResult{TestI}{ValueAnalysis}{Cputime}{Correct}{False}{Stdev}{0.00000000000000}%
\StoreBenchExecResult{TestI}{ValueAnalysis}{Cputime}{Correct}{False}{Unit}{s}%
\StoreBenchExecResult{TestI}{ValueAnalysis}{Walltime}{All}{}{Sum}{4.3399436473846435}%
\StoreBenchExecResult{TestI}{ValueAnalysis}{Walltime}{All}{}{Min}{2.1272354125976562}%
\StoreBenchExecResult{TestI}{ValueAnalysis}{Walltime}{All}{}{Max}{2.2127082347869873}%
\StoreBenchExecResult{TestI}{ValueAnalysis}{Walltime}{All}{}{Avg}{2.16997182369232175}%
\StoreBenchExecResult{TestI}{ValueAnalysis}{Walltime}{All}{}{Median}{2.16997182369232175}%
\StoreBenchExecResult{TestI}{ValueAnalysis}{Walltime}{All}{}{Stdev}{0.04273641109466555000000000000}%
\StoreBenchExecResult{TestI}{ValueAnalysis}{Walltime}{All}{}{Unit}{s}%
\StoreBenchExecResult{TestI}{ValueAnalysis}{Walltime}{Correct}{}{Sum}{2.1272354125976562}%
\StoreBenchExecResult{TestI}{ValueAnalysis}{Walltime}{Correct}{}{Min}{2.1272354125976562}%
\StoreBenchExecResult{TestI}{ValueAnalysis}{Walltime}{Correct}{}{Max}{2.1272354125976562}%
\StoreBenchExecResult{TestI}{ValueAnalysis}{Walltime}{Correct}{}{Avg}{2.1272354125976562}%
\StoreBenchExecResult{TestI}{ValueAnalysis}{Walltime}{Correct}{}{Median}{2.1272354125976562}%
\StoreBenchExecResult{TestI}{ValueAnalysis}{Walltime}{Correct}{}{Stdev}{0.0000000000000000}%
\StoreBenchExecResult{TestI}{ValueAnalysis}{Walltime}{Correct}{}{Unit}{s}%
\StoreBenchExecResult{TestI}{ValueAnalysis}{Walltime}{Correct}{False}{Sum}{2.1272354125976562}%
\StoreBenchExecResult{TestI}{ValueAnalysis}{Walltime}{Correct}{False}{Min}{2.1272354125976562}%
\StoreBenchExecResult{TestI}{ValueAnalysis}{Walltime}{Correct}{False}{Max}{2.1272354125976562}%
\StoreBenchExecResult{TestI}{ValueAnalysis}{Walltime}{Correct}{False}{Avg}{2.1272354125976562}%
\StoreBenchExecResult{TestI}{ValueAnalysis}{Walltime}{Correct}{False}{Median}{2.1272354125976562}%
\StoreBenchExecResult{TestI}{ValueAnalysis}{Walltime}{Correct}{False}{Stdev}{0.0000000000000000}%
\StoreBenchExecResult{TestI}{ValueAnalysis}{Walltime}{Correct}{False}{Unit}{s}%
\StoreBenchExecResult{TestI}{ValueAnalysis}{Memory}{All}{}{Sum}{263.868416}%
\StoreBenchExecResult{TestI}{ValueAnalysis}{Memory}{All}{}{Min}{130.293760}%
\StoreBenchExecResult{TestI}{ValueAnalysis}{Memory}{All}{}{Max}{133.574656}%
\StoreBenchExecResult{TestI}{ValueAnalysis}{Memory}{All}{}{Avg}{131.934208}%
\StoreBenchExecResult{TestI}{ValueAnalysis}{Memory}{All}{}{Median}{131.934208}%
\StoreBenchExecResult{TestI}{ValueAnalysis}{Memory}{All}{}{Stdev}{1.64044800000000}%
\StoreBenchExecResult{TestI}{ValueAnalysis}{Memory}{All}{}{Unit}{MB}%
\StoreBenchExecResult{TestI}{ValueAnalysis}{Memory}{Correct}{}{Sum}{133.574656}%
\StoreBenchExecResult{TestI}{ValueAnalysis}{Memory}{Correct}{}{Min}{133.574656}%
\StoreBenchExecResult{TestI}{ValueAnalysis}{Memory}{Correct}{}{Max}{133.574656}%
\StoreBenchExecResult{TestI}{ValueAnalysis}{Memory}{Correct}{}{Avg}{133.574656}%
\StoreBenchExecResult{TestI}{ValueAnalysis}{Memory}{Correct}{}{Median}{133.574656}%
\StoreBenchExecResult{TestI}{ValueAnalysis}{Memory}{Correct}{}{Stdev}{0.00000000000000000000}%
\StoreBenchExecResult{TestI}{ValueAnalysis}{Memory}{Correct}{}{Unit}{MB}%
\StoreBenchExecResult{TestI}{ValueAnalysis}{Memory}{Correct}{False}{Sum}{133.574656}%
\StoreBenchExecResult{TestI}{ValueAnalysis}{Memory}{Correct}{False}{Min}{133.574656}%
\StoreBenchExecResult{TestI}{ValueAnalysis}{Memory}{Correct}{False}{Max}{133.574656}%
\StoreBenchExecResult{TestI}{ValueAnalysis}{Memory}{Correct}{False}{Avg}{133.574656}%
\StoreBenchExecResult{TestI}{ValueAnalysis}{Memory}{Correct}{False}{Median}{133.574656}%
\StoreBenchExecResult{TestI}{ValueAnalysis}{Memory}{Correct}{False}{Stdev}{0.00000000000000000000}%
\StoreBenchExecResult{TestI}{ValueAnalysis}{Memory}{Correct}{False}{Unit}{MB}%
\StoreBenchExecResult{TestII}{ValueAnalysis}{Status}{All}{}{Score}{0}%
\StoreBenchExecResult{TestII}{ValueAnalysis}{Status}{All}{}{Count}{2}%
\StoreBenchExecResult{TestII}{ValueAnalysis}{Status}{Correct}{}{Count}{1}%
\StoreBenchExecResult{TestII}{ValueAnalysis}{Status}{Correct}{True}{Count}{0}%
\StoreBenchExecResult{TestII}{ValueAnalysis}{Status}{Correct}{False}{Count}{1}%
\StoreBenchExecResult{TestII}{ValueAnalysis}{Status}{Wrong}{}{Count}{0}%
\StoreBenchExecResult{TestII}{ValueAnalysis}{Status}{Wrong}{True}{Count}{0}%
\StoreBenchExecResult{TestII}{ValueAnalysis}{Status}{Wrong}{False}{Count}{0}%
\StoreBenchExecResult{TestII}{ValueAnalysis}{Cputime}{All}{}{Sum}{3.629164269}%
\StoreBenchExecResult{TestII}{ValueAnalysis}{Cputime}{All}{}{Min}{1.812178923}%
\StoreBenchExecResult{TestII}{ValueAnalysis}{Cputime}{All}{}{Max}{1.816985346}%
\StoreBenchExecResult{TestII}{ValueAnalysis}{Cputime}{All}{}{Avg}{1.8145821345}%
\StoreBenchExecResult{TestII}{ValueAnalysis}{Cputime}{All}{}{Median}{1.8145821345}%
\StoreBenchExecResult{TestII}{ValueAnalysis}{Cputime}{All}{}{Stdev}{0.00240321150000}%
\StoreBenchExecResult{TestII}{ValueAnalysis}{Cputime}{All}{}{Unit}{s}%
\StoreBenchExecResult{TestII}{ValueAnalysis}{Cputime}{Correct}{}{Sum}{1.816985346}%
\StoreBenchExecResult{TestII}{ValueAnalysis}{Cputime}{Correct}{}{Min}{1.816985346}%
\StoreBenchExecResult{TestII}{ValueAnalysis}{Cputime}{Correct}{}{Max}{1.816985346}%
\StoreBenchExecResult{TestII}{ValueAnalysis}{Cputime}{Correct}{}{Avg}{1.816985346}%
\StoreBenchExecResult{TestII}{ValueAnalysis}{Cputime}{Correct}{}{Median}{1.816985346}%
\StoreBenchExecResult{TestII}{ValueAnalysis}{Cputime}{Correct}{}{Stdev}{0.00000000000000}%
\StoreBenchExecResult{TestII}{ValueAnalysis}{Cputime}{Correct}{}{Unit}{s}%
\StoreBenchExecResult{TestII}{ValueAnalysis}{Cputime}{Correct}{False}{Sum}{1.816985346}%
\StoreBenchExecResult{TestII}{ValueAnalysis}{Cputime}{Correct}{False}{Min}{1.816985346}%
\StoreBenchExecResult{TestII}{ValueAnalysis}{Cputime}{Correct}{False}{Max}{1.816985346}%
\StoreBenchExecResult{TestII}{ValueAnalysis}{Cputime}{Correct}{False}{Avg}{1.816985346}%
\StoreBenchExecResult{TestII}{ValueAnalysis}{Cputime}{Correct}{False}{Median}{1.816985346}%
\StoreBenchExecResult{TestII}{ValueAnalysis}{Cputime}{Correct}{False}{Stdev}{0.00000000000000}%
\StoreBenchExecResult{TestII}{ValueAnalysis}{Cputime}{Correct}{False}{Unit}{s}%
\StoreBenchExecResult{TestII}{ValueAnalysis}{Walltime}{All}{}{Sum}{3.6442215442657470}%
\StoreBenchExecResult{TestII}{ValueAnalysis}{Walltime}{All}{}{Min}{1.8193717002868652}%
\StoreBenchExecResult{TestII}{ValueAnalysis}{Walltime}{All}{}{Max}{1.8248498439788818}%
\StoreBenchExecResult{TestII}{ValueAnalysis}{Walltime}{All}{}{Avg}{1.8221107721328735}%
\StoreBenchExecResult{TestII}{ValueAnalysis}{Walltime}{All}{}{Median}{1.8221107721328735}%
\StoreBenchExecResult{TestII}{ValueAnalysis}{Walltime}{All}{}{Stdev}{0.0027390718460083}%
\StoreBenchExecResult{TestII}{ValueAnalysis}{Walltime}{All}{}{Unit}{s}%
\StoreBenchExecResult{TestII}{ValueAnalysis}{Walltime}{Correct}{}{Sum}{1.8248498439788818}%
\StoreBenchExecResult{TestII}{ValueAnalysis}{Walltime}{Correct}{}{Min}{1.8248498439788818}%
\StoreBenchExecResult{TestII}{ValueAnalysis}{Walltime}{Correct}{}{Max}{1.8248498439788818}%
\StoreBenchExecResult{TestII}{ValueAnalysis}{Walltime}{Correct}{}{Avg}{1.8248498439788818}%
\StoreBenchExecResult{TestII}{ValueAnalysis}{Walltime}{Correct}{}{Median}{1.8248498439788818}%
\StoreBenchExecResult{TestII}{ValueAnalysis}{Walltime}{Correct}{}{Stdev}{0.0000000000000000}%
\StoreBenchExecResult{TestII}{ValueAnalysis}{Walltime}{Correct}{}{Unit}{s}%
\StoreBenchExecResult{TestII}{ValueAnalysis}{Walltime}{Correct}{False}{Sum}{1.8248498439788818}%
\StoreBenchExecResult{TestII}{ValueAnalysis}{Walltime}{Correct}{False}{Min}{1.8248498439788818}%
\StoreBenchExecResult{TestII}{ValueAnalysis}{Walltime}{Correct}{False}{Max}{1.8248498439788818}%
\StoreBenchExecResult{TestII}{ValueAnalysis}{Walltime}{Correct}{False}{Avg}{1.8248498439788818}%
\StoreBenchExecResult{TestII}{ValueAnalysis}{Walltime}{Correct}{False}{Median}{1.8248498439788818}%
\StoreBenchExecResult{TestII}{ValueAnalysis}{Walltime}{Correct}{False}{Stdev}{0.0000000000000000}%
\StoreBenchExecResult{TestII}{ValueAnalysis}{Walltime}{Correct}{False}{Unit}{s}%
\StoreBenchExecResult{TestII}{ValueAnalysis}{Memory}{All}{}{Sum}{261.783552}%
\StoreBenchExecResult{TestII}{ValueAnalysis}{Memory}{All}{}{Min}{130.777088}%
\StoreBenchExecResult{TestII}{ValueAnalysis}{Memory}{All}{}{Max}{131.006464}%
\StoreBenchExecResult{TestII}{ValueAnalysis}{Memory}{All}{}{Avg}{130.891776}%
\StoreBenchExecResult{TestII}{ValueAnalysis}{Memory}{All}{}{Median}{130.891776}%
\StoreBenchExecResult{TestII}{ValueAnalysis}{Memory}{All}{}{Stdev}{0.114688000000000}%
\StoreBenchExecResult{TestII}{ValueAnalysis}{Memory}{All}{}{Unit}{MB}%
\StoreBenchExecResult{TestII}{ValueAnalysis}{Memory}{Correct}{}{Sum}{131.006464}%
\StoreBenchExecResult{TestII}{ValueAnalysis}{Memory}{Correct}{}{Min}{131.006464}%
\StoreBenchExecResult{TestII}{ValueAnalysis}{Memory}{Correct}{}{Max}{131.006464}%
\StoreBenchExecResult{TestII}{ValueAnalysis}{Memory}{Correct}{}{Avg}{131.006464}%
\StoreBenchExecResult{TestII}{ValueAnalysis}{Memory}{Correct}{}{Median}{131.006464}%
\StoreBenchExecResult{TestII}{ValueAnalysis}{Memory}{Correct}{}{Stdev}{0.00000000000000000000}%
\StoreBenchExecResult{TestII}{ValueAnalysis}{Memory}{Correct}{}{Unit}{MB}%
\StoreBenchExecResult{TestII}{ValueAnalysis}{Memory}{Correct}{False}{Sum}{131.006464}%
\StoreBenchExecResult{TestII}{ValueAnalysis}{Memory}{Correct}{False}{Min}{131.006464}%
\StoreBenchExecResult{TestII}{ValueAnalysis}{Memory}{Correct}{False}{Max}{131.006464}%
\StoreBenchExecResult{TestII}{ValueAnalysis}{Memory}{Correct}{False}{Avg}{131.006464}%
\StoreBenchExecResult{TestII}{ValueAnalysis}{Memory}{Correct}{False}{Median}{131.006464}%
\StoreBenchExecResult{TestII}{ValueAnalysis}{Memory}{Correct}{False}{Stdev}{0.00000000000000000000}%
\StoreBenchExecResult{TestII}{ValueAnalysis}{Memory}{Correct}{False}{Unit}{MB}%