% Statistics produced by BenchExec, more information at
% https://github.com/sosy-lab/benchexec/blob/main/doc/table-generator.md
% By default, this file defines a LaTeX command for each statistics value
% where the command name consists of the following concatenated parts:
% benchmark name, runset name, column title, category, status, statistic.
% (If necessary, this can be overridden with
% \newcommand\StoreBenchExecResult[7]{...} before including this file.)
% Numbers are replaced by roman numerals, all parts of the name are in camel case,
% and if necessary for uniqueness a counter is appended to the non-unique name part.
% The last part of the name is either "Count", "Sum", "Min", "Max", "Avg", "Median",
% "Stdev", "Score", or "Unit", with the latter providing the unit for the others.
% Rounding of values can be specified in the BenchExec table definition or done with
% \usepackage[round-mode=figures, round-precision=...]{siunitx} and the \num command.
% Arguments: benchmark name, runset name, column title, category, status, statistic, value
\providecommand\StoreBenchExecResult[7]{\expandafter\newcommand\csname#1#2#3#4#5#6\endcsname{#7}}%
\StoreBenchExecResult{TestI}{PredicateAnalysis}{Status}{All}{}{Score}{0}%
\StoreBenchExecResult{TestI}{PredicateAnalysis}{Status}{All}{}{Count}{3}%
\StoreBenchExecResult{TestI}{PredicateAnalysis}{Status}{Correct}{}{Count}{2}%
\StoreBenchExecResult{TestI}{PredicateAnalysis}{Status}{Correct}{True}{Count}{2}%
\StoreBenchExecResult{TestI}{PredicateAnalysis}{Status}{Correct}{False}{Count}{0}%
\StoreBenchExecResult{TestI}{PredicateAnalysis}{Status}{Wrong}{}{Count}{1}%
\StoreBenchExecResult{TestI}{PredicateAnalysis}{Status}{Wrong}{True}{Count}{1}%
\StoreBenchExecResult{TestI}{PredicateAnalysis}{Status}{Wrong}{False}{Count}{0}%
\StoreBenchExecResult{TestI}{PredicateAnalysis}{Cputime}{All}{}{Sum}{6.457379935}%
\StoreBenchExecResult{TestI}{PredicateAnalysis}{Cputime}{All}{}{Min}{2.058647067}%
\StoreBenchExecResult{TestI}{PredicateAnalysis}{Cputime}{All}{}{Max}{2.22954344}%
\StoreBenchExecResult{TestI}{PredicateAnalysis}{Cputime}{All}{}{Avg}{2.152459978333333333333333333}%
\StoreBenchExecResult{TestI}{PredicateAnalysis}{Cputime}{All}{}{Median}{2.169189428}%
\StoreBenchExecResult{TestI}{PredicateAnalysis}{Cputime}{All}{}{Stdev}{0.07076391943521751317556765839}%
\StoreBenchExecResult{TestI}{PredicateAnalysis}{Cputime}{All}{}{Unit}{s}%
\StoreBenchExecResult{TestI}{PredicateAnalysis}{Cputime}{Correct}{}{Sum}{4.288190507}%
\StoreBenchExecResult{TestI}{PredicateAnalysis}{Cputime}{Correct}{}{Min}{2.058647067}%
\StoreBenchExecResult{TestI}{PredicateAnalysis}{Cputime}{Correct}{}{Max}{2.22954344}%
\StoreBenchExecResult{TestI}{PredicateAnalysis}{Cputime}{Correct}{}{Avg}{2.1440952535}%
\StoreBenchExecResult{TestI}{PredicateAnalysis}{Cputime}{Correct}{}{Median}{2.1440952535}%
\StoreBenchExecResult{TestI}{PredicateAnalysis}{Cputime}{Correct}{}{Stdev}{0.08544818650000}%
\StoreBenchExecResult{TestI}{PredicateAnalysis}{Cputime}{Correct}{}{Unit}{s}%
\StoreBenchExecResult{TestI}{PredicateAnalysis}{Cputime}{Correct}{True}{Sum}{4.288190507}%
\StoreBenchExecResult{TestI}{PredicateAnalysis}{Cputime}{Correct}{True}{Min}{2.058647067}%
\StoreBenchExecResult{TestI}{PredicateAnalysis}{Cputime}{Correct}{True}{Max}{2.22954344}%
\StoreBenchExecResult{TestI}{PredicateAnalysis}{Cputime}{Correct}{True}{Avg}{2.1440952535}%
\StoreBenchExecResult{TestI}{PredicateAnalysis}{Cputime}{Correct}{True}{Median}{2.1440952535}%
\StoreBenchExecResult{TestI}{PredicateAnalysis}{Cputime}{Correct}{True}{Stdev}{0.08544818650000}%
\StoreBenchExecResult{TestI}{PredicateAnalysis}{Cputime}{Correct}{True}{Unit}{s}%
\StoreBenchExecResult{TestI}{PredicateAnalysis}{Cputime}{Wrong}{}{Sum}{2.169189428}%
\StoreBenchExecResult{TestI}{PredicateAnalysis}{Cputime}{Wrong}{}{Min}{2.169189428}%
\StoreBenchExecResult{TestI}{PredicateAnalysis}{Cputime}{Wrong}{}{Max}{2.169189428}%
\StoreBenchExecResult{TestI}{PredicateAnalysis}{Cputime}{Wrong}{}{Avg}{2.169189428}%
\StoreBenchExecResult{TestI}{PredicateAnalysis}{Cputime}{Wrong}{}{Median}{2.169189428}%
\StoreBenchExecResult{TestI}{PredicateAnalysis}{Cputime}{Wrong}{}{Stdev}{0.00000000000000}%
\StoreBenchExecResult{TestI}{PredicateAnalysis}{Cputime}{Wrong}{}{Unit}{s}%
\StoreBenchExecResult{TestI}{PredicateAnalysis}{Cputime}{Wrong}{True}{Sum}{2.169189428}%
\StoreBenchExecResult{TestI}{PredicateAnalysis}{Cputime}{Wrong}{True}{Min}{2.169189428}%
\StoreBenchExecResult{TestI}{PredicateAnalysis}{Cputime}{Wrong}{True}{Max}{2.169189428}%
\StoreBenchExecResult{TestI}{PredicateAnalysis}{Cputime}{Wrong}{True}{Avg}{2.169189428}%
\StoreBenchExecResult{TestI}{PredicateAnalysis}{Cputime}{Wrong}{True}{Median}{2.169189428}%
\StoreBenchExecResult{TestI}{PredicateAnalysis}{Cputime}{Wrong}{True}{Stdev}{0.00000000000000}%
\StoreBenchExecResult{TestI}{PredicateAnalysis}{Cputime}{Wrong}{True}{Unit}{s}%
\StoreBenchExecResult{TestI}{PredicateAnalysis}{Setup}{All}{}{Sum}{4.782}%
\StoreBenchExecResult{TestI}{PredicateAnalysis}{Setup}{All}{}{Min}{1.493}%
\StoreBenchExecResult{TestI}{PredicateAnalysis}{Setup}{All}{}{Max}{1.665}%
\StoreBenchExecResult{TestI}{PredicateAnalysis}{Setup}{All}{}{Avg}{1.594}%
\StoreBenchExecResult{TestI}{PredicateAnalysis}{Setup}{All}{}{Median}{1.624}%
\StoreBenchExecResult{TestI}{PredicateAnalysis}{Setup}{All}{}{Stdev}{0.07335302765848637189207177980}%
\StoreBenchExecResult{TestI}{PredicateAnalysis}{Setup}{All}{}{Unit}{s}%
\StoreBenchExecResult{TestI}{PredicateAnalysis}{Setup}{Correct}{}{Sum}{3.158}%
\StoreBenchExecResult{TestI}{PredicateAnalysis}{Setup}{Correct}{}{Min}{1.493}%
\StoreBenchExecResult{TestI}{PredicateAnalysis}{Setup}{Correct}{}{Max}{1.665}%
\StoreBenchExecResult{TestI}{PredicateAnalysis}{Setup}{Correct}{}{Avg}{1.579}%
\StoreBenchExecResult{TestI}{PredicateAnalysis}{Setup}{Correct}{}{Median}{1.579}%
\StoreBenchExecResult{TestI}{PredicateAnalysis}{Setup}{Correct}{}{Stdev}{0.08600000000000}%
\StoreBenchExecResult{TestI}{PredicateAnalysis}{Setup}{Correct}{}{Unit}{s}%
\StoreBenchExecResult{TestI}{PredicateAnalysis}{Setup}{Correct}{True}{Sum}{3.158}%
\StoreBenchExecResult{TestI}{PredicateAnalysis}{Setup}{Correct}{True}{Min}{1.493}%
\StoreBenchExecResult{TestI}{PredicateAnalysis}{Setup}{Correct}{True}{Max}{1.665}%
\StoreBenchExecResult{TestI}{PredicateAnalysis}{Setup}{Correct}{True}{Avg}{1.579}%
\StoreBenchExecResult{TestI}{PredicateAnalysis}{Setup}{Correct}{True}{Median}{1.579}%
\StoreBenchExecResult{TestI}{PredicateAnalysis}{Setup}{Correct}{True}{Stdev}{0.08600000000000}%
\StoreBenchExecResult{TestI}{PredicateAnalysis}{Setup}{Correct}{True}{Unit}{s}%
\StoreBenchExecResult{TestI}{PredicateAnalysis}{Setup}{Wrong}{}{Sum}{1.624}%
\StoreBenchExecResult{TestI}{PredicateAnalysis}{Setup}{Wrong}{}{Min}{1.624}%
\StoreBenchExecResult{TestI}{PredicateAnalysis}{Setup}{Wrong}{}{Max}{1.624}%
\StoreBenchExecResult{TestI}{PredicateAnalysis}{Setup}{Wrong}{}{Avg}{1.624}%
\StoreBenchExecResult{TestI}{PredicateAnalysis}{Setup}{Wrong}{}{Median}{1.624}%
\StoreBenchExecResult{TestI}{PredicateAnalysis}{Setup}{Wrong}{}{Stdev}{0.00000000000000}%
\StoreBenchExecResult{TestI}{PredicateAnalysis}{Setup}{Wrong}{}{Unit}{s}%
\StoreBenchExecResult{TestI}{PredicateAnalysis}{Setup}{Wrong}{True}{Sum}{1.624}%
\StoreBenchExecResult{TestI}{PredicateAnalysis}{Setup}{Wrong}{True}{Min}{1.624}%
\StoreBenchExecResult{TestI}{PredicateAnalysis}{Setup}{Wrong}{True}{Max}{1.624}%
\StoreBenchExecResult{TestI}{PredicateAnalysis}{Setup}{Wrong}{True}{Avg}{1.624}%
\StoreBenchExecResult{TestI}{PredicateAnalysis}{Setup}{Wrong}{True}{Median}{1.624}%
\StoreBenchExecResult{TestI}{PredicateAnalysis}{Setup}{Wrong}{True}{Stdev}{0.00000000000000}%
\StoreBenchExecResult{TestI}{PredicateAnalysis}{Setup}{Wrong}{True}{Unit}{s}%
\StoreBenchExecResult{TestI}{PredicateAnalysis}{SMTTime}{All}{}{Sum}{0.049}%
\StoreBenchExecResult{TestI}{PredicateAnalysis}{SMTTime}{All}{}{Min}{0.011}%
\StoreBenchExecResult{TestI}{PredicateAnalysis}{SMTTime}{All}{}{Max}{0.020}%
\StoreBenchExecResult{TestI}{PredicateAnalysis}{SMTTime}{All}{}{Avg}{0.01633333333333333333333333333}%
\StoreBenchExecResult{TestI}{PredicateAnalysis}{SMTTime}{All}{}{Median}{0.018}%
\StoreBenchExecResult{TestI}{PredicateAnalysis}{SMTTime}{All}{}{Stdev}{0.003858612300930075157851936704}%
\StoreBenchExecResult{TestI}{PredicateAnalysis}{SMTTime}{All}{}{Unit}{s}%
\StoreBenchExecResult{TestI}{PredicateAnalysis}{SMTTime}{Correct}{}{Sum}{0.029}%
\StoreBenchExecResult{TestI}{PredicateAnalysis}{SMTTime}{Correct}{}{Min}{0.011}%
\StoreBenchExecResult{TestI}{PredicateAnalysis}{SMTTime}{Correct}{}{Max}{0.018}%
\StoreBenchExecResult{TestI}{PredicateAnalysis}{SMTTime}{Correct}{}{Avg}{0.0145}%
\StoreBenchExecResult{TestI}{PredicateAnalysis}{SMTTime}{Correct}{}{Median}{0.0145}%
\StoreBenchExecResult{TestI}{PredicateAnalysis}{SMTTime}{Correct}{}{Stdev}{0.00350000000000}%
\StoreBenchExecResult{TestI}{PredicateAnalysis}{SMTTime}{Correct}{}{Unit}{s}%
\StoreBenchExecResult{TestI}{PredicateAnalysis}{SMTTime}{Correct}{True}{Sum}{0.029}%
\StoreBenchExecResult{TestI}{PredicateAnalysis}{SMTTime}{Correct}{True}{Min}{0.011}%
\StoreBenchExecResult{TestI}{PredicateAnalysis}{SMTTime}{Correct}{True}{Max}{0.018}%
\StoreBenchExecResult{TestI}{PredicateAnalysis}{SMTTime}{Correct}{True}{Avg}{0.0145}%
\StoreBenchExecResult{TestI}{PredicateAnalysis}{SMTTime}{Correct}{True}{Median}{0.0145}%
\StoreBenchExecResult{TestI}{PredicateAnalysis}{SMTTime}{Correct}{True}{Stdev}{0.00350000000000}%
\StoreBenchExecResult{TestI}{PredicateAnalysis}{SMTTime}{Correct}{True}{Unit}{s}%
\StoreBenchExecResult{TestI}{PredicateAnalysis}{SMTTime}{Wrong}{}{Sum}{0.020}%
\StoreBenchExecResult{TestI}{PredicateAnalysis}{SMTTime}{Wrong}{}{Min}{0.020}%
\StoreBenchExecResult{TestI}{PredicateAnalysis}{SMTTime}{Wrong}{}{Max}{0.020}%
\StoreBenchExecResult{TestI}{PredicateAnalysis}{SMTTime}{Wrong}{}{Avg}{0.020}%
\StoreBenchExecResult{TestI}{PredicateAnalysis}{SMTTime}{Wrong}{}{Median}{0.020}%
\StoreBenchExecResult{TestI}{PredicateAnalysis}{SMTTime}{Wrong}{}{Stdev}{0.00000000000000}%
\StoreBenchExecResult{TestI}{PredicateAnalysis}{SMTTime}{Wrong}{}{Unit}{s}%
\StoreBenchExecResult{TestI}{PredicateAnalysis}{SMTTime}{Wrong}{True}{Sum}{0.020}%
\StoreBenchExecResult{TestI}{PredicateAnalysis}{SMTTime}{Wrong}{True}{Min}{0.020}%
\StoreBenchExecResult{TestI}{PredicateAnalysis}{SMTTime}{Wrong}{True}{Max}{0.020}%
\StoreBenchExecResult{TestI}{PredicateAnalysis}{SMTTime}{Wrong}{True}{Avg}{0.020}%
\StoreBenchExecResult{TestI}{PredicateAnalysis}{SMTTime}{Wrong}{True}{Median}{0.020}%
\StoreBenchExecResult{TestI}{PredicateAnalysis}{SMTTime}{Wrong}{True}{Stdev}{0.00000000000000}%
\StoreBenchExecResult{TestI}{PredicateAnalysis}{SMTTime}{Wrong}{True}{Unit}{s}%
\StoreBenchExecResult{TestI}{ValueAnalysis}{Status}{All}{}{Score}{0}%
\StoreBenchExecResult{TestI}{ValueAnalysis}{Status}{All}{}{Count}{2}%
\StoreBenchExecResult{TestI}{ValueAnalysis}{Status}{Correct}{}{Count}{1}%
\StoreBenchExecResult{TestI}{ValueAnalysis}{Status}{Correct}{True}{Count}{0}%
\StoreBenchExecResult{TestI}{ValueAnalysis}{Status}{Correct}{False}{Count}{1}%
\StoreBenchExecResult{TestI}{ValueAnalysis}{Status}{Wrong}{}{Count}{0}%
\StoreBenchExecResult{TestI}{ValueAnalysis}{Status}{Wrong}{True}{Count}{0}%
\StoreBenchExecResult{TestI}{ValueAnalysis}{Status}{Wrong}{False}{Count}{0}%
\StoreBenchExecResult{TestI}{ValueAnalysis}{Cputime}{All}{}{Sum}{4.321253817}%
\StoreBenchExecResult{TestI}{ValueAnalysis}{Cputime}{All}{}{Min}{2.117287256}%
\StoreBenchExecResult{TestI}{ValueAnalysis}{Cputime}{All}{}{Max}{2.203966561}%
\StoreBenchExecResult{TestI}{ValueAnalysis}{Cputime}{All}{}{Avg}{2.1606269085}%
\StoreBenchExecResult{TestI}{ValueAnalysis}{Cputime}{All}{}{Median}{2.1606269085}%
\StoreBenchExecResult{TestI}{ValueAnalysis}{Cputime}{All}{}{Stdev}{0.04333965250000}%
\StoreBenchExecResult{TestI}{ValueAnalysis}{Cputime}{All}{}{Unit}{s}%
\StoreBenchExecResult{TestI}{ValueAnalysis}{Cputime}{Correct}{}{Sum}{2.117287256}%
\StoreBenchExecResult{TestI}{ValueAnalysis}{Cputime}{Correct}{}{Min}{2.117287256}%
\StoreBenchExecResult{TestI}{ValueAnalysis}{Cputime}{Correct}{}{Max}{2.117287256}%
\StoreBenchExecResult{TestI}{ValueAnalysis}{Cputime}{Correct}{}{Avg}{2.117287256}%
\StoreBenchExecResult{TestI}{ValueAnalysis}{Cputime}{Correct}{}{Median}{2.117287256}%
\StoreBenchExecResult{TestI}{ValueAnalysis}{Cputime}{Correct}{}{Stdev}{0.00000000000000}%
\StoreBenchExecResult{TestI}{ValueAnalysis}{Cputime}{Correct}{}{Unit}{s}%
\StoreBenchExecResult{TestI}{ValueAnalysis}{Cputime}{Correct}{False}{Sum}{2.117287256}%
\StoreBenchExecResult{TestI}{ValueAnalysis}{Cputime}{Correct}{False}{Min}{2.117287256}%
\StoreBenchExecResult{TestI}{ValueAnalysis}{Cputime}{Correct}{False}{Max}{2.117287256}%
\StoreBenchExecResult{TestI}{ValueAnalysis}{Cputime}{Correct}{False}{Avg}{2.117287256}%
\StoreBenchExecResult{TestI}{ValueAnalysis}{Cputime}{Correct}{False}{Median}{2.117287256}%
\StoreBenchExecResult{TestI}{ValueAnalysis}{Cputime}{Correct}{False}{Stdev}{0.00000000000000}%
\StoreBenchExecResult{TestI}{ValueAnalysis}{Cputime}{Correct}{False}{Unit}{s}%
\StoreBenchExecResult{TestI}{ValueAnalysis}{Setup}{All}{}{Sum}{2.900}%
\StoreBenchExecResult{TestI}{ValueAnalysis}{Setup}{All}{}{Min}{1.409}%
\StoreBenchExecResult{TestI}{ValueAnalysis}{Setup}{All}{}{Max}{1.491}%
\StoreBenchExecResult{TestI}{ValueAnalysis}{Setup}{All}{}{Avg}{1.450}%
\StoreBenchExecResult{TestI}{ValueAnalysis}{Setup}{All}{}{Median}{1.450}%
\StoreBenchExecResult{TestI}{ValueAnalysis}{Setup}{All}{}{Stdev}{0.04100000000000}%
\StoreBenchExecResult{TestI}{ValueAnalysis}{Setup}{All}{}{Unit}{s}%
\StoreBenchExecResult{TestI}{ValueAnalysis}{Setup}{Correct}{}{Sum}{1.409}%
\StoreBenchExecResult{TestI}{ValueAnalysis}{Setup}{Correct}{}{Min}{1.409}%
\StoreBenchExecResult{TestI}{ValueAnalysis}{Setup}{Correct}{}{Max}{1.409}%
\StoreBenchExecResult{TestI}{ValueAnalysis}{Setup}{Correct}{}{Avg}{1.409}%
\StoreBenchExecResult{TestI}{ValueAnalysis}{Setup}{Correct}{}{Median}{1.409}%
\StoreBenchExecResult{TestI}{ValueAnalysis}{Setup}{Correct}{}{Stdev}{0.00000000000000}%
\StoreBenchExecResult{TestI}{ValueAnalysis}{Setup}{Correct}{}{Unit}{s}%
\StoreBenchExecResult{TestI}{ValueAnalysis}{Setup}{Correct}{False}{Sum}{1.409}%
\StoreBenchExecResult{TestI}{ValueAnalysis}{Setup}{Correct}{False}{Min}{1.409}%
\StoreBenchExecResult{TestI}{ValueAnalysis}{Setup}{Correct}{False}{Max}{1.409}%
\StoreBenchExecResult{TestI}{ValueAnalysis}{Setup}{Correct}{False}{Avg}{1.409}%
\StoreBenchExecResult{TestI}{ValueAnalysis}{Setup}{Correct}{False}{Median}{1.409}%
\StoreBenchExecResult{TestI}{ValueAnalysis}{Setup}{Correct}{False}{Stdev}{0.00000000000000}%
\StoreBenchExecResult{TestI}{ValueAnalysis}{Setup}{Correct}{False}{Unit}{s}%
\StoreBenchExecResult{TestI}{ValueAnalysis}{VariableCount}{All}{}{Sum}{0}%
\StoreBenchExecResult{TestI}{ValueAnalysis}{VariableCount}{All}{}{Min}{0}%
\StoreBenchExecResult{TestI}{ValueAnalysis}{VariableCount}{All}{}{Max}{0}%
\StoreBenchExecResult{TestI}{ValueAnalysis}{VariableCount}{All}{}{Avg}{0}%
\StoreBenchExecResult{TestI}{ValueAnalysis}{VariableCount}{All}{}{Median}{0}%
\StoreBenchExecResult{TestI}{ValueAnalysis}{VariableCount}{All}{}{Stdev}{0.00000000000000}%
\StoreBenchExecResult{TestI}{ValueAnalysis}{VariableCount}{Correct}{}{Sum}{0}%
\StoreBenchExecResult{TestI}{ValueAnalysis}{VariableCount}{Correct}{}{Min}{0}%
\StoreBenchExecResult{TestI}{ValueAnalysis}{VariableCount}{Correct}{}{Max}{0}%
\StoreBenchExecResult{TestI}{ValueAnalysis}{VariableCount}{Correct}{}{Avg}{0}%
\StoreBenchExecResult{TestI}{ValueAnalysis}{VariableCount}{Correct}{}{Median}{0}%
\StoreBenchExecResult{TestI}{ValueAnalysis}{VariableCount}{Correct}{}{Stdev}{0.00000000000000}%
\StoreBenchExecResult{TestI}{ValueAnalysis}{VariableCount}{Correct}{False}{Sum}{0}%
\StoreBenchExecResult{TestI}{ValueAnalysis}{VariableCount}{Correct}{False}{Min}{0}%
\StoreBenchExecResult{TestI}{ValueAnalysis}{VariableCount}{Correct}{False}{Max}{0}%
\StoreBenchExecResult{TestI}{ValueAnalysis}{VariableCount}{Correct}{False}{Avg}{0}%
\StoreBenchExecResult{TestI}{ValueAnalysis}{VariableCount}{Correct}{False}{Median}{0}%
\StoreBenchExecResult{TestI}{ValueAnalysis}{VariableCount}{Correct}{False}{Stdev}{0.00000000000000}%
\StoreBenchExecResult{TestII}{PredicateAnalysis}{Status}{All}{}{Score}{0}%
\StoreBenchExecResult{TestII}{PredicateAnalysis}{Status}{All}{}{Count}{3}%
\StoreBenchExecResult{TestII}{PredicateAnalysis}{Status}{Correct}{}{Count}{2}%
\StoreBenchExecResult{TestII}{PredicateAnalysis}{Status}{Correct}{True}{Count}{2}%
\StoreBenchExecResult{TestII}{PredicateAnalysis}{Status}{Correct}{False}{Count}{0}%
\StoreBenchExecResult{TestII}{PredicateAnalysis}{Status}{Wrong}{}{Count}{1}%
\StoreBenchExecResult{TestII}{PredicateAnalysis}{Status}{Wrong}{True}{Count}{1}%
\StoreBenchExecResult{TestII}{PredicateAnalysis}{Status}{Wrong}{False}{Count}{0}%
\StoreBenchExecResult{TestII}{PredicateAnalysis}{Cputime}{All}{}{Sum}{5.659416197}%
\StoreBenchExecResult{TestII}{PredicateAnalysis}{Cputime}{All}{}{Min}{1.850979621}%
\StoreBenchExecResult{TestII}{PredicateAnalysis}{Cputime}{All}{}{Max}{1.949553467}%
\StoreBenchExecResult{TestII}{PredicateAnalysis}{Cputime}{All}{}{Avg}{1.886472065666666666666666667}%
\StoreBenchExecResult{TestII}{PredicateAnalysis}{Cputime}{All}{}{Median}{1.858883109}%
\StoreBenchExecResult{TestII}{PredicateAnalysis}{Cputime}{All}{}{Stdev}{0.04472183416240391880895570358}%
\StoreBenchExecResult{TestII}{PredicateAnalysis}{Cputime}{All}{}{Unit}{s}%
\StoreBenchExecResult{TestII}{PredicateAnalysis}{Cputime}{Correct}{}{Sum}{3.800533088}%
\StoreBenchExecResult{TestII}{PredicateAnalysis}{Cputime}{Correct}{}{Min}{1.850979621}%
\StoreBenchExecResult{TestII}{PredicateAnalysis}{Cputime}{Correct}{}{Max}{1.949553467}%
\StoreBenchExecResult{TestII}{PredicateAnalysis}{Cputime}{Correct}{}{Avg}{1.900266544}%
\StoreBenchExecResult{TestII}{PredicateAnalysis}{Cputime}{Correct}{}{Median}{1.900266544}%
\StoreBenchExecResult{TestII}{PredicateAnalysis}{Cputime}{Correct}{}{Stdev}{0.04928692300000}%
\StoreBenchExecResult{TestII}{PredicateAnalysis}{Cputime}{Correct}{}{Unit}{s}%
\StoreBenchExecResult{TestII}{PredicateAnalysis}{Cputime}{Correct}{True}{Sum}{3.800533088}%
\StoreBenchExecResult{TestII}{PredicateAnalysis}{Cputime}{Correct}{True}{Min}{1.850979621}%
\StoreBenchExecResult{TestII}{PredicateAnalysis}{Cputime}{Correct}{True}{Max}{1.949553467}%
\StoreBenchExecResult{TestII}{PredicateAnalysis}{Cputime}{Correct}{True}{Avg}{1.900266544}%
\StoreBenchExecResult{TestII}{PredicateAnalysis}{Cputime}{Correct}{True}{Median}{1.900266544}%
\StoreBenchExecResult{TestII}{PredicateAnalysis}{Cputime}{Correct}{True}{Stdev}{0.04928692300000}%
\StoreBenchExecResult{TestII}{PredicateAnalysis}{Cputime}{Correct}{True}{Unit}{s}%
\StoreBenchExecResult{TestII}{PredicateAnalysis}{Cputime}{Wrong}{}{Sum}{1.858883109}%
\StoreBenchExecResult{TestII}{PredicateAnalysis}{Cputime}{Wrong}{}{Min}{1.858883109}%
\StoreBenchExecResult{TestII}{PredicateAnalysis}{Cputime}{Wrong}{}{Max}{1.858883109}%
\StoreBenchExecResult{TestII}{PredicateAnalysis}{Cputime}{Wrong}{}{Avg}{1.858883109}%
\StoreBenchExecResult{TestII}{PredicateAnalysis}{Cputime}{Wrong}{}{Median}{1.858883109}%
\StoreBenchExecResult{TestII}{PredicateAnalysis}{Cputime}{Wrong}{}{Stdev}{0.00000000000000}%
\StoreBenchExecResult{TestII}{PredicateAnalysis}{Cputime}{Wrong}{}{Unit}{s}%
\StoreBenchExecResult{TestII}{PredicateAnalysis}{Cputime}{Wrong}{True}{Sum}{1.858883109}%
\StoreBenchExecResult{TestII}{PredicateAnalysis}{Cputime}{Wrong}{True}{Min}{1.858883109}%
\StoreBenchExecResult{TestII}{PredicateAnalysis}{Cputime}{Wrong}{True}{Max}{1.858883109}%
\StoreBenchExecResult{TestII}{PredicateAnalysis}{Cputime}{Wrong}{True}{Avg}{1.858883109}%
\StoreBenchExecResult{TestII}{PredicateAnalysis}{Cputime}{Wrong}{True}{Median}{1.858883109}%
\StoreBenchExecResult{TestII}{PredicateAnalysis}{Cputime}{Wrong}{True}{Stdev}{0.00000000000000}%
\StoreBenchExecResult{TestII}{PredicateAnalysis}{Cputime}{Wrong}{True}{Unit}{s}%
\StoreBenchExecResult{TestII}{PredicateAnalysis}{Analysis}{All}{}{Sum}{0.094}%
\StoreBenchExecResult{TestII}{PredicateAnalysis}{Analysis}{All}{}{Min}{0.024}%
\StoreBenchExecResult{TestII}{PredicateAnalysis}{Analysis}{All}{}{Max}{0.037}%
\StoreBenchExecResult{TestII}{PredicateAnalysis}{Analysis}{All}{}{Avg}{0.03133333333333333333333333333}%
\StoreBenchExecResult{TestII}{PredicateAnalysis}{Analysis}{All}{}{Median}{0.033}%
\StoreBenchExecResult{TestII}{PredicateAnalysis}{Analysis}{All}{}{Stdev}{0.005436502143433363492041922630}%
\StoreBenchExecResult{TestII}{PredicateAnalysis}{Analysis}{All}{}{Unit}{s}%
\StoreBenchExecResult{TestII}{PredicateAnalysis}{Analysis}{Correct}{}{Sum}{0.061}%
\StoreBenchExecResult{TestII}{PredicateAnalysis}{Analysis}{Correct}{}{Min}{0.024}%
\StoreBenchExecResult{TestII}{PredicateAnalysis}{Analysis}{Correct}{}{Max}{0.037}%
\StoreBenchExecResult{TestII}{PredicateAnalysis}{Analysis}{Correct}{}{Avg}{0.0305}%
\StoreBenchExecResult{TestII}{PredicateAnalysis}{Analysis}{Correct}{}{Median}{0.0305}%
\StoreBenchExecResult{TestII}{PredicateAnalysis}{Analysis}{Correct}{}{Stdev}{0.00650000000000}%
\StoreBenchExecResult{TestII}{PredicateAnalysis}{Analysis}{Correct}{}{Unit}{s}%
\StoreBenchExecResult{TestII}{PredicateAnalysis}{Analysis}{Correct}{True}{Sum}{0.061}%
\StoreBenchExecResult{TestII}{PredicateAnalysis}{Analysis}{Correct}{True}{Min}{0.024}%
\StoreBenchExecResult{TestII}{PredicateAnalysis}{Analysis}{Correct}{True}{Max}{0.037}%
\StoreBenchExecResult{TestII}{PredicateAnalysis}{Analysis}{Correct}{True}{Avg}{0.0305}%
\StoreBenchExecResult{TestII}{PredicateAnalysis}{Analysis}{Correct}{True}{Median}{0.0305}%
\StoreBenchExecResult{TestII}{PredicateAnalysis}{Analysis}{Correct}{True}{Stdev}{0.00650000000000}%
\StoreBenchExecResult{TestII}{PredicateAnalysis}{Analysis}{Correct}{True}{Unit}{s}%
\StoreBenchExecResult{TestII}{PredicateAnalysis}{Analysis}{Wrong}{}{Sum}{0.033}%
\StoreBenchExecResult{TestII}{PredicateAnalysis}{Analysis}{Wrong}{}{Min}{0.033}%
\StoreBenchExecResult{TestII}{PredicateAnalysis}{Analysis}{Wrong}{}{Max}{0.033}%
\StoreBenchExecResult{TestII}{PredicateAnalysis}{Analysis}{Wrong}{}{Avg}{0.033}%
\StoreBenchExecResult{TestII}{PredicateAnalysis}{Analysis}{Wrong}{}{Median}{0.033}%
\StoreBenchExecResult{TestII}{PredicateAnalysis}{Analysis}{Wrong}{}{Stdev}{0.00000000000000}%
\StoreBenchExecResult{TestII}{PredicateAnalysis}{Analysis}{Wrong}{}{Unit}{s}%
\StoreBenchExecResult{TestII}{PredicateAnalysis}{Analysis}{Wrong}{True}{Sum}{0.033}%
\StoreBenchExecResult{TestII}{PredicateAnalysis}{Analysis}{Wrong}{True}{Min}{0.033}%
\StoreBenchExecResult{TestII}{PredicateAnalysis}{Analysis}{Wrong}{True}{Max}{0.033}%
\StoreBenchExecResult{TestII}{PredicateAnalysis}{Analysis}{Wrong}{True}{Avg}{0.033}%
\StoreBenchExecResult{TestII}{PredicateAnalysis}{Analysis}{Wrong}{True}{Median}{0.033}%
\StoreBenchExecResult{TestII}{PredicateAnalysis}{Analysis}{Wrong}{True}{Stdev}{0.00000000000000}%
\StoreBenchExecResult{TestII}{PredicateAnalysis}{Analysis}{Wrong}{True}{Unit}{s}%
\StoreBenchExecResult{TestII}{PredicateAnalysis}{SMTTime}{All}{}{Sum}{0.036}%
\StoreBenchExecResult{TestII}{PredicateAnalysis}{SMTTime}{All}{}{Min}{0.006}%
\StoreBenchExecResult{TestII}{PredicateAnalysis}{SMTTime}{All}{}{Max}{0.015}%
\StoreBenchExecResult{TestII}{PredicateAnalysis}{SMTTime}{All}{}{Avg}{0.012}%
\StoreBenchExecResult{TestII}{PredicateAnalysis}{SMTTime}{All}{}{Median}{0.015}%
\StoreBenchExecResult{TestII}{PredicateAnalysis}{SMTTime}{All}{}{Stdev}{0.004242640687119285146405066173}%
\StoreBenchExecResult{TestII}{PredicateAnalysis}{SMTTime}{All}{}{Unit}{s}%
\StoreBenchExecResult{TestII}{PredicateAnalysis}{SMTTime}{Correct}{}{Sum}{0.021}%
\StoreBenchExecResult{TestII}{PredicateAnalysis}{SMTTime}{Correct}{}{Min}{0.006}%
\StoreBenchExecResult{TestII}{PredicateAnalysis}{SMTTime}{Correct}{}{Max}{0.015}%
\StoreBenchExecResult{TestII}{PredicateAnalysis}{SMTTime}{Correct}{}{Avg}{0.0105}%
\StoreBenchExecResult{TestII}{PredicateAnalysis}{SMTTime}{Correct}{}{Median}{0.0105}%
\StoreBenchExecResult{TestII}{PredicateAnalysis}{SMTTime}{Correct}{}{Stdev}{0.00450000000000}%
\StoreBenchExecResult{TestII}{PredicateAnalysis}{SMTTime}{Correct}{}{Unit}{s}%
\StoreBenchExecResult{TestII}{PredicateAnalysis}{SMTTime}{Correct}{True}{Sum}{0.021}%
\StoreBenchExecResult{TestII}{PredicateAnalysis}{SMTTime}{Correct}{True}{Min}{0.006}%
\StoreBenchExecResult{TestII}{PredicateAnalysis}{SMTTime}{Correct}{True}{Max}{0.015}%
\StoreBenchExecResult{TestII}{PredicateAnalysis}{SMTTime}{Correct}{True}{Avg}{0.0105}%
\StoreBenchExecResult{TestII}{PredicateAnalysis}{SMTTime}{Correct}{True}{Median}{0.0105}%
\StoreBenchExecResult{TestII}{PredicateAnalysis}{SMTTime}{Correct}{True}{Stdev}{0.00450000000000}%
\StoreBenchExecResult{TestII}{PredicateAnalysis}{SMTTime}{Correct}{True}{Unit}{s}%
\StoreBenchExecResult{TestII}{PredicateAnalysis}{SMTTime}{Wrong}{}{Sum}{0.015}%
\StoreBenchExecResult{TestII}{PredicateAnalysis}{SMTTime}{Wrong}{}{Min}{0.015}%
\StoreBenchExecResult{TestII}{PredicateAnalysis}{SMTTime}{Wrong}{}{Max}{0.015}%
\StoreBenchExecResult{TestII}{PredicateAnalysis}{SMTTime}{Wrong}{}{Avg}{0.015}%
\StoreBenchExecResult{TestII}{PredicateAnalysis}{SMTTime}{Wrong}{}{Median}{0.015}%
\StoreBenchExecResult{TestII}{PredicateAnalysis}{SMTTime}{Wrong}{}{Stdev}{0.00000000000000}%
\StoreBenchExecResult{TestII}{PredicateAnalysis}{SMTTime}{Wrong}{}{Unit}{s}%
\StoreBenchExecResult{TestII}{PredicateAnalysis}{SMTTime}{Wrong}{True}{Sum}{0.015}%
\StoreBenchExecResult{TestII}{PredicateAnalysis}{SMTTime}{Wrong}{True}{Min}{0.015}%
\StoreBenchExecResult{TestII}{PredicateAnalysis}{SMTTime}{Wrong}{True}{Max}{0.015}%
\StoreBenchExecResult{TestII}{PredicateAnalysis}{SMTTime}{Wrong}{True}{Avg}{0.015}%
\StoreBenchExecResult{TestII}{PredicateAnalysis}{SMTTime}{Wrong}{True}{Median}{0.015}%
\StoreBenchExecResult{TestII}{PredicateAnalysis}{SMTTime}{Wrong}{True}{Stdev}{0.00000000000000}%
\StoreBenchExecResult{TestII}{PredicateAnalysis}{SMTTime}{Wrong}{True}{Unit}{s}%
\StoreBenchExecResult{TestII}{ValueAnalysis}{Status}{All}{}{Score}{0}%
\StoreBenchExecResult{TestII}{ValueAnalysis}{Status}{All}{}{Count}{2}%
\StoreBenchExecResult{TestII}{ValueAnalysis}{Status}{Correct}{}{Count}{1}%
\StoreBenchExecResult{TestII}{ValueAnalysis}{Status}{Correct}{True}{Count}{0}%
\StoreBenchExecResult{TestII}{ValueAnalysis}{Status}{Correct}{False}{Count}{1}%
\StoreBenchExecResult{TestII}{ValueAnalysis}{Status}{Wrong}{}{Count}{0}%
\StoreBenchExecResult{TestII}{ValueAnalysis}{Status}{Wrong}{True}{Count}{0}%
\StoreBenchExecResult{TestII}{ValueAnalysis}{Status}{Wrong}{False}{Count}{0}%
\StoreBenchExecResult{TestII}{ValueAnalysis}{Cputime}{All}{}{Sum}{3.629164269}%
\StoreBenchExecResult{TestII}{ValueAnalysis}{Cputime}{All}{}{Min}{1.812178923}%
\StoreBenchExecResult{TestII}{ValueAnalysis}{Cputime}{All}{}{Max}{1.816985346}%
\StoreBenchExecResult{TestII}{ValueAnalysis}{Cputime}{All}{}{Avg}{1.8145821345}%
\StoreBenchExecResult{TestII}{ValueAnalysis}{Cputime}{All}{}{Median}{1.8145821345}%
\StoreBenchExecResult{TestII}{ValueAnalysis}{Cputime}{All}{}{Stdev}{0.00240321150000}%
\StoreBenchExecResult{TestII}{ValueAnalysis}{Cputime}{All}{}{Unit}{s}%
\StoreBenchExecResult{TestII}{ValueAnalysis}{Cputime}{Correct}{}{Sum}{1.816985346}%
\StoreBenchExecResult{TestII}{ValueAnalysis}{Cputime}{Correct}{}{Min}{1.816985346}%
\StoreBenchExecResult{TestII}{ValueAnalysis}{Cputime}{Correct}{}{Max}{1.816985346}%
\StoreBenchExecResult{TestII}{ValueAnalysis}{Cputime}{Correct}{}{Avg}{1.816985346}%
\StoreBenchExecResult{TestII}{ValueAnalysis}{Cputime}{Correct}{}{Median}{1.816985346}%
\StoreBenchExecResult{TestII}{ValueAnalysis}{Cputime}{Correct}{}{Stdev}{0.00000000000000}%
\StoreBenchExecResult{TestII}{ValueAnalysis}{Cputime}{Correct}{}{Unit}{s}%
\StoreBenchExecResult{TestII}{ValueAnalysis}{Cputime}{Correct}{False}{Sum}{1.816985346}%
\StoreBenchExecResult{TestII}{ValueAnalysis}{Cputime}{Correct}{False}{Min}{1.816985346}%
\StoreBenchExecResult{TestII}{ValueAnalysis}{Cputime}{Correct}{False}{Max}{1.816985346}%
\StoreBenchExecResult{TestII}{ValueAnalysis}{Cputime}{Correct}{False}{Avg}{1.816985346}%
\StoreBenchExecResult{TestII}{ValueAnalysis}{Cputime}{Correct}{False}{Median}{1.816985346}%
\StoreBenchExecResult{TestII}{ValueAnalysis}{Cputime}{Correct}{False}{Stdev}{0.00000000000000}%
\StoreBenchExecResult{TestII}{ValueAnalysis}{Cputime}{Correct}{False}{Unit}{s}%
\StoreBenchExecResult{TestII}{ValueAnalysis}{Analysis}{All}{}{Sum}{0.331}%
\StoreBenchExecResult{TestII}{ValueAnalysis}{Analysis}{All}{}{Min}{0.164}%
\StoreBenchExecResult{TestII}{ValueAnalysis}{Analysis}{All}{}{Max}{0.167}%
\StoreBenchExecResult{TestII}{ValueAnalysis}{Analysis}{All}{}{Avg}{0.1655}%
\StoreBenchExecResult{TestII}{ValueAnalysis}{Analysis}{All}{}{Median}{0.1655}%
\StoreBenchExecResult{TestII}{ValueAnalysis}{Analysis}{All}{}{Stdev}{0.00150000000000}%
\StoreBenchExecResult{TestII}{ValueAnalysis}{Analysis}{All}{}{Unit}{s}%
\StoreBenchExecResult{TestII}{ValueAnalysis}{Analysis}{Correct}{}{Sum}{0.164}%
\StoreBenchExecResult{TestII}{ValueAnalysis}{Analysis}{Correct}{}{Min}{0.164}%
\StoreBenchExecResult{TestII}{ValueAnalysis}{Analysis}{Correct}{}{Max}{0.164}%
\StoreBenchExecResult{TestII}{ValueAnalysis}{Analysis}{Correct}{}{Avg}{0.164}%
\StoreBenchExecResult{TestII}{ValueAnalysis}{Analysis}{Correct}{}{Median}{0.164}%
\StoreBenchExecResult{TestII}{ValueAnalysis}{Analysis}{Correct}{}{Stdev}{0.00000000000000}%
\StoreBenchExecResult{TestII}{ValueAnalysis}{Analysis}{Correct}{}{Unit}{s}%
\StoreBenchExecResult{TestII}{ValueAnalysis}{Analysis}{Correct}{False}{Sum}{0.164}%
\StoreBenchExecResult{TestII}{ValueAnalysis}{Analysis}{Correct}{False}{Min}{0.164}%
\StoreBenchExecResult{TestII}{ValueAnalysis}{Analysis}{Correct}{False}{Max}{0.164}%
\StoreBenchExecResult{TestII}{ValueAnalysis}{Analysis}{Correct}{False}{Avg}{0.164}%
\StoreBenchExecResult{TestII}{ValueAnalysis}{Analysis}{Correct}{False}{Median}{0.164}%
\StoreBenchExecResult{TestII}{ValueAnalysis}{Analysis}{Correct}{False}{Stdev}{0.00000000000000}%
\StoreBenchExecResult{TestII}{ValueAnalysis}{Analysis}{Correct}{False}{Unit}{s}%
\StoreBenchExecResult{TestII}{ValueAnalysis}{VariableCount}{All}{}{Sum}{0}%
\StoreBenchExecResult{TestII}{ValueAnalysis}{VariableCount}{All}{}{Min}{0}%
\StoreBenchExecResult{TestII}{ValueAnalysis}{VariableCount}{All}{}{Max}{0}%
\StoreBenchExecResult{TestII}{ValueAnalysis}{VariableCount}{All}{}{Avg}{0}%
\StoreBenchExecResult{TestII}{ValueAnalysis}{VariableCount}{All}{}{Median}{0}%
\StoreBenchExecResult{TestII}{ValueAnalysis}{VariableCount}{All}{}{Stdev}{0.00000000000000}%
\StoreBenchExecResult{TestII}{ValueAnalysis}{VariableCount}{Correct}{}{Sum}{0}%
\StoreBenchExecResult{TestII}{ValueAnalysis}{VariableCount}{Correct}{}{Min}{0}%
\StoreBenchExecResult{TestII}{ValueAnalysis}{VariableCount}{Correct}{}{Max}{0}%
\StoreBenchExecResult{TestII}{ValueAnalysis}{VariableCount}{Correct}{}{Avg}{0}%
\StoreBenchExecResult{TestII}{ValueAnalysis}{VariableCount}{Correct}{}{Median}{0}%
\StoreBenchExecResult{TestII}{ValueAnalysis}{VariableCount}{Correct}{}{Stdev}{0.00000000000000}%
\StoreBenchExecResult{TestII}{ValueAnalysis}{VariableCount}{Correct}{False}{Sum}{0}%
\StoreBenchExecResult{TestII}{ValueAnalysis}{VariableCount}{Correct}{False}{Min}{0}%
\StoreBenchExecResult{TestII}{ValueAnalysis}{VariableCount}{Correct}{False}{Max}{0}%
\StoreBenchExecResult{TestII}{ValueAnalysis}{VariableCount}{Correct}{False}{Avg}{0}%
\StoreBenchExecResult{TestII}{ValueAnalysis}{VariableCount}{Correct}{False}{Median}{0}%
\StoreBenchExecResult{TestII}{ValueAnalysis}{VariableCount}{Correct}{False}{Stdev}{0.00000000000000}%