% Statistics produced by BenchExec, more information at
% https://github.com/sosy-lab/benchexec/blob/main/doc/table-generator.md
% By default, this file defines a LaTeX command for each statistics value
% where the command name consists of the following concatenated parts:
% benchmark name, runset name, column title, category, status, statistic.
% (If necessary, this can be overridden with
% \newcommand\StoreBenchExecResult[7]{...} before including this file.)
% Numbers are replaced by roman numerals, all parts of the name are in camel case,
% and if necessary for uniqueness a counter is appended to the non-unique name part.
% The last part of the name is either "Count", "Sum", "Min", "Max", "Avg", "Median",
% "Stdev", "Score", or "Unit", with the latter providing the unit for the others.
% Rounding of values can be specified in the BenchExec table definition or done with
% \usepackage[round-mode=figures, round-precision=...]{siunitx} and the \num command.
% Arguments: benchmark name, runset name, column title, category, status, statistic, value
\providecommand\StoreBenchExecResult[7]{\expandafter\newcommand\csname#1#2#3#4#5#6\endcsname{#7}}%
\StoreBenchExecResult{Configselection}{ModelBasedSelection}{Status}{All}{}{Score}{0}%
\StoreBenchExecResult{Configselection}{ModelBasedSelection}{Status}{All}{}{Count}{3}%
\StoreBenchExecResult{Configselection}{ModelBasedSelection}{Status}{Correct}{}{Count}{3}%
\StoreBenchExecResult{Configselection}{ModelBasedSelection}{Status}{Correct}{True}{Count}{3}%
\StoreBenchExecResult{Configselection}{ModelBasedSelection}{Status}{Correct}{False}{Count}{0}%
\StoreBenchExecResult{Configselection}{ModelBasedSelection}{Status}{Wrong}{}{Count}{0}%
\StoreBenchExecResult{Configselection}{ModelBasedSelection}{Status}{Wrong}{True}{Count}{0}%
\StoreBenchExecResult{Configselection}{ModelBasedSelection}{Status}{Wrong}{False}{Count}{0}%
\StoreBenchExecResult{Configselection}{ModelBasedSelection}{Cputime}{All}{}{Sum}{48.22089819}%
\StoreBenchExecResult{Configselection}{ModelBasedSelection}{Cputime}{All}{}{Min}{16.07363273}%
\StoreBenchExecResult{Configselection}{ModelBasedSelection}{Cputime}{All}{}{Max}{16.07363273}%
\StoreBenchExecResult{Configselection}{ModelBasedSelection}{Cputime}{All}{}{Avg}{16.07363273}%
\StoreBenchExecResult{Configselection}{ModelBasedSelection}{Cputime}{All}{}{Median}{16.07363273}%
\StoreBenchExecResult{Configselection}{ModelBasedSelection}{Cputime}{All}{}{Stdev}{0.00000000000000}%
\StoreBenchExecResult{Configselection}{ModelBasedSelection}{Cputime}{All}{}{Unit}{s}%
\StoreBenchExecResult{Configselection}{ModelBasedSelection}{Cputime}{Correct}{}{Sum}{48.22089819}%
\StoreBenchExecResult{Configselection}{ModelBasedSelection}{Cputime}{Correct}{}{Min}{16.07363273}%
\StoreBenchExecResult{Configselection}{ModelBasedSelection}{Cputime}{Correct}{}{Max}{16.07363273}%
\StoreBenchExecResult{Configselection}{ModelBasedSelection}{Cputime}{Correct}{}{Avg}{16.07363273}%
\StoreBenchExecResult{Configselection}{ModelBasedSelection}{Cputime}{Correct}{}{Median}{16.07363273}%
\StoreBenchExecResult{Configselection}{ModelBasedSelection}{Cputime}{Correct}{}{Stdev}{0.00000000000000}%
\StoreBenchExecResult{Configselection}{ModelBasedSelection}{Cputime}{Correct}{}{Unit}{s}%
\StoreBenchExecResult{Configselection}{ModelBasedSelection}{Cputime}{Correct}{True}{Sum}{48.22089819}%
\StoreBenchExecResult{Configselection}{ModelBasedSelection}{Cputime}{Correct}{True}{Min}{16.07363273}%
\StoreBenchExecResult{Configselection}{ModelBasedSelection}{Cputime}{Correct}{True}{Max}{16.07363273}%
\StoreBenchExecResult{Configselection}{ModelBasedSelection}{Cputime}{Correct}{True}{Avg}{16.07363273}%
\StoreBenchExecResult{Configselection}{ModelBasedSelection}{Cputime}{Correct}{True}{Median}{16.07363273}%
\StoreBenchExecResult{Configselection}{ModelBasedSelection}{Cputime}{Correct}{True}{Stdev}{0.00000000000000}%
\StoreBenchExecResult{Configselection}{ModelBasedSelection}{Cputime}{Correct}{True}{Unit}{s}%
\StoreBenchExecResult{Configselection}{ModelBasedSelection}{Walltime}{All}{}{Sum}{24.89193034173}%
\StoreBenchExecResult{Configselection}{ModelBasedSelection}{Walltime}{All}{}{Min}{8.29731011391}%
\StoreBenchExecResult{Configselection}{ModelBasedSelection}{Walltime}{All}{}{Max}{8.29731011391}%
\StoreBenchExecResult{Configselection}{ModelBasedSelection}{Walltime}{All}{}{Avg}{8.29731011391}%
\StoreBenchExecResult{Configselection}{ModelBasedSelection}{Walltime}{All}{}{Median}{8.29731011391}%
\StoreBenchExecResult{Configselection}{ModelBasedSelection}{Walltime}{All}{}{Stdev}{0.00000000000000}%
\StoreBenchExecResult{Configselection}{ModelBasedSelection}{Walltime}{All}{}{Unit}{s}%
\StoreBenchExecResult{Configselection}{ModelBasedSelection}{Walltime}{Correct}{}{Sum}{24.89193034173}%
\StoreBenchExecResult{Configselection}{ModelBasedSelection}{Walltime}{Correct}{}{Min}{8.29731011391}%
\StoreBenchExecResult{Configselection}{ModelBasedSelection}{Walltime}{Correct}{}{Max}{8.29731011391}%
\StoreBenchExecResult{Configselection}{ModelBasedSelection}{Walltime}{Correct}{}{Avg}{8.29731011391}%
\StoreBenchExecResult{Configselection}{ModelBasedSelection}{Walltime}{Correct}{}{Median}{8.29731011391}%
\StoreBenchExecResult{Configselection}{ModelBasedSelection}{Walltime}{Correct}{}{Stdev}{0.00000000000000}%
\StoreBenchExecResult{Configselection}{ModelBasedSelection}{Walltime}{Correct}{}{Unit}{s}%
\StoreBenchExecResult{Configselection}{ModelBasedSelection}{Walltime}{Correct}{True}{Sum}{24.89193034173}%
\StoreBenchExecResult{Configselection}{ModelBasedSelection}{Walltime}{Correct}{True}{Min}{8.29731011391}%
\StoreBenchExecResult{Configselection}{ModelBasedSelection}{Walltime}{Correct}{True}{Max}{8.29731011391}%
\StoreBenchExecResult{Configselection}{ModelBasedSelection}{Walltime}{Correct}{True}{Avg}{8.29731011391}%
\StoreBenchExecResult{Configselection}{ModelBasedSelection}{Walltime}{Correct}{True}{Median}{8.29731011391}%
\StoreBenchExecResult{Configselection}{ModelBasedSelection}{Walltime}{Correct}{True}{Stdev}{0.00000000000000}%
\StoreBenchExecResult{Configselection}{ModelBasedSelection}{Walltime}{Correct}{True}{Unit}{s}%
\StoreBenchExecResult{Configselection}{ModelBasedSelection}{Walltime}{Local}{}{Sum}{65227.32222509384}%
\StoreBenchExecResult{Configselection}{ModelBasedSelection}{Walltime}{Local}{}{Unit}{s}%
\StoreBenchExecResult{Configselection}{ModelBasedSelection}{Memory}{All}{}{Sum}{1667.641344}%
\StoreBenchExecResult{Configselection}{ModelBasedSelection}{Memory}{All}{}{Min}{555.880448}%
\StoreBenchExecResult{Configselection}{ModelBasedSelection}{Memory}{All}{}{Max}{555.880448}%
\StoreBenchExecResult{Configselection}{ModelBasedSelection}{Memory}{All}{}{Avg}{555.880448}%
\StoreBenchExecResult{Configselection}{ModelBasedSelection}{Memory}{All}{}{Median}{555.880448}%
\StoreBenchExecResult{Configselection}{ModelBasedSelection}{Memory}{All}{}{Stdev}{0.00000000000000000000}%
\StoreBenchExecResult{Configselection}{ModelBasedSelection}{Memory}{All}{}{Unit}{MB}%
\StoreBenchExecResult{Configselection}{ModelBasedSelection}{Memory}{Correct}{}{Sum}{1667.641344}%
\StoreBenchExecResult{Configselection}{ModelBasedSelection}{Memory}{Correct}{}{Min}{555.880448}%
\StoreBenchExecResult{Configselection}{ModelBasedSelection}{Memory}{Correct}{}{Max}{555.880448}%
\StoreBenchExecResult{Configselection}{ModelBasedSelection}{Memory}{Correct}{}{Avg}{555.880448}%
\StoreBenchExecResult{Configselection}{ModelBasedSelection}{Memory}{Correct}{}{Median}{555.880448}%
\StoreBenchExecResult{Configselection}{ModelBasedSelection}{Memory}{Correct}{}{Stdev}{0.00000000000000000000}%
\StoreBenchExecResult{Configselection}{ModelBasedSelection}{Memory}{Correct}{}{Unit}{MB}%
\StoreBenchExecResult{Configselection}{ModelBasedSelection}{Memory}{Correct}{True}{Sum}{1667.641344}%
\StoreBenchExecResult{Configselection}{ModelBasedSelection}{Memory}{Correct}{True}{Min}{555.880448}%
\StoreBenchExecResult{Configselection}{ModelBasedSelection}{Memory}{Correct}{True}{Max}{555.880448}%
\StoreBenchExecResult{Configselection}{ModelBasedSelection}{Memory}{Correct}{True}{Avg}{555.880448}%
\StoreBenchExecResult{Configselection}{ModelBasedSelection}{Memory}{Correct}{True}{Median}{555.880448}%
\StoreBenchExecResult{Configselection}{ModelBasedSelection}{Memory}{Correct}{True}{Stdev}{0.00000000000000000000}%
\StoreBenchExecResult{Configselection}{ModelBasedSelection}{Memory}{Correct}{True}{Unit}{MB}%
\StoreBenchExecResult{Configselection}{ModelBasedSelection}{Aliasing}{All}{}{Sum}{NaN}%
\StoreBenchExecResult{Configselection}{ModelBasedSelection}{Aliasing}{All}{}{Min}{-Inf}%
\StoreBenchExecResult{Configselection}{ModelBasedSelection}{Aliasing}{All}{}{Max}{Inf}%
\StoreBenchExecResult{Configselection}{ModelBasedSelection}{Aliasing}{All}{}{Avg}{NaN}%
\StoreBenchExecResult{Configselection}{ModelBasedSelection}{Aliasing}{All}{}{Median}{1}%
\StoreBenchExecResult{Configselection}{ModelBasedSelection}{Aliasing}{All}{}{Stdev}{NaN}%
\StoreBenchExecResult{Configselection}{ModelBasedSelection}{Aliasing}{Correct}{}{Sum}{NaN}%
\StoreBenchExecResult{Configselection}{ModelBasedSelection}{Aliasing}{Correct}{}{Min}{-Inf}%
\StoreBenchExecResult{Configselection}{ModelBasedSelection}{Aliasing}{Correct}{}{Max}{Inf}%
\StoreBenchExecResult{Configselection}{ModelBasedSelection}{Aliasing}{Correct}{}{Avg}{NaN}%
\StoreBenchExecResult{Configselection}{ModelBasedSelection}{Aliasing}{Correct}{}{Median}{1}%
\StoreBenchExecResult{Configselection}{ModelBasedSelection}{Aliasing}{Correct}{}{Stdev}{NaN}%
\StoreBenchExecResult{Configselection}{ModelBasedSelection}{Aliasing}{Correct}{True}{Sum}{NaN}%
\StoreBenchExecResult{Configselection}{ModelBasedSelection}{Aliasing}{Correct}{True}{Min}{-Inf}%
\StoreBenchExecResult{Configselection}{ModelBasedSelection}{Aliasing}{Correct}{True}{Max}{Inf}%
\StoreBenchExecResult{Configselection}{ModelBasedSelection}{Aliasing}{Correct}{True}{Avg}{NaN}%
\StoreBenchExecResult{Configselection}{ModelBasedSelection}{Aliasing}{Correct}{True}{Median}{1}%
\StoreBenchExecResult{Configselection}{ModelBasedSelection}{Aliasing}{Correct}{True}{Stdev}{NaN}%
\StoreBenchExecResult{Configselection}{ModelBasedSelection}{Arrays}{All}{}{Sum}{3}%
\StoreBenchExecResult{Configselection}{ModelBasedSelection}{Arrays}{All}{}{Min}{1}%
\StoreBenchExecResult{Configselection}{ModelBasedSelection}{Arrays}{All}{}{Max}{1}%
\StoreBenchExecResult{Configselection}{ModelBasedSelection}{Arrays}{All}{}{Avg}{1}%
\StoreBenchExecResult{Configselection}{ModelBasedSelection}{Arrays}{All}{}{Median}{1}%
\StoreBenchExecResult{Configselection}{ModelBasedSelection}{Arrays}{All}{}{Stdev}{0.00000000000000}%
\StoreBenchExecResult{Configselection}{ModelBasedSelection}{Arrays}{Correct}{}{Sum}{3}%
\StoreBenchExecResult{Configselection}{ModelBasedSelection}{Arrays}{Correct}{}{Min}{1}%
\StoreBenchExecResult{Configselection}{ModelBasedSelection}{Arrays}{Correct}{}{Max}{1}%
\StoreBenchExecResult{Configselection}{ModelBasedSelection}{Arrays}{Correct}{}{Avg}{1}%
\StoreBenchExecResult{Configselection}{ModelBasedSelection}{Arrays}{Correct}{}{Median}{1}%
\StoreBenchExecResult{Configselection}{ModelBasedSelection}{Arrays}{Correct}{}{Stdev}{0.00000000000000}%
\StoreBenchExecResult{Configselection}{ModelBasedSelection}{Arrays}{Correct}{True}{Sum}{3}%
\StoreBenchExecResult{Configselection}{ModelBasedSelection}{Arrays}{Correct}{True}{Min}{1}%
\StoreBenchExecResult{Configselection}{ModelBasedSelection}{Arrays}{Correct}{True}{Max}{1}%
\StoreBenchExecResult{Configselection}{ModelBasedSelection}{Arrays}{Correct}{True}{Avg}{1}%
\StoreBenchExecResult{Configselection}{ModelBasedSelection}{Arrays}{Correct}{True}{Median}{1}%
\StoreBenchExecResult{Configselection}{ModelBasedSelection}{Arrays}{Correct}{True}{Stdev}{0.00000000000000}%
\StoreBenchExecResult{Configselection}{ModelBasedSelection}{Boolean}{All}{}{Sum}{-Inf}%
\StoreBenchExecResult{Configselection}{ModelBasedSelection}{Boolean}{All}{}{Min}{-Inf}%
\StoreBenchExecResult{Configselection}{ModelBasedSelection}{Boolean}{All}{}{Max}{0}%
\StoreBenchExecResult{Configselection}{ModelBasedSelection}{Boolean}{All}{}{Avg}{-Inf}%
\StoreBenchExecResult{Configselection}{ModelBasedSelection}{Boolean}{All}{}{Median}{0}%
\StoreBenchExecResult{Configselection}{ModelBasedSelection}{Boolean}{All}{}{Stdev}{Inf}%
\StoreBenchExecResult{Configselection}{ModelBasedSelection}{Boolean}{Correct}{}{Sum}{-Inf}%
\StoreBenchExecResult{Configselection}{ModelBasedSelection}{Boolean}{Correct}{}{Min}{-Inf}%
\StoreBenchExecResult{Configselection}{ModelBasedSelection}{Boolean}{Correct}{}{Max}{0}%
\StoreBenchExecResult{Configselection}{ModelBasedSelection}{Boolean}{Correct}{}{Avg}{-Inf}%
\StoreBenchExecResult{Configselection}{ModelBasedSelection}{Boolean}{Correct}{}{Median}{0}%
\StoreBenchExecResult{Configselection}{ModelBasedSelection}{Boolean}{Correct}{}{Stdev}{Inf}%
\StoreBenchExecResult{Configselection}{ModelBasedSelection}{Boolean}{Correct}{True}{Sum}{-Inf}%
\StoreBenchExecResult{Configselection}{ModelBasedSelection}{Boolean}{Correct}{True}{Min}{-Inf}%
\StoreBenchExecResult{Configselection}{ModelBasedSelection}{Boolean}{Correct}{True}{Max}{0}%
\StoreBenchExecResult{Configselection}{ModelBasedSelection}{Boolean}{Correct}{True}{Avg}{-Inf}%
\StoreBenchExecResult{Configselection}{ModelBasedSelection}{Boolean}{Correct}{True}{Median}{0}%
\StoreBenchExecResult{Configselection}{ModelBasedSelection}{Boolean}{Correct}{True}{Stdev}{Inf}%
\StoreBenchExecResult{Configselection}{ModelBasedSelection}{CompositeTypes}{All}{}{Sum}{3}%
\StoreBenchExecResult{Configselection}{ModelBasedSelection}{CompositeTypes}{All}{}{Min}{1}%
\StoreBenchExecResult{Configselection}{ModelBasedSelection}{CompositeTypes}{All}{}{Max}{1}%
\StoreBenchExecResult{Configselection}{ModelBasedSelection}{CompositeTypes}{All}{}{Avg}{1}%
\StoreBenchExecResult{Configselection}{ModelBasedSelection}{CompositeTypes}{All}{}{Median}{1}%
\StoreBenchExecResult{Configselection}{ModelBasedSelection}{CompositeTypes}{All}{}{Stdev}{0.00000000000000}%
\StoreBenchExecResult{Configselection}{ModelBasedSelection}{CompositeTypes}{Correct}{}{Sum}{3}%
\StoreBenchExecResult{Configselection}{ModelBasedSelection}{CompositeTypes}{Correct}{}{Min}{1}%
\StoreBenchExecResult{Configselection}{ModelBasedSelection}{CompositeTypes}{Correct}{}{Max}{1}%
\StoreBenchExecResult{Configselection}{ModelBasedSelection}{CompositeTypes}{Correct}{}{Avg}{1}%
\StoreBenchExecResult{Configselection}{ModelBasedSelection}{CompositeTypes}{Correct}{}{Median}{1}%
\StoreBenchExecResult{Configselection}{ModelBasedSelection}{CompositeTypes}{Correct}{}{Stdev}{0.00000000000000}%
\StoreBenchExecResult{Configselection}{ModelBasedSelection}{CompositeTypes}{Correct}{True}{Sum}{3}%
\StoreBenchExecResult{Configselection}{ModelBasedSelection}{CompositeTypes}{Correct}{True}{Min}{1}%
\StoreBenchExecResult{Configselection}{ModelBasedSelection}{CompositeTypes}{Correct}{True}{Max}{1}%
\StoreBenchExecResult{Configselection}{ModelBasedSelection}{CompositeTypes}{Correct}{True}{Avg}{1}%
\StoreBenchExecResult{Configselection}{ModelBasedSelection}{CompositeTypes}{Correct}{True}{Median}{1}%
\StoreBenchExecResult{Configselection}{ModelBasedSelection}{CompositeTypes}{Correct}{True}{Stdev}{0.00000000000000}%
\StoreBenchExecResult{Configselection}{ModelBasedSelection}{Floats}{All}{}{Sum}{NaN}%
\StoreBenchExecResult{Configselection}{ModelBasedSelection}{Floats}{All}{}{Min}{NaN}%
\StoreBenchExecResult{Configselection}{ModelBasedSelection}{Floats}{All}{}{Max}{NaN}%
\StoreBenchExecResult{Configselection}{ModelBasedSelection}{Floats}{All}{}{Avg}{NaN}%
\StoreBenchExecResult{Configselection}{ModelBasedSelection}{Floats}{All}{}{Median}{NaN}%
\StoreBenchExecResult{Configselection}{ModelBasedSelection}{Floats}{All}{}{Stdev}{NaN}%
\StoreBenchExecResult{Configselection}{ModelBasedSelection}{Floats}{Correct}{}{Sum}{NaN}%
\StoreBenchExecResult{Configselection}{ModelBasedSelection}{Floats}{Correct}{}{Min}{NaN}%
\StoreBenchExecResult{Configselection}{ModelBasedSelection}{Floats}{Correct}{}{Max}{NaN}%
\StoreBenchExecResult{Configselection}{ModelBasedSelection}{Floats}{Correct}{}{Avg}{NaN}%
\StoreBenchExecResult{Configselection}{ModelBasedSelection}{Floats}{Correct}{}{Median}{NaN}%
\StoreBenchExecResult{Configselection}{ModelBasedSelection}{Floats}{Correct}{}{Stdev}{NaN}%
\StoreBenchExecResult{Configselection}{ModelBasedSelection}{Floats}{Correct}{True}{Sum}{NaN}%
\StoreBenchExecResult{Configselection}{ModelBasedSelection}{Floats}{Correct}{True}{Min}{NaN}%
\StoreBenchExecResult{Configselection}{ModelBasedSelection}{Floats}{Correct}{True}{Max}{NaN}%
\StoreBenchExecResult{Configselection}{ModelBasedSelection}{Floats}{Correct}{True}{Avg}{NaN}%
\StoreBenchExecResult{Configselection}{ModelBasedSelection}{Floats}{Correct}{True}{Median}{NaN}%
\StoreBenchExecResult{Configselection}{ModelBasedSelection}{Floats}{Correct}{True}{Stdev}{NaN}%
\StoreBenchExecResult{Configselection}{ModelBasedSelection}{Loops}{All}{}{Sum}{Inf}%
\StoreBenchExecResult{Configselection}{ModelBasedSelection}{Loops}{All}{}{Min}{1}%
\StoreBenchExecResult{Configselection}{ModelBasedSelection}{Loops}{All}{}{Max}{Inf}%
\StoreBenchExecResult{Configselection}{ModelBasedSelection}{Loops}{All}{}{Avg}{Inf}%
\StoreBenchExecResult{Configselection}{ModelBasedSelection}{Loops}{All}{}{Median}{1}%
\StoreBenchExecResult{Configselection}{ModelBasedSelection}{Loops}{All}{}{Stdev}{Inf}%
\StoreBenchExecResult{Configselection}{ModelBasedSelection}{Loops}{Correct}{}{Sum}{Inf}%
\StoreBenchExecResult{Configselection}{ModelBasedSelection}{Loops}{Correct}{}{Min}{1}%
\StoreBenchExecResult{Configselection}{ModelBasedSelection}{Loops}{Correct}{}{Max}{Inf}%
\StoreBenchExecResult{Configselection}{ModelBasedSelection}{Loops}{Correct}{}{Avg}{Inf}%
\StoreBenchExecResult{Configselection}{ModelBasedSelection}{Loops}{Correct}{}{Median}{1}%
\StoreBenchExecResult{Configselection}{ModelBasedSelection}{Loops}{Correct}{}{Stdev}{Inf}%
\StoreBenchExecResult{Configselection}{ModelBasedSelection}{Loops}{Correct}{True}{Sum}{Inf}%
\StoreBenchExecResult{Configselection}{ModelBasedSelection}{Loops}{Correct}{True}{Min}{1}%
\StoreBenchExecResult{Configselection}{ModelBasedSelection}{Loops}{Correct}{True}{Max}{Inf}%
\StoreBenchExecResult{Configselection}{ModelBasedSelection}{Loops}{Correct}{True}{Avg}{Inf}%
\StoreBenchExecResult{Configselection}{ModelBasedSelection}{Loops}{Correct}{True}{Median}{1}%
\StoreBenchExecResult{Configselection}{ModelBasedSelection}{Loops}{Correct}{True}{Stdev}{Inf}%