% Statistics produced by BenchExec, more information at
% https://github.com/sosy-lab/benchexec/blob/main/doc/table-generator.md
% By default, this file defines a LaTeX command for each statistics value
% where the command name consists of the following concatenated parts:
% benchmark name, runset name, column title, category, status, statistic.
% (If necessary, this can be overridden with
% \newcommand\StoreBenchExecResult[7]{...} before including this file.)
% Numbers are replaced by roman numerals, all parts of the name are in camel case,
% and if necessary for uniqueness a counter is appended to the non-unique name part.
% The last part of the name is either "Count", "Sum", "Min", "Max", "Avg", "Median",
% "Stdev", "Score", or "Unit", with the latter providing the unit for the others.
% Rounding of values can be specified in the BenchExec table definition or done with
% \usepackage[round-mode=figures, round-precision=...]{siunitx} and the \num command.
% Arguments: benchmark name, runset name, column title, category, status, statistic, value
\providecommand\StoreBenchExecResult[7]{\expandafter\newcommand\csname#1#2#3#4#5#6\endcsname{#7}}%
\StoreBenchExecResult{TestI}{PredicateAnalysis}{Status}{All}{}{Score}{0}%
\StoreBenchExecResult{TestI}{PredicateAnalysis}{Status}{All}{}{Count}{5}%
\StoreBenchExecResult{TestI}{PredicateAnalysis}{Status}{Correct}{}{Count}{3}%
\StoreBenchExecResult{TestI}{PredicateAnalysis}{Status}{Correct}{True}{Count}{2}%
\StoreBenchExecResult{TestI}{PredicateAnalysis}{Status}{Correct}{False}{Count}{1}%
\StoreBenchExecResult{TestI}{PredicateAnalysis}{Status}{Wrong}{}{Count}{1}%
\StoreBenchExecResult{TestI}{PredicateAnalysis}{Status}{Wrong}{True}{Count}{1}%
\StoreBenchExecResult{TestI}{PredicateAnalysis}{Status}{Wrong}{False}{Count}{0}%
\StoreBenchExecResult{TestI}{PredicateAnalysis}{Cputime}{All}{}{Sum}{9.389318338}%
\StoreBenchExecResult{TestI}{PredicateAnalysis}{Cputime}{All}{}{Min}{1.829559535}%
\StoreBenchExecResult{TestI}{PredicateAnalysis}{Cputime}{All}{}{Max}{1.949553467}%
\StoreBenchExecResult{TestI}{PredicateAnalysis}{Cputime}{All}{}{Avg}{1.8778636676}%
\StoreBenchExecResult{TestI}{PredicateAnalysis}{Cputime}{All}{}{Median}{1.858883109}%
\StoreBenchExecResult{TestI}{PredicateAnalysis}{Cputime}{All}{}{Stdev}{0.04257001950246352236218650379}%
\StoreBenchExecResult{TestI}{PredicateAnalysis}{Cputime}{All}{}{Unit}{s}%
\StoreBenchExecResult{TestI}{PredicateAnalysis}{Cputime}{Correct}{}{Sum}{5.630092623}%
\StoreBenchExecResult{TestI}{PredicateAnalysis}{Cputime}{Correct}{}{Min}{1.829559535}%
\StoreBenchExecResult{TestI}{PredicateAnalysis}{Cputime}{Correct}{}{Max}{1.949553467}%
\StoreBenchExecResult{TestI}{PredicateAnalysis}{Cputime}{Correct}{}{Avg}{1.876697541}%
\StoreBenchExecResult{TestI}{PredicateAnalysis}{Cputime}{Correct}{}{Median}{1.850979621}%
\StoreBenchExecResult{TestI}{PredicateAnalysis}{Cputime}{Correct}{}{Stdev}{0.05225383230634831310378708422}%
\StoreBenchExecResult{TestI}{PredicateAnalysis}{Cputime}{Correct}{}{Unit}{s}%
\StoreBenchExecResult{TestI}{PredicateAnalysis}{Cputime}{Correct}{True}{Sum}{3.800533088}%
\StoreBenchExecResult{TestI}{PredicateAnalysis}{Cputime}{Correct}{True}{Min}{1.850979621}%
\StoreBenchExecResult{TestI}{PredicateAnalysis}{Cputime}{Correct}{True}{Max}{1.949553467}%
\StoreBenchExecResult{TestI}{PredicateAnalysis}{Cputime}{Correct}{True}{Avg}{1.900266544}%
\StoreBenchExecResult{TestI}{PredicateAnalysis}{Cputime}{Correct}{True}{Median}{1.900266544}%
\StoreBenchExecResult{TestI}{PredicateAnalysis}{Cputime}{Correct}{True}{Stdev}{0.04928692300000}%
\StoreBenchExecResult{TestI}{PredicateAnalysis}{Cputime}{Correct}{True}{Unit}{s}%
\StoreBenchExecResult{TestI}{PredicateAnalysis}{Cputime}{Correct}{False}{Sum}{1.829559535}%
\StoreBenchExecResult{TestI}{PredicateAnalysis}{Cputime}{Correct}{False}{Min}{1.829559535}%
\StoreBenchExecResult{TestI}{PredicateAnalysis}{Cputime}{Correct}{False}{Max}{1.829559535}%
\StoreBenchExecResult{TestI}{PredicateAnalysis}{Cputime}{Correct}{False}{Avg}{1.829559535}%
\StoreBenchExecResult{TestI}{PredicateAnalysis}{Cputime}{Correct}{False}{Median}{1.829559535}%
\StoreBenchExecResult{TestI}{PredicateAnalysis}{Cputime}{Correct}{False}{Stdev}{0.00000000000000}%
\StoreBenchExecResult{TestI}{PredicateAnalysis}{Cputime}{Correct}{False}{Unit}{s}%
\StoreBenchExecResult{TestI}{PredicateAnalysis}{Cputime}{Wrong}{}{Sum}{1.858883109}%
\StoreBenchExecResult{TestI}{PredicateAnalysis}{Cputime}{Wrong}{}{Min}{1.858883109}%
\StoreBenchExecResult{TestI}{PredicateAnalysis}{Cputime}{Wrong}{}{Max}{1.858883109}%
\StoreBenchExecResult{TestI}{PredicateAnalysis}{Cputime}{Wrong}{}{Avg}{1.858883109}%
\StoreBenchExecResult{TestI}{PredicateAnalysis}{Cputime}{Wrong}{}{Median}{1.858883109}%
\StoreBenchExecResult{TestI}{PredicateAnalysis}{Cputime}{Wrong}{}{Stdev}{0.00000000000000}%
\StoreBenchExecResult{TestI}{PredicateAnalysis}{Cputime}{Wrong}{}{Unit}{s}%
\StoreBenchExecResult{TestI}{PredicateAnalysis}{Cputime}{Wrong}{True}{Sum}{1.858883109}%
\StoreBenchExecResult{TestI}{PredicateAnalysis}{Cputime}{Wrong}{True}{Min}{1.858883109}%
\StoreBenchExecResult{TestI}{PredicateAnalysis}{Cputime}{Wrong}{True}{Max}{1.858883109}%
\StoreBenchExecResult{TestI}{PredicateAnalysis}{Cputime}{Wrong}{True}{Avg}{1.858883109}%
\StoreBenchExecResult{TestI}{PredicateAnalysis}{Cputime}{Wrong}{True}{Median}{1.858883109}%
\StoreBenchExecResult{TestI}{PredicateAnalysis}{Cputime}{Wrong}{True}{Stdev}{0.00000000000000}%
\StoreBenchExecResult{TestI}{PredicateAnalysis}{Cputime}{Wrong}{True}{Unit}{s}%
\StoreBenchExecResult{TestI}{PredicateAnalysis}{Cputime}{Local}{}{Sum}{9.40492}%
\StoreBenchExecResult{TestI}{PredicateAnalysis}{Cputime}{Local}{}{Unit}{s}%
\StoreBenchExecResult{TestI}{PredicateAnalysis}{Walltime}{All}{}{Sum}{9.4261422157287599}%
\StoreBenchExecResult{TestI}{PredicateAnalysis}{Walltime}{All}{}{Min}{1.8350000381469727}%
\StoreBenchExecResult{TestI}{PredicateAnalysis}{Walltime}{All}{}{Max}{1.957531213760376}%
\StoreBenchExecResult{TestI}{PredicateAnalysis}{Walltime}{All}{}{Avg}{1.88522844314575198}%
\StoreBenchExecResult{TestI}{PredicateAnalysis}{Walltime}{All}{}{Median}{1.8666319847106934}%
\StoreBenchExecResult{TestI}{PredicateAnalysis}{Walltime}{All}{}{Stdev}{0.04314211548784095260143761438}%
\StoreBenchExecResult{TestI}{PredicateAnalysis}{Walltime}{All}{}{Unit}{s}%
\StoreBenchExecResult{TestI}{PredicateAnalysis}{Walltime}{Correct}{}{Sum}{5.6514875888824464}%
\StoreBenchExecResult{TestI}{PredicateAnalysis}{Walltime}{Correct}{}{Min}{1.8350000381469727}%
\StoreBenchExecResult{TestI}{PredicateAnalysis}{Walltime}{Correct}{}{Max}{1.957531213760376}%
\StoreBenchExecResult{TestI}{PredicateAnalysis}{Walltime}{Correct}{}{Avg}{1.8838291962941488}%
\StoreBenchExecResult{TestI}{PredicateAnalysis}{Walltime}{Correct}{}{Median}{1.8589563369750977}%
\StoreBenchExecResult{TestI}{PredicateAnalysis}{Walltime}{Correct}{}{Stdev}{0.05302494128445374183519480361}%
\StoreBenchExecResult{TestI}{PredicateAnalysis}{Walltime}{Correct}{}{Unit}{s}%
\StoreBenchExecResult{TestI}{PredicateAnalysis}{Walltime}{Correct}{True}{Sum}{3.8164875507354737}%
\StoreBenchExecResult{TestI}{PredicateAnalysis}{Walltime}{Correct}{True}{Min}{1.8589563369750977}%
\StoreBenchExecResult{TestI}{PredicateAnalysis}{Walltime}{Correct}{True}{Max}{1.957531213760376}%
\StoreBenchExecResult{TestI}{PredicateAnalysis}{Walltime}{Correct}{True}{Avg}{1.90824377536773685}%
\StoreBenchExecResult{TestI}{PredicateAnalysis}{Walltime}{Correct}{True}{Median}{1.90824377536773685}%
\StoreBenchExecResult{TestI}{PredicateAnalysis}{Walltime}{Correct}{True}{Stdev}{0.04928743839263915000000000000}%
\StoreBenchExecResult{TestI}{PredicateAnalysis}{Walltime}{Correct}{True}{Unit}{s}%
\StoreBenchExecResult{TestI}{PredicateAnalysis}{Walltime}{Correct}{False}{Sum}{1.8350000381469727}%
\StoreBenchExecResult{TestI}{PredicateAnalysis}{Walltime}{Correct}{False}{Min}{1.8350000381469727}%
\StoreBenchExecResult{TestI}{PredicateAnalysis}{Walltime}{Correct}{False}{Max}{1.8350000381469727}%
\StoreBenchExecResult{TestI}{PredicateAnalysis}{Walltime}{Correct}{False}{Avg}{1.8350000381469727}%
\StoreBenchExecResult{TestI}{PredicateAnalysis}{Walltime}{Correct}{False}{Median}{1.8350000381469727}%
\StoreBenchExecResult{TestI}{PredicateAnalysis}{Walltime}{Correct}{False}{Stdev}{0.0000000000000000}%
\StoreBenchExecResult{TestI}{PredicateAnalysis}{Walltime}{Correct}{False}{Unit}{s}%
\StoreBenchExecResult{TestI}{PredicateAnalysis}{Walltime}{Wrong}{}{Sum}{1.8666319847106934}%
\StoreBenchExecResult{TestI}{PredicateAnalysis}{Walltime}{Wrong}{}{Min}{1.8666319847106934}%
\StoreBenchExecResult{TestI}{PredicateAnalysis}{Walltime}{Wrong}{}{Max}{1.8666319847106934}%
\StoreBenchExecResult{TestI}{PredicateAnalysis}{Walltime}{Wrong}{}{Avg}{1.8666319847106934}%
\StoreBenchExecResult{TestI}{PredicateAnalysis}{Walltime}{Wrong}{}{Median}{1.8666319847106934}%
\StoreBenchExecResult{TestI}{PredicateAnalysis}{Walltime}{Wrong}{}{Stdev}{0.0000000000000000}%
\StoreBenchExecResult{TestI}{PredicateAnalysis}{Walltime}{Wrong}{}{Unit}{s}%
\StoreBenchExecResult{TestI}{PredicateAnalysis}{Walltime}{Wrong}{True}{Sum}{1.8666319847106934}%
\StoreBenchExecResult{TestI}{PredicateAnalysis}{Walltime}{Wrong}{True}{Min}{1.8666319847106934}%
\StoreBenchExecResult{TestI}{PredicateAnalysis}{Walltime}{Wrong}{True}{Max}{1.8666319847106934}%
\StoreBenchExecResult{TestI}{PredicateAnalysis}{Walltime}{Wrong}{True}{Avg}{1.8666319847106934}%
\StoreBenchExecResult{TestI}{PredicateAnalysis}{Walltime}{Wrong}{True}{Median}{1.8666319847106934}%
\StoreBenchExecResult{TestI}{PredicateAnalysis}{Walltime}{Wrong}{True}{Stdev}{0.0000000000000000}%
\StoreBenchExecResult{TestI}{PredicateAnalysis}{Walltime}{Wrong}{True}{Unit}{s}%
\StoreBenchExecResult{TestI}{PredicateAnalysis}{Walltime}{Local}{}{Sum}{10.121181964874268}%
\StoreBenchExecResult{TestI}{PredicateAnalysis}{Walltime}{Local}{}{Unit}{s}%
\StoreBenchExecResult{TestI}{PredicateAnalysis}{Memory}{All}{}{Sum}{648.318976}%
\StoreBenchExecResult{TestI}{PredicateAnalysis}{Memory}{All}{}{Min}{128.536576}%
\StoreBenchExecResult{TestI}{PredicateAnalysis}{Memory}{All}{}{Max}{130.568192}%
\StoreBenchExecResult{TestI}{PredicateAnalysis}{Memory}{All}{}{Avg}{129.6637952}%
\StoreBenchExecResult{TestI}{PredicateAnalysis}{Memory}{All}{}{Median}{129.806336}%
\StoreBenchExecResult{TestI}{PredicateAnalysis}{Memory}{All}{}{Stdev}{0.6707512351810915599486043786}%
\StoreBenchExecResult{TestI}{PredicateAnalysis}{Memory}{All}{}{Unit}{MB}%
\StoreBenchExecResult{TestI}{PredicateAnalysis}{Memory}{Correct}{}{Sum}{388.308992}%
\StoreBenchExecResult{TestI}{PredicateAnalysis}{Memory}{Correct}{}{Min}{128.536576}%
\StoreBenchExecResult{TestI}{PredicateAnalysis}{Memory}{Correct}{}{Max}{129.966080}%
\StoreBenchExecResult{TestI}{PredicateAnalysis}{Memory}{Correct}{}{Avg}{129.4363306666666666666666667}%
\StoreBenchExecResult{TestI}{PredicateAnalysis}{Memory}{Correct}{}{Median}{129.806336}%
\StoreBenchExecResult{TestI}{PredicateAnalysis}{Memory}{Correct}{}{Stdev}{0.6395562949031322154469911477}%
\StoreBenchExecResult{TestI}{PredicateAnalysis}{Memory}{Correct}{}{Unit}{MB}%
\StoreBenchExecResult{TestI}{PredicateAnalysis}{Memory}{Correct}{True}{Sum}{258.342912}%
\StoreBenchExecResult{TestI}{PredicateAnalysis}{Memory}{Correct}{True}{Min}{128.536576}%
\StoreBenchExecResult{TestI}{PredicateAnalysis}{Memory}{Correct}{True}{Max}{129.806336}%
\StoreBenchExecResult{TestI}{PredicateAnalysis}{Memory}{Correct}{True}{Avg}{129.171456}%
\StoreBenchExecResult{TestI}{PredicateAnalysis}{Memory}{Correct}{True}{Median}{129.171456}%
\StoreBenchExecResult{TestI}{PredicateAnalysis}{Memory}{Correct}{True}{Stdev}{0.63488000000000}%
\StoreBenchExecResult{TestI}{PredicateAnalysis}{Memory}{Correct}{True}{Unit}{MB}%
\StoreBenchExecResult{TestI}{PredicateAnalysis}{Memory}{Correct}{False}{Sum}{129.966080}%
\StoreBenchExecResult{TestI}{PredicateAnalysis}{Memory}{Correct}{False}{Min}{129.966080}%
\StoreBenchExecResult{TestI}{PredicateAnalysis}{Memory}{Correct}{False}{Max}{129.966080}%
\StoreBenchExecResult{TestI}{PredicateAnalysis}{Memory}{Correct}{False}{Avg}{129.966080}%
\StoreBenchExecResult{TestI}{PredicateAnalysis}{Memory}{Correct}{False}{Median}{129.966080}%
\StoreBenchExecResult{TestI}{PredicateAnalysis}{Memory}{Correct}{False}{Stdev}{0.00000000000000000000}%
\StoreBenchExecResult{TestI}{PredicateAnalysis}{Memory}{Correct}{False}{Unit}{MB}%
\StoreBenchExecResult{TestI}{PredicateAnalysis}{Memory}{Wrong}{}{Sum}{130.568192}%
\StoreBenchExecResult{TestI}{PredicateAnalysis}{Memory}{Wrong}{}{Min}{130.568192}%
\StoreBenchExecResult{TestI}{PredicateAnalysis}{Memory}{Wrong}{}{Max}{130.568192}%
\StoreBenchExecResult{TestI}{PredicateAnalysis}{Memory}{Wrong}{}{Avg}{130.568192}%
\StoreBenchExecResult{TestI}{PredicateAnalysis}{Memory}{Wrong}{}{Median}{130.568192}%
\StoreBenchExecResult{TestI}{PredicateAnalysis}{Memory}{Wrong}{}{Stdev}{0.00000000000000000000}%
\StoreBenchExecResult{TestI}{PredicateAnalysis}{Memory}{Wrong}{}{Unit}{MB}%
\StoreBenchExecResult{TestI}{PredicateAnalysis}{Memory}{Wrong}{True}{Sum}{130.568192}%
\StoreBenchExecResult{TestI}{PredicateAnalysis}{Memory}{Wrong}{True}{Min}{130.568192}%
\StoreBenchExecResult{TestI}{PredicateAnalysis}{Memory}{Wrong}{True}{Max}{130.568192}%
\StoreBenchExecResult{TestI}{PredicateAnalysis}{Memory}{Wrong}{True}{Avg}{130.568192}%
\StoreBenchExecResult{TestI}{PredicateAnalysis}{Memory}{Wrong}{True}{Median}{130.568192}%
\StoreBenchExecResult{TestI}{PredicateAnalysis}{Memory}{Wrong}{True}{Stdev}{0.00000000000000000000}%
\StoreBenchExecResult{TestI}{PredicateAnalysis}{Memory}{Wrong}{True}{Unit}{MB}%
\StoreBenchExecResult{TestII}{PredicateAnalysis}{Status}{All}{}{Score}{0}%
\StoreBenchExecResult{TestII}{PredicateAnalysis}{Status}{All}{}{Count}{5}%
\StoreBenchExecResult{TestII}{PredicateAnalysis}{Status}{Correct}{}{Count}{3}%
\StoreBenchExecResult{TestII}{PredicateAnalysis}{Status}{Correct}{True}{Count}{2}%
\StoreBenchExecResult{TestII}{PredicateAnalysis}{Status}{Correct}{False}{Count}{1}%
\StoreBenchExecResult{TestII}{PredicateAnalysis}{Status}{Wrong}{}{Count}{1}%
\StoreBenchExecResult{TestII}{PredicateAnalysis}{Status}{Wrong}{True}{Count}{1}%
\StoreBenchExecResult{TestII}{PredicateAnalysis}{Status}{Wrong}{False}{Count}{0}%
\StoreBenchExecResult{TestII}{PredicateAnalysis}{Cputime}{All}{}{Sum}{10.919505907}%
\StoreBenchExecResult{TestII}{PredicateAnalysis}{Cputime}{All}{}{Min}{2.058647067}%
\StoreBenchExecResult{TestII}{PredicateAnalysis}{Cputime}{All}{}{Max}{2.272238619}%
\StoreBenchExecResult{TestII}{PredicateAnalysis}{Cputime}{All}{}{Avg}{2.1839011814}%
\StoreBenchExecResult{TestII}{PredicateAnalysis}{Cputime}{All}{}{Median}{2.189887353}%
\StoreBenchExecResult{TestII}{PredicateAnalysis}{Cputime}{All}{}{Stdev}{0.07187152671885927483466361201}%
\StoreBenchExecResult{TestII}{PredicateAnalysis}{Cputime}{All}{}{Unit}{s}%
\StoreBenchExecResult{TestII}{PredicateAnalysis}{Cputime}{Correct}{}{Sum}{6.478077860}%
\StoreBenchExecResult{TestII}{PredicateAnalysis}{Cputime}{Correct}{}{Min}{2.058647067}%
\StoreBenchExecResult{TestII}{PredicateAnalysis}{Cputime}{Correct}{}{Max}{2.22954344}%
\StoreBenchExecResult{TestII}{PredicateAnalysis}{Cputime}{Correct}{}{Avg}{2.159359286666666666666666667}%
\StoreBenchExecResult{TestII}{PredicateAnalysis}{Cputime}{Correct}{}{Median}{2.189887353}%
\StoreBenchExecResult{TestII}{PredicateAnalysis}{Cputime}{Correct}{}{Stdev}{0.07303133894284965266045621882}%
\StoreBenchExecResult{TestII}{PredicateAnalysis}{Cputime}{Correct}{}{Unit}{s}%
\StoreBenchExecResult{TestII}{PredicateAnalysis}{Cputime}{Correct}{True}{Sum}{4.288190507}%
\StoreBenchExecResult{TestII}{PredicateAnalysis}{Cputime}{Correct}{True}{Min}{2.058647067}%
\StoreBenchExecResult{TestII}{PredicateAnalysis}{Cputime}{Correct}{True}{Max}{2.22954344}%
\StoreBenchExecResult{TestII}{PredicateAnalysis}{Cputime}{Correct}{True}{Avg}{2.1440952535}%
\StoreBenchExecResult{TestII}{PredicateAnalysis}{Cputime}{Correct}{True}{Median}{2.1440952535}%
\StoreBenchExecResult{TestII}{PredicateAnalysis}{Cputime}{Correct}{True}{Stdev}{0.08544818650000}%
\StoreBenchExecResult{TestII}{PredicateAnalysis}{Cputime}{Correct}{True}{Unit}{s}%
\StoreBenchExecResult{TestII}{PredicateAnalysis}{Cputime}{Correct}{False}{Sum}{2.189887353}%
\StoreBenchExecResult{TestII}{PredicateAnalysis}{Cputime}{Correct}{False}{Min}{2.189887353}%
\StoreBenchExecResult{TestII}{PredicateAnalysis}{Cputime}{Correct}{False}{Max}{2.189887353}%
\StoreBenchExecResult{TestII}{PredicateAnalysis}{Cputime}{Correct}{False}{Avg}{2.189887353}%
\StoreBenchExecResult{TestII}{PredicateAnalysis}{Cputime}{Correct}{False}{Median}{2.189887353}%
\StoreBenchExecResult{TestII}{PredicateAnalysis}{Cputime}{Correct}{False}{Stdev}{0.00000000000000}%
\StoreBenchExecResult{TestII}{PredicateAnalysis}{Cputime}{Correct}{False}{Unit}{s}%
\StoreBenchExecResult{TestII}{PredicateAnalysis}{Cputime}{Wrong}{}{Sum}{2.169189428}%
\StoreBenchExecResult{TestII}{PredicateAnalysis}{Cputime}{Wrong}{}{Min}{2.169189428}%
\StoreBenchExecResult{TestII}{PredicateAnalysis}{Cputime}{Wrong}{}{Max}{2.169189428}%
\StoreBenchExecResult{TestII}{PredicateAnalysis}{Cputime}{Wrong}{}{Avg}{2.169189428}%
\StoreBenchExecResult{TestII}{PredicateAnalysis}{Cputime}{Wrong}{}{Median}{2.169189428}%
\StoreBenchExecResult{TestII}{PredicateAnalysis}{Cputime}{Wrong}{}{Stdev}{0.00000000000000}%
\StoreBenchExecResult{TestII}{PredicateAnalysis}{Cputime}{Wrong}{}{Unit}{s}%
\StoreBenchExecResult{TestII}{PredicateAnalysis}{Cputime}{Wrong}{True}{Sum}{2.169189428}%
\StoreBenchExecResult{TestII}{PredicateAnalysis}{Cputime}{Wrong}{True}{Min}{2.169189428}%
\StoreBenchExecResult{TestII}{PredicateAnalysis}{Cputime}{Wrong}{True}{Max}{2.169189428}%
\StoreBenchExecResult{TestII}{PredicateAnalysis}{Cputime}{Wrong}{True}{Avg}{2.169189428}%
\StoreBenchExecResult{TestII}{PredicateAnalysis}{Cputime}{Wrong}{True}{Median}{2.169189428}%
\StoreBenchExecResult{TestII}{PredicateAnalysis}{Cputime}{Wrong}{True}{Stdev}{0.00000000000000}%
\StoreBenchExecResult{TestII}{PredicateAnalysis}{Cputime}{Wrong}{True}{Unit}{s}%
\StoreBenchExecResult{TestII}{PredicateAnalysis}{Cputime}{Local}{}{Sum}{10.933401000000002}%
\StoreBenchExecResult{TestII}{PredicateAnalysis}{Cputime}{Local}{}{Unit}{s}%
\StoreBenchExecResult{TestII}{PredicateAnalysis}{Walltime}{All}{}{Sum}{10.9609942436218263}%
\StoreBenchExecResult{TestII}{PredicateAnalysis}{Walltime}{All}{}{Min}{2.0664572715759277}%
\StoreBenchExecResult{TestII}{PredicateAnalysis}{Walltime}{All}{}{Max}{2.2822041511535645}%
\StoreBenchExecResult{TestII}{PredicateAnalysis}{Walltime}{All}{}{Avg}{2.19219884872436526}%
\StoreBenchExecResult{TestII}{PredicateAnalysis}{Walltime}{All}{}{Median}{2.1968865394592285}%
\StoreBenchExecResult{TestII}{PredicateAnalysis}{Walltime}{All}{}{Stdev}{0.07230447039122090684958965327}%
\StoreBenchExecResult{TestII}{PredicateAnalysis}{Walltime}{All}{}{Unit}{s}%
\StoreBenchExecResult{TestII}{PredicateAnalysis}{Walltime}{Correct}{}{Sum}{6.5004251003265382}%
\StoreBenchExecResult{TestII}{PredicateAnalysis}{Walltime}{Correct}{}{Min}{2.0664572715759277}%
\StoreBenchExecResult{TestII}{PredicateAnalysis}{Walltime}{Correct}{}{Max}{2.237081289291382}%
\StoreBenchExecResult{TestII}{PredicateAnalysis}{Walltime}{Correct}{}{Avg}{2.166808366775512733333333333}%
\StoreBenchExecResult{TestII}{PredicateAnalysis}{Walltime}{Correct}{}{Median}{2.1968865394592285}%
\StoreBenchExecResult{TestII}{PredicateAnalysis}{Walltime}{Correct}{}{Stdev}{0.07283159208903090975048642215}%
\StoreBenchExecResult{TestII}{PredicateAnalysis}{Walltime}{Correct}{}{Unit}{s}%
\StoreBenchExecResult{TestII}{PredicateAnalysis}{Walltime}{Correct}{True}{Sum}{4.3035385608673097}%
\StoreBenchExecResult{TestII}{PredicateAnalysis}{Walltime}{Correct}{True}{Min}{2.0664572715759277}%
\StoreBenchExecResult{TestII}{PredicateAnalysis}{Walltime}{Correct}{True}{Max}{2.237081289291382}%
\StoreBenchExecResult{TestII}{PredicateAnalysis}{Walltime}{Correct}{True}{Avg}{2.15176928043365485}%
\StoreBenchExecResult{TestII}{PredicateAnalysis}{Walltime}{Correct}{True}{Median}{2.15176928043365485}%
\StoreBenchExecResult{TestII}{PredicateAnalysis}{Walltime}{Correct}{True}{Stdev}{0.08531200885772714999999999999}%
\StoreBenchExecResult{TestII}{PredicateAnalysis}{Walltime}{Correct}{True}{Unit}{s}%
\StoreBenchExecResult{TestII}{PredicateAnalysis}{Walltime}{Correct}{False}{Sum}{2.1968865394592285}%
\StoreBenchExecResult{TestII}{PredicateAnalysis}{Walltime}{Correct}{False}{Min}{2.1968865394592285}%
\StoreBenchExecResult{TestII}{PredicateAnalysis}{Walltime}{Correct}{False}{Max}{2.1968865394592285}%
\StoreBenchExecResult{TestII}{PredicateAnalysis}{Walltime}{Correct}{False}{Avg}{2.1968865394592285}%
\StoreBenchExecResult{TestII}{PredicateAnalysis}{Walltime}{Correct}{False}{Median}{2.1968865394592285}%
\StoreBenchExecResult{TestII}{PredicateAnalysis}{Walltime}{Correct}{False}{Stdev}{0.0000000000000000}%
\StoreBenchExecResult{TestII}{PredicateAnalysis}{Walltime}{Correct}{False}{Unit}{s}%
\StoreBenchExecResult{TestII}{PredicateAnalysis}{Walltime}{Wrong}{}{Sum}{2.1783649921417236}%
\StoreBenchExecResult{TestII}{PredicateAnalysis}{Walltime}{Wrong}{}{Min}{2.1783649921417236}%
\StoreBenchExecResult{TestII}{PredicateAnalysis}{Walltime}{Wrong}{}{Max}{2.1783649921417236}%
\StoreBenchExecResult{TestII}{PredicateAnalysis}{Walltime}{Wrong}{}{Avg}{2.1783649921417236}%
\StoreBenchExecResult{TestII}{PredicateAnalysis}{Walltime}{Wrong}{}{Median}{2.1783649921417236}%
\StoreBenchExecResult{TestII}{PredicateAnalysis}{Walltime}{Wrong}{}{Stdev}{0.0000000000000000}%
\StoreBenchExecResult{TestII}{PredicateAnalysis}{Walltime}{Wrong}{}{Unit}{s}%
\StoreBenchExecResult{TestII}{PredicateAnalysis}{Walltime}{Wrong}{True}{Sum}{2.1783649921417236}%
\StoreBenchExecResult{TestII}{PredicateAnalysis}{Walltime}{Wrong}{True}{Min}{2.1783649921417236}%
\StoreBenchExecResult{TestII}{PredicateAnalysis}{Walltime}{Wrong}{True}{Max}{2.1783649921417236}%
\StoreBenchExecResult{TestII}{PredicateAnalysis}{Walltime}{Wrong}{True}{Avg}{2.1783649921417236}%
\StoreBenchExecResult{TestII}{PredicateAnalysis}{Walltime}{Wrong}{True}{Median}{2.1783649921417236}%
\StoreBenchExecResult{TestII}{PredicateAnalysis}{Walltime}{Wrong}{True}{Stdev}{0.0000000000000000}%
\StoreBenchExecResult{TestII}{PredicateAnalysis}{Walltime}{Wrong}{True}{Unit}{s}%
\StoreBenchExecResult{TestII}{PredicateAnalysis}{Walltime}{Local}{}{Sum}{11.626914262771606}%
\StoreBenchExecResult{TestII}{PredicateAnalysis}{Walltime}{Local}{}{Unit}{s}%
\StoreBenchExecResult{TestII}{PredicateAnalysis}{Memory}{All}{}{Sum}{645.271552}%
\StoreBenchExecResult{TestII}{PredicateAnalysis}{Memory}{All}{}{Min}{126.312448}%
\StoreBenchExecResult{TestII}{PredicateAnalysis}{Memory}{All}{}{Max}{132.337664}%
\StoreBenchExecResult{TestII}{PredicateAnalysis}{Memory}{All}{}{Avg}{129.0543104}%
\StoreBenchExecResult{TestII}{PredicateAnalysis}{Memory}{All}{}{Median}{129.118208}%
\StoreBenchExecResult{TestII}{PredicateAnalysis}{Memory}{All}{}{Stdev}{1.975805449949118851756738273}%
\StoreBenchExecResult{TestII}{PredicateAnalysis}{Memory}{All}{}{Unit}{MB}%
\StoreBenchExecResult{TestII}{PredicateAnalysis}{Memory}{Correct}{}{Sum}{387.768320}%
\StoreBenchExecResult{TestII}{PredicateAnalysis}{Memory}{Correct}{}{Min}{126.312448}%
\StoreBenchExecResult{TestII}{PredicateAnalysis}{Memory}{Correct}{}{Max}{132.337664}%
\StoreBenchExecResult{TestII}{PredicateAnalysis}{Memory}{Correct}{}{Avg}{129.2561066666666666666666667}%
\StoreBenchExecResult{TestII}{PredicateAnalysis}{Memory}{Correct}{}{Median}{129.118208}%
\StoreBenchExecResult{TestII}{PredicateAnalysis}{Memory}{Correct}{}{Stdev}{2.461716067213456867331590003}%
\StoreBenchExecResult{TestII}{PredicateAnalysis}{Memory}{Correct}{}{Unit}{MB}%
\StoreBenchExecResult{TestII}{PredicateAnalysis}{Memory}{Correct}{True}{Sum}{258.650112}%
\StoreBenchExecResult{TestII}{PredicateAnalysis}{Memory}{Correct}{True}{Min}{126.312448}%
\StoreBenchExecResult{TestII}{PredicateAnalysis}{Memory}{Correct}{True}{Max}{132.337664}%
\StoreBenchExecResult{TestII}{PredicateAnalysis}{Memory}{Correct}{True}{Avg}{129.325056}%
\StoreBenchExecResult{TestII}{PredicateAnalysis}{Memory}{Correct}{True}{Median}{129.325056}%
\StoreBenchExecResult{TestII}{PredicateAnalysis}{Memory}{Correct}{True}{Stdev}{3.0126080000000}%
\StoreBenchExecResult{TestII}{PredicateAnalysis}{Memory}{Correct}{True}{Unit}{MB}%
\StoreBenchExecResult{TestII}{PredicateAnalysis}{Memory}{Correct}{False}{Sum}{129.118208}%
\StoreBenchExecResult{TestII}{PredicateAnalysis}{Memory}{Correct}{False}{Min}{129.118208}%
\StoreBenchExecResult{TestII}{PredicateAnalysis}{Memory}{Correct}{False}{Max}{129.118208}%
\StoreBenchExecResult{TestII}{PredicateAnalysis}{Memory}{Correct}{False}{Avg}{129.118208}%
\StoreBenchExecResult{TestII}{PredicateAnalysis}{Memory}{Correct}{False}{Median}{129.118208}%
\StoreBenchExecResult{TestII}{PredicateAnalysis}{Memory}{Correct}{False}{Stdev}{0.00000000000000000000}%
\StoreBenchExecResult{TestII}{PredicateAnalysis}{Memory}{Correct}{False}{Unit}{MB}%
\StoreBenchExecResult{TestII}{PredicateAnalysis}{Memory}{Wrong}{}{Sum}{128.032768}%
\StoreBenchExecResult{TestII}{PredicateAnalysis}{Memory}{Wrong}{}{Min}{128.032768}%
\StoreBenchExecResult{TestII}{PredicateAnalysis}{Memory}{Wrong}{}{Max}{128.032768}%
\StoreBenchExecResult{TestII}{PredicateAnalysis}{Memory}{Wrong}{}{Avg}{128.032768}%
\StoreBenchExecResult{TestII}{PredicateAnalysis}{Memory}{Wrong}{}{Median}{128.032768}%
\StoreBenchExecResult{TestII}{PredicateAnalysis}{Memory}{Wrong}{}{Stdev}{0.00000000000000000000}%
\StoreBenchExecResult{TestII}{PredicateAnalysis}{Memory}{Wrong}{}{Unit}{MB}%
\StoreBenchExecResult{TestII}{PredicateAnalysis}{Memory}{Wrong}{True}{Sum}{128.032768}%
\StoreBenchExecResult{TestII}{PredicateAnalysis}{Memory}{Wrong}{True}{Min}{128.032768}%
\StoreBenchExecResult{TestII}{PredicateAnalysis}{Memory}{Wrong}{True}{Max}{128.032768}%
\StoreBenchExecResult{TestII}{PredicateAnalysis}{Memory}{Wrong}{True}{Avg}{128.032768}%
\StoreBenchExecResult{TestII}{PredicateAnalysis}{Memory}{Wrong}{True}{Median}{128.032768}%
\StoreBenchExecResult{TestII}{PredicateAnalysis}{Memory}{Wrong}{True}{Stdev}{0.00000000000000000000}%
\StoreBenchExecResult{TestII}{PredicateAnalysis}{Memory}{Wrong}{True}{Unit}{MB}%