% Statistics produced by BenchExec, more information at
% https://github.com/sosy-lab/benchexec/blob/main/doc/table-generator.md
% By default, this file defines a LaTeX command for each statistics value
% where the command name consists of the following concatenated parts:
% benchmark name, runset name, column title, category, status, statistic.
% (If necessary, this can be overridden with
% \newcommand\StoreBenchExecResult[7]{...} before including this file.)
% Numbers are replaced by roman numerals, all parts of the name are in camel case,
% and if necessary for uniqueness a counter is appended to the non-unique name part.
% The last part of the name is either "Count", "Sum", "Min", "Max", "Avg", "Median",
% "Stdev", "Score", or "Unit", with the latter providing the unit for the others.
% Rounding of values can be specified in the BenchExec table definition or done with
% \usepackage[round-mode=figures, round-precision=...]{siunitx} and the \num command.
% Arguments: benchmark name, runset name, column title, category, status, statistic, value
\providecommand\StoreBenchExecResult[7]{\expandafter\newcommand\csname#1#2#3#4#5#6\endcsname{#7}}%
\StoreBenchExecResult{Test}{PredicateAnalysis}{Status}{All}{}{Score}{0}%
\StoreBenchExecResult{Test}{PredicateAnalysis}{Status}{All}{}{Count}{5}%
\StoreBenchExecResult{Test}{PredicateAnalysis}{Status}{Correct}{}{Count}{3}%
\StoreBenchExecResult{Test}{PredicateAnalysis}{Status}{Correct}{True}{Count}{2}%
\StoreBenchExecResult{Test}{PredicateAnalysis}{Status}{Correct}{False}{Count}{1}%
\StoreBenchExecResult{Test}{PredicateAnalysis}{Status}{Wrong}{}{Count}{1}%
\StoreBenchExecResult{Test}{PredicateAnalysis}{Status}{Wrong}{True}{Count}{1}%
\StoreBenchExecResult{Test}{PredicateAnalysis}{Status}{Wrong}{False}{Count}{0}%
\StoreBenchExecResult{Test}{PredicateAnalysis}{Cputime}{All}{}{Sum}{10900}%
\StoreBenchExecResult{Test}{PredicateAnalysis}{Cputime}{All}{}{Min}{2060}%
\StoreBenchExecResult{Test}{PredicateAnalysis}{Cputime}{All}{}{Max}{2270}%
\StoreBenchExecResult{Test}{PredicateAnalysis}{Cputime}{All}{}{Avg}{2180}%
\StoreBenchExecResult{Test}{PredicateAnalysis}{Cputime}{All}{}{Median}{2190}%
\StoreBenchExecResult{Test}{PredicateAnalysis}{Cputime}{All}{}{Stdev}{71.9}%
\StoreBenchExecResult{Test}{PredicateAnalysis}{Cputime}{All}{}{Unit}{ms}%
\StoreBenchExecResult{Test}{PredicateAnalysis}{Cputime}{Correct}{}{Sum}{6480}%
\StoreBenchExecResult{Test}{PredicateAnalysis}{Cputime}{Correct}{}{Min}{2060}%
\StoreBenchExecResult{Test}{PredicateAnalysis}{Cputime}{Correct}{}{Max}{2230}%
\StoreBenchExecResult{Test}{PredicateAnalysis}{Cputime}{Correct}{}{Avg}{2160}%
\StoreBenchExecResult{Test}{PredicateAnalysis}{Cputime}{Correct}{}{Median}{2190}%
\StoreBenchExecResult{Test}{PredicateAnalysis}{Cputime}{Correct}{}{Stdev}{73.0}%
\StoreBenchExecResult{Test}{PredicateAnalysis}{Cputime}{Correct}{}{Unit}{ms}%
\StoreBenchExecResult{Test}{PredicateAnalysis}{Cputime}{Correct}{True}{Sum}{4290}%
\StoreBenchExecResult{Test}{PredicateAnalysis}{Cputime}{Correct}{True}{Min}{2060}%
\StoreBenchExecResult{Test}{PredicateAnalysis}{Cputime}{Correct}{True}{Max}{2230}%
\StoreBenchExecResult{Test}{PredicateAnalysis}{Cputime}{Correct}{True}{Avg}{2140}%
\StoreBenchExecResult{Test}{PredicateAnalysis}{Cputime}{Correct}{True}{Median}{2140}%
\StoreBenchExecResult{Test}{PredicateAnalysis}{Cputime}{Correct}{True}{Stdev}{85.4}%
\StoreBenchExecResult{Test}{PredicateAnalysis}{Cputime}{Correct}{True}{Unit}{ms}%
\StoreBenchExecResult{Test}{PredicateAnalysis}{Cputime}{Correct}{False}{Sum}{2190}%
\StoreBenchExecResult{Test}{PredicateAnalysis}{Cputime}{Correct}{False}{Min}{2190}%
\StoreBenchExecResult{Test}{PredicateAnalysis}{Cputime}{Correct}{False}{Max}{2190}%
\StoreBenchExecResult{Test}{PredicateAnalysis}{Cputime}{Correct}{False}{Avg}{2190}%
\StoreBenchExecResult{Test}{PredicateAnalysis}{Cputime}{Correct}{False}{Median}{2190}%
\StoreBenchExecResult{Test}{PredicateAnalysis}{Cputime}{Correct}{False}{Stdev}{0.000}%
\StoreBenchExecResult{Test}{PredicateAnalysis}{Cputime}{Correct}{False}{Unit}{ms}%
\StoreBenchExecResult{Test}{PredicateAnalysis}{Cputime}{Wrong}{}{Sum}{2170}%
\StoreBenchExecResult{Test}{PredicateAnalysis}{Cputime}{Wrong}{}{Min}{2170}%
\StoreBenchExecResult{Test}{PredicateAnalysis}{Cputime}{Wrong}{}{Max}{2170}%
\StoreBenchExecResult{Test}{PredicateAnalysis}{Cputime}{Wrong}{}{Avg}{2170}%
\StoreBenchExecResult{Test}{PredicateAnalysis}{Cputime}{Wrong}{}{Median}{2170}%
\StoreBenchExecResult{Test}{PredicateAnalysis}{Cputime}{Wrong}{}{Stdev}{0.000}%
\StoreBenchExecResult{Test}{PredicateAnalysis}{Cputime}{Wrong}{}{Unit}{ms}%
\StoreBenchExecResult{Test}{PredicateAnalysis}{Cputime}{Wrong}{True}{Sum}{2170}%
\StoreBenchExecResult{Test}{PredicateAnalysis}{Cputime}{Wrong}{True}{Min}{2170}%
\StoreBenchExecResult{Test}{PredicateAnalysis}{Cputime}{Wrong}{True}{Max}{2170}%
\StoreBenchExecResult{Test}{PredicateAnalysis}{Cputime}{Wrong}{True}{Avg}{2170}%
\StoreBenchExecResult{Test}{PredicateAnalysis}{Cputime}{Wrong}{True}{Median}{2170}%
\StoreBenchExecResult{Test}{PredicateAnalysis}{Cputime}{Wrong}{True}{Stdev}{0.000}%
\StoreBenchExecResult{Test}{PredicateAnalysis}{Cputime}{Wrong}{True}{Unit}{ms}%
\StoreBenchExecResult{Test}{PredicateAnalysis}{Cputime}{Local}{}{Sum}{10900}%
\StoreBenchExecResult{Test}{PredicateAnalysis}{Cputime}{Local}{}{Unit}{ms}%
\StoreBenchExecResult{Test}{PredicateAnalysis}{CputimeH}{All}{}{Sum}{0.003033}%
\StoreBenchExecResult{Test}{PredicateAnalysis}{CputimeH}{All}{}{Min}{0.0005718}%
\StoreBenchExecResult{Test}{PredicateAnalysis}{CputimeH}{All}{}{Max}{0.0006312}%
\StoreBenchExecResult{Test}{PredicateAnalysis}{CputimeH}{All}{}{Avg}{0.0006066}%
\StoreBenchExecResult{Test}{PredicateAnalysis}{CputimeH}{All}{}{Median}{0.0006083}%
\StoreBenchExecResult{Test}{PredicateAnalysis}{CputimeH}{All}{}{Stdev}{0.00001996}%
\StoreBenchExecResult{Test}{PredicateAnalysis}{CputimeH}{All}{}{Unit}{h}%
\StoreBenchExecResult{Test}{PredicateAnalysis}{CputimeH}{Correct}{}{Sum}{0.001799}%
\StoreBenchExecResult{Test}{PredicateAnalysis}{CputimeH}{Correct}{}{Min}{0.0005718}%
\StoreBenchExecResult{Test}{PredicateAnalysis}{CputimeH}{Correct}{}{Max}{0.0006193}%
\StoreBenchExecResult{Test}{PredicateAnalysis}{CputimeH}{Correct}{}{Avg}{0.0005998}%
\StoreBenchExecResult{Test}{PredicateAnalysis}{CputimeH}{Correct}{}{Median}{0.0006083}%
\StoreBenchExecResult{Test}{PredicateAnalysis}{CputimeH}{Correct}{}{Stdev}{0.00002029}%
\StoreBenchExecResult{Test}{PredicateAnalysis}{CputimeH}{Correct}{}{Unit}{h}%
\StoreBenchExecResult{Test}{PredicateAnalysis}{CputimeH}{Correct}{True}{Sum}{0.001191}%
\StoreBenchExecResult{Test}{PredicateAnalysis}{CputimeH}{Correct}{True}{Min}{0.0005718}%
\StoreBenchExecResult{Test}{PredicateAnalysis}{CputimeH}{Correct}{True}{Max}{0.0006193}%
\StoreBenchExecResult{Test}{PredicateAnalysis}{CputimeH}{Correct}{True}{Avg}{0.0005956}%
\StoreBenchExecResult{Test}{PredicateAnalysis}{CputimeH}{Correct}{True}{Median}{0.0005956}%
\StoreBenchExecResult{Test}{PredicateAnalysis}{CputimeH}{Correct}{True}{Stdev}{0.00002374}%
\StoreBenchExecResult{Test}{PredicateAnalysis}{CputimeH}{Correct}{True}{Unit}{h}%
\StoreBenchExecResult{Test}{PredicateAnalysis}{CputimeH}{Correct}{False}{Sum}{0.0006083}%
\StoreBenchExecResult{Test}{PredicateAnalysis}{CputimeH}{Correct}{False}{Min}{0.0006083}%
\StoreBenchExecResult{Test}{PredicateAnalysis}{CputimeH}{Correct}{False}{Max}{0.0006083}%
\StoreBenchExecResult{Test}{PredicateAnalysis}{CputimeH}{Correct}{False}{Avg}{0.0006083}%
\StoreBenchExecResult{Test}{PredicateAnalysis}{CputimeH}{Correct}{False}{Median}{0.0006083}%
\StoreBenchExecResult{Test}{PredicateAnalysis}{CputimeH}{Correct}{False}{Stdev}{0.0000}%
\StoreBenchExecResult{Test}{PredicateAnalysis}{CputimeH}{Correct}{False}{Unit}{h}%
\StoreBenchExecResult{Test}{PredicateAnalysis}{CputimeH}{Wrong}{}{Sum}{0.0006026}%
\StoreBenchExecResult{Test}{PredicateAnalysis}{CputimeH}{Wrong}{}{Min}{0.0006026}%
\StoreBenchExecResult{Test}{PredicateAnalysis}{CputimeH}{Wrong}{}{Max}{0.0006026}%
\StoreBenchExecResult{Test}{PredicateAnalysis}{CputimeH}{Wrong}{}{Avg}{0.0006026}%
\StoreBenchExecResult{Test}{PredicateAnalysis}{CputimeH}{Wrong}{}{Median}{0.0006026}%
\StoreBenchExecResult{Test}{PredicateAnalysis}{CputimeH}{Wrong}{}{Stdev}{0.0000}%
\StoreBenchExecResult{Test}{PredicateAnalysis}{CputimeH}{Wrong}{}{Unit}{h}%
\StoreBenchExecResult{Test}{PredicateAnalysis}{CputimeH}{Wrong}{True}{Sum}{0.0006026}%
\StoreBenchExecResult{Test}{PredicateAnalysis}{CputimeH}{Wrong}{True}{Min}{0.0006026}%
\StoreBenchExecResult{Test}{PredicateAnalysis}{CputimeH}{Wrong}{True}{Max}{0.0006026}%
\StoreBenchExecResult{Test}{PredicateAnalysis}{CputimeH}{Wrong}{True}{Avg}{0.0006026}%
\StoreBenchExecResult{Test}{PredicateAnalysis}{CputimeH}{Wrong}{True}{Median}{0.0006026}%
\StoreBenchExecResult{Test}{PredicateAnalysis}{CputimeH}{Wrong}{True}{Stdev}{0.0000}%
\StoreBenchExecResult{Test}{PredicateAnalysis}{CputimeH}{Wrong}{True}{Unit}{h}%
\StoreBenchExecResult{Test}{PredicateAnalysis}{CputimeH}{Local}{}{Sum}{0.003037}%
\StoreBenchExecResult{Test}{PredicateAnalysis}{CputimeH}{Local}{}{Unit}{h}%
\StoreBenchExecResult{Test}{PredicateAnalysis}{WalltimeI}{All}{}{Sum}{11}%
\StoreBenchExecResult{Test}{PredicateAnalysis}{WalltimeI}{All}{}{Min}{2.1}%
\StoreBenchExecResult{Test}{PredicateAnalysis}{WalltimeI}{All}{}{Max}{2.3}%
\StoreBenchExecResult{Test}{PredicateAnalysis}{WalltimeI}{All}{}{Avg}{2.2}%
\StoreBenchExecResult{Test}{PredicateAnalysis}{WalltimeI}{All}{}{Median}{2.2}%
\StoreBenchExecResult{Test}{PredicateAnalysis}{WalltimeI}{All}{}{Stdev}{0.072}%
\StoreBenchExecResult{Test}{PredicateAnalysis}{WalltimeI}{All}{}{Unit}{s}%
\StoreBenchExecResult{Test}{PredicateAnalysis}{WalltimeI}{Correct}{}{Sum}{6.5}%
\StoreBenchExecResult{Test}{PredicateAnalysis}{WalltimeI}{Correct}{}{Min}{2.1}%
\StoreBenchExecResult{Test}{PredicateAnalysis}{WalltimeI}{Correct}{}{Max}{2.2}%
\StoreBenchExecResult{Test}{PredicateAnalysis}{WalltimeI}{Correct}{}{Avg}{2.2}%
\StoreBenchExecResult{Test}{PredicateAnalysis}{WalltimeI}{Correct}{}{Median}{2.2}%
\StoreBenchExecResult{Test}{PredicateAnalysis}{WalltimeI}{Correct}{}{Stdev}{0.073}%
\StoreBenchExecResult{Test}{PredicateAnalysis}{WalltimeI}{Correct}{}{Unit}{s}%
\StoreBenchExecResult{Test}{PredicateAnalysis}{WalltimeI}{Correct}{True}{Sum}{4.3}%
\StoreBenchExecResult{Test}{PredicateAnalysis}{WalltimeI}{Correct}{True}{Min}{2.1}%
\StoreBenchExecResult{Test}{PredicateAnalysis}{WalltimeI}{Correct}{True}{Max}{2.2}%
\StoreBenchExecResult{Test}{PredicateAnalysis}{WalltimeI}{Correct}{True}{Avg}{2.2}%
\StoreBenchExecResult{Test}{PredicateAnalysis}{WalltimeI}{Correct}{True}{Median}{2.2}%
\StoreBenchExecResult{Test}{PredicateAnalysis}{WalltimeI}{Correct}{True}{Stdev}{0.085}%
\StoreBenchExecResult{Test}{PredicateAnalysis}{WalltimeI}{Correct}{True}{Unit}{s}%
\StoreBenchExecResult{Test}{PredicateAnalysis}{WalltimeI}{Correct}{False}{Sum}{2.2}%
\StoreBenchExecResult{Test}{PredicateAnalysis}{WalltimeI}{Correct}{False}{Min}{2.2}%
\StoreBenchExecResult{Test}{PredicateAnalysis}{WalltimeI}{Correct}{False}{Max}{2.2}%
\StoreBenchExecResult{Test}{PredicateAnalysis}{WalltimeI}{Correct}{False}{Avg}{2.2}%
\StoreBenchExecResult{Test}{PredicateAnalysis}{WalltimeI}{Correct}{False}{Median}{2.2}%
\StoreBenchExecResult{Test}{PredicateAnalysis}{WalltimeI}{Correct}{False}{Stdev}{0.00}%
\StoreBenchExecResult{Test}{PredicateAnalysis}{WalltimeI}{Correct}{False}{Unit}{s}%
\StoreBenchExecResult{Test}{PredicateAnalysis}{WalltimeI}{Wrong}{}{Sum}{2.2}%
\StoreBenchExecResult{Test}{PredicateAnalysis}{WalltimeI}{Wrong}{}{Min}{2.2}%
\StoreBenchExecResult{Test}{PredicateAnalysis}{WalltimeI}{Wrong}{}{Max}{2.2}%
\StoreBenchExecResult{Test}{PredicateAnalysis}{WalltimeI}{Wrong}{}{Avg}{2.2}%
\StoreBenchExecResult{Test}{PredicateAnalysis}{WalltimeI}{Wrong}{}{Median}{2.2}%
\StoreBenchExecResult{Test}{PredicateAnalysis}{WalltimeI}{Wrong}{}{Stdev}{0.00}%
\StoreBenchExecResult{Test}{PredicateAnalysis}{WalltimeI}{Wrong}{}{Unit}{s}%
\StoreBenchExecResult{Test}{PredicateAnalysis}{WalltimeI}{Wrong}{True}{Sum}{2.2}%
\StoreBenchExecResult{Test}{PredicateAnalysis}{WalltimeI}{Wrong}{True}{Min}{2.2}%
\StoreBenchExecResult{Test}{PredicateAnalysis}{WalltimeI}{Wrong}{True}{Max}{2.2}%
\StoreBenchExecResult{Test}{PredicateAnalysis}{WalltimeI}{Wrong}{True}{Avg}{2.2}%
\StoreBenchExecResult{Test}{PredicateAnalysis}{WalltimeI}{Wrong}{True}{Median}{2.2}%
\StoreBenchExecResult{Test}{PredicateAnalysis}{WalltimeI}{Wrong}{True}{Stdev}{0.00}%
\StoreBenchExecResult{Test}{PredicateAnalysis}{WalltimeI}{Wrong}{True}{Unit}{s}%
\StoreBenchExecResult{Test}{PredicateAnalysis}{WalltimeI}{Local}{}{Sum}{12}%
\StoreBenchExecResult{Test}{PredicateAnalysis}{WalltimeI}{Local}{}{Unit}{s}%
\StoreBenchExecResult{Test}{PredicateAnalysis}{WalltimeII}{All}{}{Sum}{11000000000}%
\StoreBenchExecResult{Test}{PredicateAnalysis}{WalltimeII}{All}{}{Min}{2100000000}%
\StoreBenchExecResult{Test}{PredicateAnalysis}{WalltimeII}{All}{}{Max}{2300000000}%
\StoreBenchExecResult{Test}{PredicateAnalysis}{WalltimeII}{All}{}{Avg}{2200000000}%
\StoreBenchExecResult{Test}{PredicateAnalysis}{WalltimeII}{All}{}{Median}{2200000000}%
\StoreBenchExecResult{Test}{PredicateAnalysis}{WalltimeII}{All}{}{Stdev}{72000000}%
\StoreBenchExecResult{Test}{PredicateAnalysis}{WalltimeII}{All}{}{Unit}{ns}%
\StoreBenchExecResult{Test}{PredicateAnalysis}{WalltimeII}{Correct}{}{Sum}{6500000000}%
\StoreBenchExecResult{Test}{PredicateAnalysis}{WalltimeII}{Correct}{}{Min}{2100000000}%
\StoreBenchExecResult{Test}{PredicateAnalysis}{WalltimeII}{Correct}{}{Max}{2200000000}%
\StoreBenchExecResult{Test}{PredicateAnalysis}{WalltimeII}{Correct}{}{Avg}{2200000000}%
\StoreBenchExecResult{Test}{PredicateAnalysis}{WalltimeII}{Correct}{}{Median}{2200000000}%
\StoreBenchExecResult{Test}{PredicateAnalysis}{WalltimeII}{Correct}{}{Stdev}{73000000}%
\StoreBenchExecResult{Test}{PredicateAnalysis}{WalltimeII}{Correct}{}{Unit}{ns}%
\StoreBenchExecResult{Test}{PredicateAnalysis}{WalltimeII}{Correct}{True}{Sum}{4300000000}%
\StoreBenchExecResult{Test}{PredicateAnalysis}{WalltimeII}{Correct}{True}{Min}{2100000000}%
\StoreBenchExecResult{Test}{PredicateAnalysis}{WalltimeII}{Correct}{True}{Max}{2200000000}%
\StoreBenchExecResult{Test}{PredicateAnalysis}{WalltimeII}{Correct}{True}{Avg}{2200000000}%
\StoreBenchExecResult{Test}{PredicateAnalysis}{WalltimeII}{Correct}{True}{Median}{2200000000}%
\StoreBenchExecResult{Test}{PredicateAnalysis}{WalltimeII}{Correct}{True}{Stdev}{85000000}%
\StoreBenchExecResult{Test}{PredicateAnalysis}{WalltimeII}{Correct}{True}{Unit}{ns}%
\StoreBenchExecResult{Test}{PredicateAnalysis}{WalltimeII}{Correct}{False}{Sum}{2200000000}%
\StoreBenchExecResult{Test}{PredicateAnalysis}{WalltimeII}{Correct}{False}{Min}{2200000000}%
\StoreBenchExecResult{Test}{PredicateAnalysis}{WalltimeII}{Correct}{False}{Max}{2200000000}%
\StoreBenchExecResult{Test}{PredicateAnalysis}{WalltimeII}{Correct}{False}{Avg}{2200000000}%
\StoreBenchExecResult{Test}{PredicateAnalysis}{WalltimeII}{Correct}{False}{Median}{2200000000}%
\StoreBenchExecResult{Test}{PredicateAnalysis}{WalltimeII}{Correct}{False}{Stdev}{0.00}%
\StoreBenchExecResult{Test}{PredicateAnalysis}{WalltimeII}{Correct}{False}{Unit}{ns}%
\StoreBenchExecResult{Test}{PredicateAnalysis}{WalltimeII}{Wrong}{}{Sum}{2200000000}%
\StoreBenchExecResult{Test}{PredicateAnalysis}{WalltimeII}{Wrong}{}{Min}{2200000000}%
\StoreBenchExecResult{Test}{PredicateAnalysis}{WalltimeII}{Wrong}{}{Max}{2200000000}%
\StoreBenchExecResult{Test}{PredicateAnalysis}{WalltimeII}{Wrong}{}{Avg}{2200000000}%
\StoreBenchExecResult{Test}{PredicateAnalysis}{WalltimeII}{Wrong}{}{Median}{2200000000}%
\StoreBenchExecResult{Test}{PredicateAnalysis}{WalltimeII}{Wrong}{}{Stdev}{0.00}%
\StoreBenchExecResult{Test}{PredicateAnalysis}{WalltimeII}{Wrong}{}{Unit}{ns}%
\StoreBenchExecResult{Test}{PredicateAnalysis}{WalltimeII}{Wrong}{True}{Sum}{2200000000}%
\StoreBenchExecResult{Test}{PredicateAnalysis}{WalltimeII}{Wrong}{True}{Min}{2200000000}%
\StoreBenchExecResult{Test}{PredicateAnalysis}{WalltimeII}{Wrong}{True}{Max}{2200000000}%
\StoreBenchExecResult{Test}{PredicateAnalysis}{WalltimeII}{Wrong}{True}{Avg}{2200000000}%
\StoreBenchExecResult{Test}{PredicateAnalysis}{WalltimeII}{Wrong}{True}{Median}{2200000000}%
\StoreBenchExecResult{Test}{PredicateAnalysis}{WalltimeII}{Wrong}{True}{Stdev}{0.00}%
\StoreBenchExecResult{Test}{PredicateAnalysis}{WalltimeII}{Wrong}{True}{Unit}{ns}%
\StoreBenchExecResult{Test}{PredicateAnalysis}{WalltimeII}{Local}{}{Sum}{12000000000}%
\StoreBenchExecResult{Test}{PredicateAnalysis}{WalltimeII}{Local}{}{Unit}{ns}%
\StoreBenchExecResult{Test}{PredicateAnalysis}{WalltimeIII}{All}{}{Sum}{0.000000011}%
\StoreBenchExecResult{Test}{PredicateAnalysis}{WalltimeIII}{All}{}{Min}{0.0000000021}%
\StoreBenchExecResult{Test}{PredicateAnalysis}{WalltimeIII}{All}{}{Max}{0.0000000023}%
\StoreBenchExecResult{Test}{PredicateAnalysis}{WalltimeIII}{All}{}{Avg}{0.0000000022}%
\StoreBenchExecResult{Test}{PredicateAnalysis}{WalltimeIII}{All}{}{Median}{0.0000000022}%
\StoreBenchExecResult{Test}{PredicateAnalysis}{WalltimeIII}{All}{}{Stdev}{0.000000000072}%
\StoreBenchExecResult{Test}{PredicateAnalysis}{WalltimeIII}{All}{}{Unit}{Gs}%
\StoreBenchExecResult{Test}{PredicateAnalysis}{WalltimeIII}{Correct}{}{Sum}{0.0000000065}%
\StoreBenchExecResult{Test}{PredicateAnalysis}{WalltimeIII}{Correct}{}{Min}{0.0000000021}%
\StoreBenchExecResult{Test}{PredicateAnalysis}{WalltimeIII}{Correct}{}{Max}{0.0000000022}%
\StoreBenchExecResult{Test}{PredicateAnalysis}{WalltimeIII}{Correct}{}{Avg}{0.0000000022}%
\StoreBenchExecResult{Test}{PredicateAnalysis}{WalltimeIII}{Correct}{}{Median}{0.0000000022}%
\StoreBenchExecResult{Test}{PredicateAnalysis}{WalltimeIII}{Correct}{}{Stdev}{0.000000000073}%
\StoreBenchExecResult{Test}{PredicateAnalysis}{WalltimeIII}{Correct}{}{Unit}{Gs}%
\StoreBenchExecResult{Test}{PredicateAnalysis}{WalltimeIII}{Correct}{True}{Sum}{0.0000000043}%
\StoreBenchExecResult{Test}{PredicateAnalysis}{WalltimeIII}{Correct}{True}{Min}{0.0000000021}%
\StoreBenchExecResult{Test}{PredicateAnalysis}{WalltimeIII}{Correct}{True}{Max}{0.0000000022}%
\StoreBenchExecResult{Test}{PredicateAnalysis}{WalltimeIII}{Correct}{True}{Avg}{0.0000000022}%
\StoreBenchExecResult{Test}{PredicateAnalysis}{WalltimeIII}{Correct}{True}{Median}{0.0000000022}%
\StoreBenchExecResult{Test}{PredicateAnalysis}{WalltimeIII}{Correct}{True}{Stdev}{0.000000000085}%
\StoreBenchExecResult{Test}{PredicateAnalysis}{WalltimeIII}{Correct}{True}{Unit}{Gs}%
\StoreBenchExecResult{Test}{PredicateAnalysis}{WalltimeIII}{Correct}{False}{Sum}{0.0000000022}%
\StoreBenchExecResult{Test}{PredicateAnalysis}{WalltimeIII}{Correct}{False}{Min}{0.0000000022}%
\StoreBenchExecResult{Test}{PredicateAnalysis}{WalltimeIII}{Correct}{False}{Max}{0.0000000022}%
\StoreBenchExecResult{Test}{PredicateAnalysis}{WalltimeIII}{Correct}{False}{Avg}{0.0000000022}%
\StoreBenchExecResult{Test}{PredicateAnalysis}{WalltimeIII}{Correct}{False}{Median}{0.0000000022}%
\StoreBenchExecResult{Test}{PredicateAnalysis}{WalltimeIII}{Correct}{False}{Stdev}{0.00}%
\StoreBenchExecResult{Test}{PredicateAnalysis}{WalltimeIII}{Correct}{False}{Unit}{Gs}%
\StoreBenchExecResult{Test}{PredicateAnalysis}{WalltimeIII}{Wrong}{}{Sum}{0.0000000022}%
\StoreBenchExecResult{Test}{PredicateAnalysis}{WalltimeIII}{Wrong}{}{Min}{0.0000000022}%
\StoreBenchExecResult{Test}{PredicateAnalysis}{WalltimeIII}{Wrong}{}{Max}{0.0000000022}%
\StoreBenchExecResult{Test}{PredicateAnalysis}{WalltimeIII}{Wrong}{}{Avg}{0.0000000022}%
\StoreBenchExecResult{Test}{PredicateAnalysis}{WalltimeIII}{Wrong}{}{Median}{0.0000000022}%
\StoreBenchExecResult{Test}{PredicateAnalysis}{WalltimeIII}{Wrong}{}{Stdev}{0.00}%
\StoreBenchExecResult{Test}{PredicateAnalysis}{WalltimeIII}{Wrong}{}{Unit}{Gs}%
\StoreBenchExecResult{Test}{PredicateAnalysis}{WalltimeIII}{Wrong}{True}{Sum}{0.0000000022}%
\StoreBenchExecResult{Test}{PredicateAnalysis}{WalltimeIII}{Wrong}{True}{Min}{0.0000000022}%
\StoreBenchExecResult{Test}{PredicateAnalysis}{WalltimeIII}{Wrong}{True}{Max}{0.0000000022}%
\StoreBenchExecResult{Test}{PredicateAnalysis}{WalltimeIII}{Wrong}{True}{Avg}{0.0000000022}%
\StoreBenchExecResult{Test}{PredicateAnalysis}{WalltimeIII}{Wrong}{True}{Median}{0.0000000022}%
\StoreBenchExecResult{Test}{PredicateAnalysis}{WalltimeIII}{Wrong}{True}{Stdev}{0.00}%
\StoreBenchExecResult{Test}{PredicateAnalysis}{WalltimeIII}{Wrong}{True}{Unit}{Gs}%
\StoreBenchExecResult{Test}{PredicateAnalysis}{WalltimeIII}{Local}{}{Sum}{0.000000012}%
\StoreBenchExecResult{Test}{PredicateAnalysis}{WalltimeIII}{Local}{}{Unit}{Gs}%
\StoreBenchExecResult{Test}{PredicateAnalysis}{Memory}{All}{}{Sum}{645.27}%
\StoreBenchExecResult{Test}{PredicateAnalysis}{Memory}{All}{}{Min}{126.31}%
\StoreBenchExecResult{Test}{PredicateAnalysis}{Memory}{All}{}{Max}{132.34}%
\StoreBenchExecResult{Test}{PredicateAnalysis}{Memory}{All}{}{Avg}{129.05}%
\StoreBenchExecResult{Test}{PredicateAnalysis}{Memory}{All}{}{Median}{129.12}%
\StoreBenchExecResult{Test}{PredicateAnalysis}{Memory}{All}{}{Stdev}{1.9758}%
\StoreBenchExecResult{Test}{PredicateAnalysis}{Memory}{All}{}{Unit}{MB}%
\StoreBenchExecResult{Test}{PredicateAnalysis}{Memory}{Correct}{}{Sum}{387.77}%
\StoreBenchExecResult{Test}{PredicateAnalysis}{Memory}{Correct}{}{Min}{126.31}%
\StoreBenchExecResult{Test}{PredicateAnalysis}{Memory}{Correct}{}{Max}{132.34}%
\StoreBenchExecResult{Test}{PredicateAnalysis}{Memory}{Correct}{}{Avg}{129.26}%
\StoreBenchExecResult{Test}{PredicateAnalysis}{Memory}{Correct}{}{Median}{129.12}%
\StoreBenchExecResult{Test}{PredicateAnalysis}{Memory}{Correct}{}{Stdev}{2.4617}%
\StoreBenchExecResult{Test}{PredicateAnalysis}{Memory}{Correct}{}{Unit}{MB}%
\StoreBenchExecResult{Test}{PredicateAnalysis}{Memory}{Correct}{True}{Sum}{258.65}%
\StoreBenchExecResult{Test}{PredicateAnalysis}{Memory}{Correct}{True}{Min}{126.31}%
\StoreBenchExecResult{Test}{PredicateAnalysis}{Memory}{Correct}{True}{Max}{132.34}%
\StoreBenchExecResult{Test}{PredicateAnalysis}{Memory}{Correct}{True}{Avg}{129.33}%
\StoreBenchExecResult{Test}{PredicateAnalysis}{Memory}{Correct}{True}{Median}{129.33}%
\StoreBenchExecResult{Test}{PredicateAnalysis}{Memory}{Correct}{True}{Stdev}{3.0126}%
\StoreBenchExecResult{Test}{PredicateAnalysis}{Memory}{Correct}{True}{Unit}{MB}%
\StoreBenchExecResult{Test}{PredicateAnalysis}{Memory}{Correct}{False}{Sum}{129.12}%
\StoreBenchExecResult{Test}{PredicateAnalysis}{Memory}{Correct}{False}{Min}{129.12}%
\StoreBenchExecResult{Test}{PredicateAnalysis}{Memory}{Correct}{False}{Max}{129.12}%
\StoreBenchExecResult{Test}{PredicateAnalysis}{Memory}{Correct}{False}{Avg}{129.12}%
\StoreBenchExecResult{Test}{PredicateAnalysis}{Memory}{Correct}{False}{Median}{129.12}%
\StoreBenchExecResult{Test}{PredicateAnalysis}{Memory}{Correct}{False}{Stdev}{0.00000}%
\StoreBenchExecResult{Test}{PredicateAnalysis}{Memory}{Correct}{False}{Unit}{MB}%
\StoreBenchExecResult{Test}{PredicateAnalysis}{Memory}{Wrong}{}{Sum}{128.03}%
\StoreBenchExecResult{Test}{PredicateAnalysis}{Memory}{Wrong}{}{Min}{128.03}%
\StoreBenchExecResult{Test}{PredicateAnalysis}{Memory}{Wrong}{}{Max}{128.03}%
\StoreBenchExecResult{Test}{PredicateAnalysis}{Memory}{Wrong}{}{Avg}{128.03}%
\StoreBenchExecResult{Test}{PredicateAnalysis}{Memory}{Wrong}{}{Median}{128.03}%
\StoreBenchExecResult{Test}{PredicateAnalysis}{Memory}{Wrong}{}{Stdev}{0.00000}%
\StoreBenchExecResult{Test}{PredicateAnalysis}{Memory}{Wrong}{}{Unit}{MB}%
\StoreBenchExecResult{Test}{PredicateAnalysis}{Memory}{Wrong}{True}{Sum}{128.03}%
\StoreBenchExecResult{Test}{PredicateAnalysis}{Memory}{Wrong}{True}{Min}{128.03}%
\StoreBenchExecResult{Test}{PredicateAnalysis}{Memory}{Wrong}{True}{Max}{128.03}%
\StoreBenchExecResult{Test}{PredicateAnalysis}{Memory}{Wrong}{True}{Avg}{128.03}%
\StoreBenchExecResult{Test}{PredicateAnalysis}{Memory}{Wrong}{True}{Median}{128.03}%
\StoreBenchExecResult{Test}{PredicateAnalysis}{Memory}{Wrong}{True}{Stdev}{0.00000}%
\StoreBenchExecResult{Test}{PredicateAnalysis}{Memory}{Wrong}{True}{Unit}{MB}%
\StoreBenchExecResult{Test}{PredicateAnalysis}{MemoryGB}{All}{}{Sum}{0.64527}%
\StoreBenchExecResult{Test}{PredicateAnalysis}{MemoryGB}{All}{}{Min}{0.12631}%
\StoreBenchExecResult{Test}{PredicateAnalysis}{MemoryGB}{All}{}{Max}{0.13234}%
\StoreBenchExecResult{Test}{PredicateAnalysis}{MemoryGB}{All}{}{Avg}{0.12905}%
\StoreBenchExecResult{Test}{PredicateAnalysis}{MemoryGB}{All}{}{Median}{0.12912}%
\StoreBenchExecResult{Test}{PredicateAnalysis}{MemoryGB}{All}{}{Stdev}{0.0019758}%
\StoreBenchExecResult{Test}{PredicateAnalysis}{MemoryGB}{All}{}{Unit}{GB}%
\StoreBenchExecResult{Test}{PredicateAnalysis}{MemoryGB}{Correct}{}{Sum}{0.38777}%
\StoreBenchExecResult{Test}{PredicateAnalysis}{MemoryGB}{Correct}{}{Min}{0.12631}%
\StoreBenchExecResult{Test}{PredicateAnalysis}{MemoryGB}{Correct}{}{Max}{0.13234}%
\StoreBenchExecResult{Test}{PredicateAnalysis}{MemoryGB}{Correct}{}{Avg}{0.12926}%
\StoreBenchExecResult{Test}{PredicateAnalysis}{MemoryGB}{Correct}{}{Median}{0.12912}%
\StoreBenchExecResult{Test}{PredicateAnalysis}{MemoryGB}{Correct}{}{Stdev}{0.0024617}%
\StoreBenchExecResult{Test}{PredicateAnalysis}{MemoryGB}{Correct}{}{Unit}{GB}%
\StoreBenchExecResult{Test}{PredicateAnalysis}{MemoryGB}{Correct}{True}{Sum}{0.25865}%
\StoreBenchExecResult{Test}{PredicateAnalysis}{MemoryGB}{Correct}{True}{Min}{0.12631}%
\StoreBenchExecResult{Test}{PredicateAnalysis}{MemoryGB}{Correct}{True}{Max}{0.13234}%
\StoreBenchExecResult{Test}{PredicateAnalysis}{MemoryGB}{Correct}{True}{Avg}{0.12933}%
\StoreBenchExecResult{Test}{PredicateAnalysis}{MemoryGB}{Correct}{True}{Median}{0.12933}%
\StoreBenchExecResult{Test}{PredicateAnalysis}{MemoryGB}{Correct}{True}{Stdev}{0.0030126}%
\StoreBenchExecResult{Test}{PredicateAnalysis}{MemoryGB}{Correct}{True}{Unit}{GB}%
\StoreBenchExecResult{Test}{PredicateAnalysis}{MemoryGB}{Correct}{False}{Sum}{0.12912}%
\StoreBenchExecResult{Test}{PredicateAnalysis}{MemoryGB}{Correct}{False}{Min}{0.12912}%
\StoreBenchExecResult{Test}{PredicateAnalysis}{MemoryGB}{Correct}{False}{Max}{0.12912}%
\StoreBenchExecResult{Test}{PredicateAnalysis}{MemoryGB}{Correct}{False}{Avg}{0.12912}%
\StoreBenchExecResult{Test}{PredicateAnalysis}{MemoryGB}{Correct}{False}{Median}{0.12912}%
\StoreBenchExecResult{Test}{PredicateAnalysis}{MemoryGB}{Correct}{False}{Stdev}{0.00000}%
\StoreBenchExecResult{Test}{PredicateAnalysis}{MemoryGB}{Correct}{False}{Unit}{GB}%
\StoreBenchExecResult{Test}{PredicateAnalysis}{MemoryGB}{Wrong}{}{Sum}{0.12803}%
\StoreBenchExecResult{Test}{PredicateAnalysis}{MemoryGB}{Wrong}{}{Min}{0.12803}%
\StoreBenchExecResult{Test}{PredicateAnalysis}{MemoryGB}{Wrong}{}{Max}{0.12803}%
\StoreBenchExecResult{Test}{PredicateAnalysis}{MemoryGB}{Wrong}{}{Avg}{0.12803}%
\StoreBenchExecResult{Test}{PredicateAnalysis}{MemoryGB}{Wrong}{}{Median}{0.12803}%
\StoreBenchExecResult{Test}{PredicateAnalysis}{MemoryGB}{Wrong}{}{Stdev}{0.00000}%
\StoreBenchExecResult{Test}{PredicateAnalysis}{MemoryGB}{Wrong}{}{Unit}{GB}%
\StoreBenchExecResult{Test}{PredicateAnalysis}{MemoryGB}{Wrong}{True}{Sum}{0.12803}%
\StoreBenchExecResult{Test}{PredicateAnalysis}{MemoryGB}{Wrong}{True}{Min}{0.12803}%
\StoreBenchExecResult{Test}{PredicateAnalysis}{MemoryGB}{Wrong}{True}{Max}{0.12803}%
\StoreBenchExecResult{Test}{PredicateAnalysis}{MemoryGB}{Wrong}{True}{Avg}{0.12803}%
\StoreBenchExecResult{Test}{PredicateAnalysis}{MemoryGB}{Wrong}{True}{Median}{0.12803}%
\StoreBenchExecResult{Test}{PredicateAnalysis}{MemoryGB}{Wrong}{True}{Stdev}{0.00000}%
\StoreBenchExecResult{Test}{PredicateAnalysis}{MemoryGB}{Wrong}{True}{Unit}{GB}%