% Statistics produced by BenchExec, more information at
% https://github.com/sosy-lab/benchexec/blob/main/doc/table-generator.md
% By default, this file defines a LaTeX command for each statistics value
% where the command name consists of the following concatenated parts:
% benchmark name, runset name, column title, category, status, statistic.
% (If necessary, this can be overridden with
% \newcommand\StoreBenchExecResult[7]{...} before including this file.)
% Numbers are replaced by roman numerals, all parts of the name are in camel case,
% and if necessary for uniqueness a counter is appended to the non-unique name part.
% The last part of the name is either "Count", "Sum", "Min", "Max", "Avg", "Median",
% "Stdev", "Score", or "Unit", with the latter providing the unit for the others.
% Rounding of values can be specified in the BenchExec table definition or done with
% \usepackage[round-mode=figures, round-precision=...]{siunitx} and the \num command.
% Arguments: benchmark name, runset name, column title, category, status, statistic, value
\providecommand\StoreBenchExecResult[7]{\expandafter\newcommand\csname#1#2#3#4#5#6\endcsname{#7}}%
\StoreBenchExecResult{Mathsat}{}{Status}{All}{}{Score}{0}%
\StoreBenchExecResult{Mathsat}{}{Status}{All}{}{Count}{4}%
\StoreBenchExecResult{Mathsat}{}{Status}{Correct}{}{Count}{0}%
\StoreBenchExecResult{Mathsat}{}{Status}{Correct}{True}{Count}{0}%
\StoreBenchExecResult{Mathsat}{}{Status}{Correct}{False}{Count}{0}%
\StoreBenchExecResult{Mathsat}{}{Status}{Wrong}{}{Count}{0}%
\StoreBenchExecResult{Mathsat}{}{Status}{Wrong}{True}{Count}{0}%
\StoreBenchExecResult{Mathsat}{}{Status}{Wrong}{False}{Count}{0}%
\StoreBenchExecResult{Mathsat}{}{Cputime}{All}{}{Sum}{0.164753}%
\StoreBenchExecResult{Mathsat}{}{Cputime}{All}{}{Min}{0.008967}%
\StoreBenchExecResult{Mathsat}{}{Cputime}{All}{}{Max}{0.125825}%
\StoreBenchExecResult{Mathsat}{}{Cputime}{All}{}{Avg}{0.04118825}%
\StoreBenchExecResult{Mathsat}{}{Cputime}{All}{}{Median}{0.0149805}%
\StoreBenchExecResult{Mathsat}{}{Cputime}{All}{}{Stdev}{0.04910359748213464654683222697}%
\StoreBenchExecResult{Mathsat}{}{Cputime}{All}{}{Unit}{s}%
\StoreBenchExecResult{Mathsat}{}{Cputime}{Local}{}{Sum}{0.16475599999999999}%
\StoreBenchExecResult{Mathsat}{}{Cputime}{Local}{}{Unit}{s}%
\StoreBenchExecResult{Mathsat}{}{Walltime}{All}{}{Sum}{0.185031652450561522}%
\StoreBenchExecResult{Mathsat}{}{Walltime}{All}{}{Min}{0.010009765625}%
\StoreBenchExecResult{Mathsat}{}{Walltime}{All}{}{Max}{0.12830853462219238}%
\StoreBenchExecResult{Mathsat}{}{Walltime}{All}{}{Avg}{0.0462579131126403805}%
\StoreBenchExecResult{Mathsat}{}{Walltime}{All}{}{Median}{0.023356676101684571}%
\StoreBenchExecResult{Mathsat}{}{Walltime}{All}{}{Stdev}{0.04840297266946991084640372855}%
\StoreBenchExecResult{Mathsat}{}{Walltime}{All}{}{Unit}{s}%
\StoreBenchExecResult{Mathsat}{}{Walltime}{Local}{}{Sum}{0.8192446231842041}%
\StoreBenchExecResult{Mathsat}{}{Walltime}{Local}{}{Unit}{s}%
\StoreBenchExecResult{Mathsat}{}{Memory}{All}{}{Sum}{32505856}%
\StoreBenchExecResult{Mathsat}{}{Memory}{All}{}{Min}{2883584}%
\StoreBenchExecResult{Mathsat}{}{Memory}{All}{}{Max}{19525632}%
\StoreBenchExecResult{Mathsat}{}{Memory}{All}{}{Avg}{8126464}%
\StoreBenchExecResult{Mathsat}{}{Memory}{All}{}{Median}{5048320}%
\StoreBenchExecResult{Mathsat}{}{Memory}{All}{}{Stdev}{6648515.235331269059270664423}%
\StoreBenchExecResult{Smtinterpol}{}{Status}{All}{}{Score}{0}%
\StoreBenchExecResult{Smtinterpol}{}{Status}{All}{}{Count}{4}%
\StoreBenchExecResult{Smtinterpol}{}{Status}{Correct}{}{Count}{0}%
\StoreBenchExecResult{Smtinterpol}{}{Status}{Correct}{True}{Count}{0}%
\StoreBenchExecResult{Smtinterpol}{}{Status}{Correct}{False}{Count}{0}%
\StoreBenchExecResult{Smtinterpol}{}{Status}{Wrong}{}{Count}{0}%
\StoreBenchExecResult{Smtinterpol}{}{Status}{Wrong}{True}{Count}{0}%
\StoreBenchExecResult{Smtinterpol}{}{Status}{Wrong}{False}{Count}{0}%
\StoreBenchExecResult{Smtinterpol}{}{Cputime}{All}{}{Sum}{1.65639357599999993}%
\StoreBenchExecResult{Smtinterpol}{}{Cputime}{All}{}{Min}{0.193386}%
\StoreBenchExecResult{Smtinterpol}{}{Cputime}{All}{}{Max}{0.769471576}%
\StoreBenchExecResult{Smtinterpol}{}{Cputime}{All}{}{Avg}{0.4140983939999999825}%
\StoreBenchExecResult{Smtinterpol}{}{Cputime}{All}{}{Median}{0.346767999999999965}%
\StoreBenchExecResult{Smtinterpol}{}{Cputime}{All}{}{Stdev}{0.2341182183430023208395901038}%
\StoreBenchExecResult{Smtinterpol}{}{Cputime}{All}{}{Unit}{s}%
\StoreBenchExecResult{Smtinterpol}{}{Cputime}{Local}{}{Sum}{1.65805}%
\StoreBenchExecResult{Smtinterpol}{}{Cputime}{Local}{}{Unit}{s}%
\StoreBenchExecResult{Smtinterpol}{}{Walltime}{All}{}{Sum}{1.69319152832031250}%
\StoreBenchExecResult{Smtinterpol}{}{Walltime}{All}{}{Min}{0.19897174835205078}%
\StoreBenchExecResult{Smtinterpol}{}{Walltime}{All}{}{Max}{0.7776222229003906}%
\StoreBenchExecResult{Smtinterpol}{}{Walltime}{All}{}{Avg}{0.423297882080078125}%
\StoreBenchExecResult{Smtinterpol}{}{Walltime}{All}{}{Median}{0.35829877853393556}%
\StoreBenchExecResult{Smtinterpol}{}{Walltime}{All}{}{Stdev}{0.2330741906037817072919954311}%
\StoreBenchExecResult{Smtinterpol}{}{Walltime}{All}{}{Unit}{s}%
\StoreBenchExecResult{Smtinterpol}{}{Walltime}{Local}{}{Sum}{2.3188562393188477}%
\StoreBenchExecResult{Smtinterpol}{}{Walltime}{Local}{}{Unit}{s}%
\StoreBenchExecResult{Smtinterpol}{}{Memory}{All}{}{Sum}{139300864}%
\StoreBenchExecResult{Smtinterpol}{}{Memory}{All}{}{Min}{23822336}%
\StoreBenchExecResult{Smtinterpol}{}{Memory}{All}{}{Max}{46264320}%
\StoreBenchExecResult{Smtinterpol}{}{Memory}{All}{}{Avg}{34825216}%
\StoreBenchExecResult{Smtinterpol}{}{Memory}{All}{}{Median}{34607104}%
\StoreBenchExecResult{Smtinterpol}{}{Memory}{All}{}{Stdev}{10927257.63250633713180414298}%