% Statistics produced by BenchExec, more information at
% https://github.com/sosy-lab/benchexec/blob/main/doc/table-generator.md
% By default, this file defines a LaTeX command for each statistics value
% where the command name consists of the following concatenated parts:
% benchmark name, runset name, column title, category, status, statistic.
% (If necessary, this can be overridden with
% \newcommand\StoreBenchExecResult[7]{...} before including this file.)
% Numbers are replaced by roman numerals, all parts of the name are in camel case,
% and if necessary for uniqueness a counter is appended to the non-unique name part.
% The last part of the name is either "Count", "Sum", "Min", "Max", "Avg", "Median",
% "Stdev", "Score", or "Unit", with the latter providing the unit for the others.
% Rounding of values can be specified in the BenchExec table definition or done with
% \usepackage[round-mode=figures, round-precision=...]{siunitx} and the \num command.
% Arguments: benchmark name, runset name, column title, category, status, statistic, value
\providecommand\StoreBenchExecResult[7]{\expandafter\newcommand\csname#1#2#3#4#5#6\endcsname{#7}}%
\StoreBenchExecResult{Mathsat}{}{Status}{All}{}{Score}{0}%
\StoreBenchExecResult{Mathsat}{}{Status}{All}{}{Count}{3}%
\StoreBenchExecResult{Mathsat}{}{Status}{Correct}{}{Count}{0}%
\StoreBenchExecResult{Mathsat}{}{Status}{Correct}{True}{Count}{0}%
\StoreBenchExecResult{Mathsat}{}{Status}{Correct}{False}{Count}{0}%
\StoreBenchExecResult{Mathsat}{}{Status}{Wrong}{}{Count}{0}%
\StoreBenchExecResult{Mathsat}{}{Status}{Wrong}{True}{Count}{0}%
\StoreBenchExecResult{Mathsat}{}{Status}{Wrong}{False}{Count}{0}%
\StoreBenchExecResult{Mathsat}{}{Cputime}{All}{}{Sum}{0.155786}%
\StoreBenchExecResult{Mathsat}{}{Cputime}{All}{}{Min}{0.009091}%
\StoreBenchExecResult{Mathsat}{}{Cputime}{All}{}{Max}{0.125825}%
\StoreBenchExecResult{Mathsat}{}{Cputime}{All}{}{Avg}{0.05192866666666666666666666667}%
\StoreBenchExecResult{Mathsat}{}{Cputime}{All}{}{Median}{0.02087}%
\StoreBenchExecResult{Mathsat}{}{Cputime}{All}{}{Stdev}{0.05247340450382671923076363801}%
\StoreBenchExecResult{Mathsat}{}{Cputime}{All}{}{Unit}{s}%
\StoreBenchExecResult{Mathsat}{}{Walltime}{All}{}{Sum}{0.17342710494995117}%
\StoreBenchExecResult{Mathsat}{}{Walltime}{All}{}{Min}{0.010009765625}%
\StoreBenchExecResult{Mathsat}{}{Walltime}{All}{}{Max}{0.12830853462219238}%
\StoreBenchExecResult{Mathsat}{}{Walltime}{All}{}{Avg}{0.05780903498331705666666666667}%
\StoreBenchExecResult{Mathsat}{}{Walltime}{All}{}{Median}{0.03510880470275879}%
\StoreBenchExecResult{Mathsat}{}{Walltime}{All}{}{Stdev}{0.05089286150110217626314818396}%
\StoreBenchExecResult{Mathsat}{}{Walltime}{All}{}{Unit}{s}%
\StoreBenchExecResult{Mathsat}{}{Memory}{All}{}{Sum}{26992640}%
\StoreBenchExecResult{Mathsat}{}{Memory}{All}{}{Min}{2883584}%
\StoreBenchExecResult{Mathsat}{}{Memory}{All}{}{Max}{19525632}%
\StoreBenchExecResult{Mathsat}{}{Memory}{All}{}{Avg}{8997546.666666666666666666667}%
\StoreBenchExecResult{Mathsat}{}{Memory}{All}{}{Median}{4583424}%
\StoreBenchExecResult{Mathsat}{}{Memory}{All}{}{Stdev}{7476755.071368921664235748621}%
\StoreBenchExecResult{Smtinterpol}{}{Status}{All}{}{Score}{0}%
\StoreBenchExecResult{Smtinterpol}{}{Status}{All}{}{Count}{3}%
\StoreBenchExecResult{Smtinterpol}{}{Status}{Correct}{}{Count}{0}%
\StoreBenchExecResult{Smtinterpol}{}{Status}{Correct}{True}{Count}{0}%
\StoreBenchExecResult{Smtinterpol}{}{Status}{Correct}{False}{Count}{0}%
\StoreBenchExecResult{Smtinterpol}{}{Status}{Wrong}{}{Count}{0}%
\StoreBenchExecResult{Smtinterpol}{}{Status}{Wrong}{True}{Count}{0}%
\StoreBenchExecResult{Smtinterpol}{}{Status}{Wrong}{False}{Count}{0}%
\StoreBenchExecResult{Smtinterpol}{}{Cputime}{All}{}{Sum}{1.44224257599999995}%
\StoreBenchExecResult{Smtinterpol}{}{Cputime}{All}{}{Min}{0.193386}%
\StoreBenchExecResult{Smtinterpol}{}{Cputime}{All}{}{Max}{0.769471576}%
\StoreBenchExecResult{Smtinterpol}{}{Cputime}{All}{}{Avg}{0.4807475253333333166666666667}%
\StoreBenchExecResult{Smtinterpol}{}{Cputime}{All}{}{Median}{0.47938499999999995}%
\StoreBenchExecResult{Smtinterpol}{}{Cputime}{All}{}{Stdev}{0.2351879249667889524229119323}%
\StoreBenchExecResult{Smtinterpol}{}{Cputime}{All}{}{Unit}{s}%
\StoreBenchExecResult{Smtinterpol}{}{Walltime}{All}{}{Sum}{1.46329951286315918}%
\StoreBenchExecResult{Smtinterpol}{}{Walltime}{All}{}{Min}{0.19897174835205078}%
\StoreBenchExecResult{Smtinterpol}{}{Walltime}{All}{}{Max}{0.7776222229003906}%
\StoreBenchExecResult{Smtinterpol}{}{Walltime}{All}{}{Avg}{0.4877665042877197266666666667}%
\StoreBenchExecResult{Smtinterpol}{}{Walltime}{All}{}{Median}{0.4867055416107178}%
\StoreBenchExecResult{Smtinterpol}{}{Walltime}{All}{}{Stdev}{0.2362342582481863640648606508}%
\StoreBenchExecResult{Smtinterpol}{}{Walltime}{All}{}{Unit}{s}%
\StoreBenchExecResult{Smtinterpol}{}{Memory}{All}{}{Sum}{115314688}%
\StoreBenchExecResult{Smtinterpol}{}{Memory}{All}{}{Min}{23822336}%
\StoreBenchExecResult{Smtinterpol}{}{Memory}{All}{}{Max}{46264320}%
\StoreBenchExecResult{Smtinterpol}{}{Memory}{All}{}{Avg}{38438229.33333333333333333333}%
\StoreBenchExecResult{Smtinterpol}{}{Memory}{All}{}{Median}{45228032}%
\StoreBenchExecResult{Smtinterpol}{}{Memory}{All}{}{Stdev}{10343652.69632442539094751832}%