% Statistics produced by BenchExec, more information at
% https://github.com/sosy-lab/benchexec/blob/main/doc/table-generator.md
% By default, this file defines a LaTeX command for each statistics value
% where the command name consists of the following concatenated parts:
% benchmark name, runset name, column title, category, status, statistic.
% (If necessary, this can be overridden with
% \newcommand\StoreBenchExecResult[7]{...} before including this file.)
% Numbers are replaced by roman numerals, all parts of the name are in camel case,
% and if necessary for uniqueness a counter is appended to the non-unique name part.
% The last part of the name is either "Count", "Sum", "Min", "Max", "Avg", "Median",
% "Stdev", "Score", or "Unit", with the latter providing the unit for the others.
% Rounding of values can be specified in the BenchExec table definition or done with
% \usepackage[round-mode=figures, round-precision=...]{siunitx} and the \num command.
% Arguments: benchmark name, runset name, column title, category, status, statistic, value
\providecommand\StoreBenchExecResult[7]{\expandafter\newcommand\csname#1#2#3#4#5#6\endcsname{#7}}%
\StoreBenchExecResult{BenchmarkTestI}{}{Status}{All}{}{Score}{-126}%
\StoreBenchExecResult{BenchmarkTestI}{}{Status}{All}{}{Count}{6}%
\StoreBenchExecResult{BenchmarkTestI}{}{Status}{Correct}{}{Count}{1}%
\StoreBenchExecResult{BenchmarkTestI}{}{Status}{Correct}{True}{Count}{1}%
\StoreBenchExecResult{BenchmarkTestI}{}{Status}{Correct}{False}{Count}{0}%
\StoreBenchExecResult{BenchmarkTestI}{}{Status}{Wrong}{}{Count}{4}%
\StoreBenchExecResult{BenchmarkTestI}{}{Status}{Wrong}{True}{Count}{4}%
\StoreBenchExecResult{BenchmarkTestI}{}{Status}{Wrong}{False}{Count}{0}%
\StoreBenchExecResult{BenchmarkTestI}{}{Cputime}{All}{}{Sum}{0.010333572}%
\StoreBenchExecResult{BenchmarkTestI}{}{Cputime}{All}{}{Min}{0.001470596}%
\StoreBenchExecResult{BenchmarkTestI}{}{Cputime}{All}{}{Max}{0.00246884}%
\StoreBenchExecResult{BenchmarkTestI}{}{Cputime}{All}{}{Avg}{0.001722262}%
\StoreBenchExecResult{BenchmarkTestI}{}{Cputime}{All}{}{Median}{0.001608331}%
\StoreBenchExecResult{BenchmarkTestI}{}{Cputime}{All}{}{Stdev}{0.0003404054949017911099285990480}%
\StoreBenchExecResult{BenchmarkTestI}{}{Cputime}{All}{}{Unit}{s}%
\StoreBenchExecResult{BenchmarkTestI}{}{Cputime}{Correct}{}{Sum}{0.001604837}%
\StoreBenchExecResult{BenchmarkTestI}{}{Cputime}{Correct}{}{Min}{0.001604837}%
\StoreBenchExecResult{BenchmarkTestI}{}{Cputime}{Correct}{}{Max}{0.001604837}%
\StoreBenchExecResult{BenchmarkTestI}{}{Cputime}{Correct}{}{Avg}{0.001604837}%
\StoreBenchExecResult{BenchmarkTestI}{}{Cputime}{Correct}{}{Median}{0.001604837}%
\StoreBenchExecResult{BenchmarkTestI}{}{Cputime}{Correct}{}{Stdev}{0.00000000000000}%
\StoreBenchExecResult{BenchmarkTestI}{}{Cputime}{Correct}{}{Unit}{s}%
\StoreBenchExecResult{BenchmarkTestI}{}{Cputime}{Correct}{True}{Sum}{0.001604837}%
\StoreBenchExecResult{BenchmarkTestI}{}{Cputime}{Correct}{True}{Min}{0.001604837}%
\StoreBenchExecResult{BenchmarkTestI}{}{Cputime}{Correct}{True}{Max}{0.001604837}%
\StoreBenchExecResult{BenchmarkTestI}{}{Cputime}{Correct}{True}{Avg}{0.001604837}%
\StoreBenchExecResult{BenchmarkTestI}{}{Cputime}{Correct}{True}{Median}{0.001604837}%
\StoreBenchExecResult{BenchmarkTestI}{}{Cputime}{Correct}{True}{Stdev}{0.00000000000000}%
\StoreBenchExecResult{BenchmarkTestI}{}{Cputime}{Correct}{True}{Unit}{s}%
\StoreBenchExecResult{BenchmarkTestI}{}{Cputime}{Wrong}{}{Sum}{0.007258139}%
\StoreBenchExecResult{BenchmarkTestI}{}{Cputime}{Wrong}{}{Min}{0.001508431}%
\StoreBenchExecResult{BenchmarkTestI}{}{Cputime}{Wrong}{}{Max}{0.00246884}%
\StoreBenchExecResult{BenchmarkTestI}{}{Cputime}{Wrong}{}{Avg}{0.00181453475}%
\StoreBenchExecResult{BenchmarkTestI}{}{Cputime}{Wrong}{}{Median}{0.001640434}%
\StoreBenchExecResult{BenchmarkTestI}{}{Cputime}{Wrong}{}{Stdev}{0.0003821236573429961035916099705}%
\StoreBenchExecResult{BenchmarkTestI}{}{Cputime}{Wrong}{}{Unit}{s}%
\StoreBenchExecResult{BenchmarkTestI}{}{Cputime}{Wrong}{True}{Sum}{0.007258139}%
\StoreBenchExecResult{BenchmarkTestI}{}{Cputime}{Wrong}{True}{Min}{0.001508431}%
\StoreBenchExecResult{BenchmarkTestI}{}{Cputime}{Wrong}{True}{Max}{0.00246884}%
\StoreBenchExecResult{BenchmarkTestI}{}{Cputime}{Wrong}{True}{Avg}{0.00181453475}%
\StoreBenchExecResult{BenchmarkTestI}{}{Cputime}{Wrong}{True}{Median}{0.001640434}%
\StoreBenchExecResult{BenchmarkTestI}{}{Cputime}{Wrong}{True}{Stdev}{0.0003821236573429961035916099705}%
\StoreBenchExecResult{BenchmarkTestI}{}{Cputime}{Wrong}{True}{Unit}{s}%
\StoreBenchExecResult{BenchmarkTestI}{}{Cputime}{Local}{}{Sum}{0.30076899999999995}%
\StoreBenchExecResult{BenchmarkTestI}{}{Cputime}{Local}{}{Unit}{s}%
\StoreBenchExecResult{BenchmarkTestI}{}{Walltime}{All}{}{Sum}{0.0247656530009408017}%
\StoreBenchExecResult{BenchmarkTestI}{}{Walltime}{All}{}{Min}{0.003340429999298067}%
\StoreBenchExecResult{BenchmarkTestI}{}{Walltime}{All}{}{Max}{0.005449632000818383}%
\StoreBenchExecResult{BenchmarkTestI}{}{Walltime}{All}{}{Avg}{0.004127608833490133616666666667}%
\StoreBenchExecResult{BenchmarkTestI}{}{Walltime}{All}{}{Median}{0.00392830049986514475}%
\StoreBenchExecResult{BenchmarkTestI}{}{Walltime}{All}{}{Stdev}{0.0008026955655713016483224505089}%
\StoreBenchExecResult{BenchmarkTestI}{}{Walltime}{All}{}{Unit}{s}%
\StoreBenchExecResult{BenchmarkTestI}{}{Walltime}{Correct}{}{Sum}{0.003340429999298067}%
\StoreBenchExecResult{BenchmarkTestI}{}{Walltime}{Correct}{}{Min}{0.003340429999298067}%
\StoreBenchExecResult{BenchmarkTestI}{}{Walltime}{Correct}{}{Max}{0.003340429999298067}%
\StoreBenchExecResult{BenchmarkTestI}{}{Walltime}{Correct}{}{Avg}{0.003340429999298067}%
\StoreBenchExecResult{BenchmarkTestI}{}{Walltime}{Correct}{}{Median}{0.003340429999298067}%
\StoreBenchExecResult{BenchmarkTestI}{}{Walltime}{Correct}{}{Stdev}{0.000000000000000000}%
\StoreBenchExecResult{BenchmarkTestI}{}{Walltime}{Correct}{}{Unit}{s}%
\StoreBenchExecResult{BenchmarkTestI}{}{Walltime}{Correct}{True}{Sum}{0.003340429999298067}%
\StoreBenchExecResult{BenchmarkTestI}{}{Walltime}{Correct}{True}{Min}{0.003340429999298067}%
\StoreBenchExecResult{BenchmarkTestI}{}{Walltime}{Correct}{True}{Max}{0.003340429999298067}%
\StoreBenchExecResult{BenchmarkTestI}{}{Walltime}{Correct}{True}{Avg}{0.003340429999298067}%
\StoreBenchExecResult{BenchmarkTestI}{}{Walltime}{Correct}{True}{Median}{0.003340429999298067}%
\StoreBenchExecResult{BenchmarkTestI}{}{Walltime}{Correct}{True}{Stdev}{0.000000000000000000}%
\StoreBenchExecResult{BenchmarkTestI}{}{Walltime}{Correct}{True}{Unit}{s}%
\StoreBenchExecResult{BenchmarkTestI}{}{Walltime}{Wrong}{}{Sum}{0.0180320770014077425}%
\StoreBenchExecResult{BenchmarkTestI}{}{Walltime}{Wrong}{}{Min}{0.0034175380005763145}%
\StoreBenchExecResult{BenchmarkTestI}{}{Walltime}{Wrong}{}{Max}{0.005449632000818383}%
\StoreBenchExecResult{BenchmarkTestI}{}{Walltime}{Wrong}{}{Avg}{0.004508019250351935625}%
\StoreBenchExecResult{BenchmarkTestI}{}{Walltime}{Wrong}{}{Median}{0.0045824535000065225}%
\StoreBenchExecResult{BenchmarkTestI}{}{Walltime}{Wrong}{}{Stdev}{0.0007293809900295524329463382680}%
\StoreBenchExecResult{BenchmarkTestI}{}{Walltime}{Wrong}{}{Unit}{s}%
\StoreBenchExecResult{BenchmarkTestI}{}{Walltime}{Wrong}{True}{Sum}{0.0180320770014077425}%
\StoreBenchExecResult{BenchmarkTestI}{}{Walltime}{Wrong}{True}{Min}{0.0034175380005763145}%
\StoreBenchExecResult{BenchmarkTestI}{}{Walltime}{Wrong}{True}{Max}{0.005449632000818383}%
\StoreBenchExecResult{BenchmarkTestI}{}{Walltime}{Wrong}{True}{Avg}{0.004508019250351935625}%
\StoreBenchExecResult{BenchmarkTestI}{}{Walltime}{Wrong}{True}{Median}{0.0045824535000065225}%
\StoreBenchExecResult{BenchmarkTestI}{}{Walltime}{Wrong}{True}{Stdev}{0.0007293809900295524329463382680}%
\StoreBenchExecResult{BenchmarkTestI}{}{Walltime}{Wrong}{True}{Unit}{s}%
\StoreBenchExecResult{BenchmarkTestI}{}{Walltime}{Local}{}{Sum}{1.1659082709993527}%
\StoreBenchExecResult{BenchmarkTestI}{}{Walltime}{Local}{}{Unit}{s}%
\StoreBenchExecResult{BenchmarkTestI}{}{Memory}{All}{}{Sum}{2.162688}%
\StoreBenchExecResult{BenchmarkTestI}{}{Memory}{All}{}{Min}{0.303104}%
\StoreBenchExecResult{BenchmarkTestI}{}{Memory}{All}{}{Max}{0.409600}%
\StoreBenchExecResult{BenchmarkTestI}{}{Memory}{All}{}{Avg}{0.360448}%
\StoreBenchExecResult{BenchmarkTestI}{}{Memory}{All}{}{Median}{0.380928}%
\StoreBenchExecResult{BenchmarkTestI}{}{Memory}{All}{}{Stdev}{0.04041017640809469831054497936}%
\StoreBenchExecResult{BenchmarkTestI}{}{Memory}{All}{}{Unit}{MB}%
\StoreBenchExecResult{BenchmarkTestI}{}{Memory}{Correct}{}{Sum}{0.409600}%
\StoreBenchExecResult{BenchmarkTestI}{}{Memory}{Correct}{}{Min}{0.409600}%
\StoreBenchExecResult{BenchmarkTestI}{}{Memory}{Correct}{}{Max}{0.409600}%
\StoreBenchExecResult{BenchmarkTestI}{}{Memory}{Correct}{}{Avg}{0.409600}%
\StoreBenchExecResult{BenchmarkTestI}{}{Memory}{Correct}{}{Median}{0.409600}%
\StoreBenchExecResult{BenchmarkTestI}{}{Memory}{Correct}{}{Stdev}{0.00000000000000000000}%
\StoreBenchExecResult{BenchmarkTestI}{}{Memory}{Correct}{}{Unit}{MB}%
\StoreBenchExecResult{BenchmarkTestI}{}{Memory}{Correct}{True}{Sum}{0.409600}%
\StoreBenchExecResult{BenchmarkTestI}{}{Memory}{Correct}{True}{Min}{0.409600}%
\StoreBenchExecResult{BenchmarkTestI}{}{Memory}{Correct}{True}{Max}{0.409600}%
\StoreBenchExecResult{BenchmarkTestI}{}{Memory}{Correct}{True}{Avg}{0.409600}%
\StoreBenchExecResult{BenchmarkTestI}{}{Memory}{Correct}{True}{Median}{0.409600}%
\StoreBenchExecResult{BenchmarkTestI}{}{Memory}{Correct}{True}{Stdev}{0.00000000000000000000}%
\StoreBenchExecResult{BenchmarkTestI}{}{Memory}{Correct}{True}{Unit}{MB}%
\StoreBenchExecResult{BenchmarkTestI}{}{Memory}{Wrong}{}{Sum}{1.372160}%
\StoreBenchExecResult{BenchmarkTestI}{}{Memory}{Wrong}{}{Min}{0.303104}%
\StoreBenchExecResult{BenchmarkTestI}{}{Memory}{Wrong}{}{Max}{0.380928}%
\StoreBenchExecResult{BenchmarkTestI}{}{Memory}{Wrong}{}{Avg}{0.343040}%
\StoreBenchExecResult{BenchmarkTestI}{}{Memory}{Wrong}{}{Median}{0.344064}%
\StoreBenchExecResult{BenchmarkTestI}{}{Memory}{Wrong}{}{Stdev}{0.03791566557506276982485749309}%
\StoreBenchExecResult{BenchmarkTestI}{}{Memory}{Wrong}{}{Unit}{MB}%
\StoreBenchExecResult{BenchmarkTestI}{}{Memory}{Wrong}{True}{Sum}{1.372160}%
\StoreBenchExecResult{BenchmarkTestI}{}{Memory}{Wrong}{True}{Min}{0.303104}%
\StoreBenchExecResult{BenchmarkTestI}{}{Memory}{Wrong}{True}{Max}{0.380928}%
\StoreBenchExecResult{BenchmarkTestI}{}{Memory}{Wrong}{True}{Avg}{0.343040}%
\StoreBenchExecResult{BenchmarkTestI}{}{Memory}{Wrong}{True}{Median}{0.344064}%
\StoreBenchExecResult{BenchmarkTestI}{}{Memory}{Wrong}{True}{Stdev}{0.03791566557506276982485749309}%
\StoreBenchExecResult{BenchmarkTestI}{}{Memory}{Wrong}{True}{Unit}{MB}%
\StoreBenchExecResult{BenchmarkTestI}{}{Cpuenergy}{All}{}{Sum}{0.013672}%
\StoreBenchExecResult{BenchmarkTestI}{}{Cpuenergy}{All}{}{Min}{0}%
\StoreBenchExecResult{BenchmarkTestI}{}{Cpuenergy}{All}{}{Max}{0.013672}%
\StoreBenchExecResult{BenchmarkTestI}{}{Cpuenergy}{All}{}{Avg}{0.003418}%
\StoreBenchExecResult{BenchmarkTestI}{}{Cpuenergy}{All}{}{Median}{0}%
\StoreBenchExecResult{BenchmarkTestI}{}{Cpuenergy}{All}{}{Stdev}{0.005920149660270422589276811595}%
\StoreBenchExecResult{BenchmarkTestI}{}{Cpuenergy}{All}{}{Unit}{J}%
\StoreBenchExecResult{BenchmarkTestI}{}{Cpuenergy}{Wrong}{}{Sum}{0.013672}%
\StoreBenchExecResult{BenchmarkTestI}{}{Cpuenergy}{Wrong}{}{Min}{0}%
\StoreBenchExecResult{BenchmarkTestI}{}{Cpuenergy}{Wrong}{}{Max}{0.013672}%
\StoreBenchExecResult{BenchmarkTestI}{}{Cpuenergy}{Wrong}{}{Avg}{0.004557333333333333333333333333}%
\StoreBenchExecResult{BenchmarkTestI}{}{Cpuenergy}{Wrong}{}{Median}{0}%
\StoreBenchExecResult{BenchmarkTestI}{}{Cpuenergy}{Wrong}{}{Stdev}{0.006445042608254985169072229413}%
\StoreBenchExecResult{BenchmarkTestI}{}{Cpuenergy}{Wrong}{}{Unit}{J}%
\StoreBenchExecResult{BenchmarkTestI}{}{Cpuenergy}{Wrong}{True}{Sum}{0.013672}%
\StoreBenchExecResult{BenchmarkTestI}{}{Cpuenergy}{Wrong}{True}{Min}{0}%
\StoreBenchExecResult{BenchmarkTestI}{}{Cpuenergy}{Wrong}{True}{Max}{0.013672}%
\StoreBenchExecResult{BenchmarkTestI}{}{Cpuenergy}{Wrong}{True}{Avg}{0.004557333333333333333333333333}%
\StoreBenchExecResult{BenchmarkTestI}{}{Cpuenergy}{Wrong}{True}{Median}{0}%
\StoreBenchExecResult{BenchmarkTestI}{}{Cpuenergy}{Wrong}{True}{Stdev}{0.006445042608254985169072229413}%
\StoreBenchExecResult{BenchmarkTestI}{}{Cpuenergy}{Wrong}{True}{Unit}{J}%
\StoreBenchExecResult{BenchmarkTestI}{}{Cpuenergy}{Local}{}{Sum}{3.757202}%
\StoreBenchExecResult{BenchmarkTestI}{}{Cpuenergy}{Local}{}{Unit}{J}%
\StoreBenchExecResult{BenchmarkTestII}{}{Status}{All}{}{Score}{-126}%
\StoreBenchExecResult{BenchmarkTestII}{}{Status}{All}{}{Count}{6}%
\StoreBenchExecResult{BenchmarkTestII}{}{Status}{Correct}{}{Count}{1}%
\StoreBenchExecResult{BenchmarkTestII}{}{Status}{Correct}{True}{Count}{1}%
\StoreBenchExecResult{BenchmarkTestII}{}{Status}{Correct}{False}{Count}{0}%
\StoreBenchExecResult{BenchmarkTestII}{}{Status}{Wrong}{}{Count}{4}%
\StoreBenchExecResult{BenchmarkTestII}{}{Status}{Wrong}{True}{Count}{4}%
\StoreBenchExecResult{BenchmarkTestII}{}{Status}{Wrong}{False}{Count}{0}%
\StoreBenchExecResult{BenchmarkTestII}{}{Cputime}{All}{}{Sum}{0.010015112}%
\StoreBenchExecResult{BenchmarkTestII}{}{Cputime}{All}{}{Min}{0.001321182}%
\StoreBenchExecResult{BenchmarkTestII}{}{Cputime}{All}{}{Max}{0.002084712}%
\StoreBenchExecResult{BenchmarkTestII}{}{Cputime}{All}{}{Avg}{0.001669185333333333333333333333}%
\StoreBenchExecResult{BenchmarkTestII}{}{Cputime}{All}{}{Median}{0.0015968225}%
\StoreBenchExecResult{BenchmarkTestII}{}{Cputime}{All}{}{Stdev}{0.0002564800364119766903010807740}%
\StoreBenchExecResult{BenchmarkTestII}{}{Cputime}{All}{}{Unit}{s}%
\StoreBenchExecResult{BenchmarkTestII}{}{Cputime}{Correct}{}{Sum}{0.001500394}%
\StoreBenchExecResult{BenchmarkTestII}{}{Cputime}{Correct}{}{Min}{0.001500394}%
\StoreBenchExecResult{BenchmarkTestII}{}{Cputime}{Correct}{}{Max}{0.001500394}%
\StoreBenchExecResult{BenchmarkTestII}{}{Cputime}{Correct}{}{Avg}{0.001500394}%
\StoreBenchExecResult{BenchmarkTestII}{}{Cputime}{Correct}{}{Median}{0.001500394}%
\StoreBenchExecResult{BenchmarkTestII}{}{Cputime}{Correct}{}{Stdev}{0.00000000000000}%
\StoreBenchExecResult{BenchmarkTestII}{}{Cputime}{Correct}{}{Unit}{s}%
\StoreBenchExecResult{BenchmarkTestII}{}{Cputime}{Correct}{True}{Sum}{0.001500394}%
\StoreBenchExecResult{BenchmarkTestII}{}{Cputime}{Correct}{True}{Min}{0.001500394}%
\StoreBenchExecResult{BenchmarkTestII}{}{Cputime}{Correct}{True}{Max}{0.001500394}%
\StoreBenchExecResult{BenchmarkTestII}{}{Cputime}{Correct}{True}{Avg}{0.001500394}%
\StoreBenchExecResult{BenchmarkTestII}{}{Cputime}{Correct}{True}{Median}{0.001500394}%
\StoreBenchExecResult{BenchmarkTestII}{}{Cputime}{Correct}{True}{Stdev}{0.00000000000000}%
\StoreBenchExecResult{BenchmarkTestII}{}{Cputime}{Correct}{True}{Unit}{s}%
\StoreBenchExecResult{BenchmarkTestII}{}{Cputime}{Wrong}{}{Sum}{0.006944795}%
\StoreBenchExecResult{BenchmarkTestII}{}{Cputime}{Wrong}{}{Min}{0.001321182}%
\StoreBenchExecResult{BenchmarkTestII}{}{Cputime}{Wrong}{}{Max}{0.002084712}%
\StoreBenchExecResult{BenchmarkTestII}{}{Cputime}{Wrong}{}{Avg}{0.00173619875}%
\StoreBenchExecResult{BenchmarkTestII}{}{Cputime}{Wrong}{}{Median}{0.0017694505}%
\StoreBenchExecResult{BenchmarkTestII}{}{Cputime}{Wrong}{}{Stdev}{0.0002908544899888731303406665525}%
\StoreBenchExecResult{BenchmarkTestII}{}{Cputime}{Wrong}{}{Unit}{s}%
\StoreBenchExecResult{BenchmarkTestII}{}{Cputime}{Wrong}{True}{Sum}{0.006944795}%
\StoreBenchExecResult{BenchmarkTestII}{}{Cputime}{Wrong}{True}{Min}{0.001321182}%
\StoreBenchExecResult{BenchmarkTestII}{}{Cputime}{Wrong}{True}{Max}{0.002084712}%
\StoreBenchExecResult{BenchmarkTestII}{}{Cputime}{Wrong}{True}{Avg}{0.00173619875}%
\StoreBenchExecResult{BenchmarkTestII}{}{Cputime}{Wrong}{True}{Median}{0.0017694505}%
\StoreBenchExecResult{BenchmarkTestII}{}{Cputime}{Wrong}{True}{Stdev}{0.0002908544899888731303406665525}%
\StoreBenchExecResult{BenchmarkTestII}{}{Cputime}{Wrong}{True}{Unit}{s}%
\StoreBenchExecResult{BenchmarkTestII}{}{Cputime}{Local}{}{Sum}{0.283235}%
\StoreBenchExecResult{BenchmarkTestII}{}{Cputime}{Local}{}{Unit}{s}%
\StoreBenchExecResult{BenchmarkTestII}{}{Walltime}{All}{}{Sum}{0.0208247970003867520}%
\StoreBenchExecResult{BenchmarkTestII}{}{Walltime}{All}{}{Min}{0.0016077199998107972}%
\StoreBenchExecResult{BenchmarkTestII}{}{Walltime}{All}{}{Max}{0.008082981999905314}%
\StoreBenchExecResult{BenchmarkTestII}{}{Walltime}{All}{}{Avg}{0.003470799500064458666666666667}%
\StoreBenchExecResult{BenchmarkTestII}{}{Walltime}{All}{}{Median}{0.0026489375004530303}%
\StoreBenchExecResult{BenchmarkTestII}{}{Walltime}{All}{}{Stdev}{0.002195742238140134715828995173}%
\StoreBenchExecResult{BenchmarkTestII}{}{Walltime}{All}{}{Unit}{s}%
\StoreBenchExecResult{BenchmarkTestII}{}{Walltime}{Correct}{}{Sum}{0.003930105999643274}%
\StoreBenchExecResult{BenchmarkTestII}{}{Walltime}{Correct}{}{Min}{0.003930105999643274}%
\StoreBenchExecResult{BenchmarkTestII}{}{Walltime}{Correct}{}{Max}{0.003930105999643274}%
\StoreBenchExecResult{BenchmarkTestII}{}{Walltime}{Correct}{}{Avg}{0.003930105999643274}%
\StoreBenchExecResult{BenchmarkTestII}{}{Walltime}{Correct}{}{Median}{0.003930105999643274}%
\StoreBenchExecResult{BenchmarkTestII}{}{Walltime}{Correct}{}{Stdev}{0.000000000000000000}%
\StoreBenchExecResult{BenchmarkTestII}{}{Walltime}{Correct}{}{Unit}{s}%
\StoreBenchExecResult{BenchmarkTestII}{}{Walltime}{Correct}{True}{Sum}{0.003930105999643274}%
\StoreBenchExecResult{BenchmarkTestII}{}{Walltime}{Correct}{True}{Min}{0.003930105999643274}%
\StoreBenchExecResult{BenchmarkTestII}{}{Walltime}{Correct}{True}{Max}{0.003930105999643274}%
\StoreBenchExecResult{BenchmarkTestII}{}{Walltime}{Correct}{True}{Avg}{0.003930105999643274}%
\StoreBenchExecResult{BenchmarkTestII}{}{Walltime}{Correct}{True}{Median}{0.003930105999643274}%
\StoreBenchExecResult{BenchmarkTestII}{}{Walltime}{Correct}{True}{Stdev}{0.000000000000000000}%
\StoreBenchExecResult{BenchmarkTestII}{}{Walltime}{Correct}{True}{Unit}{s}%
\StoreBenchExecResult{BenchmarkTestII}{}{Walltime}{Wrong}{}{Sum}{0.0139505470006042740}%
\StoreBenchExecResult{BenchmarkTestII}{}{Walltime}{Wrong}{}{Min}{0.0016077199998107972}%
\StoreBenchExecResult{BenchmarkTestII}{}{Walltime}{Wrong}{}{Max}{0.008082981999905314}%
\StoreBenchExecResult{BenchmarkTestII}{}{Walltime}{Wrong}{}{Avg}{0.0034876367501510685}%
\StoreBenchExecResult{BenchmarkTestII}{}{Walltime}{Wrong}{}{Median}{0.0021299225004440814}%
\StoreBenchExecResult{BenchmarkTestII}{}{Walltime}{Wrong}{}{Stdev}{0.002666375883572921347091777660}%
\StoreBenchExecResult{BenchmarkTestII}{}{Walltime}{Wrong}{}{Unit}{s}%
\StoreBenchExecResult{BenchmarkTestII}{}{Walltime}{Wrong}{True}{Sum}{0.0139505470006042740}%
\StoreBenchExecResult{BenchmarkTestII}{}{Walltime}{Wrong}{True}{Min}{0.0016077199998107972}%
\StoreBenchExecResult{BenchmarkTestII}{}{Walltime}{Wrong}{True}{Max}{0.008082981999905314}%
\StoreBenchExecResult{BenchmarkTestII}{}{Walltime}{Wrong}{True}{Avg}{0.0034876367501510685}%
\StoreBenchExecResult{BenchmarkTestII}{}{Walltime}{Wrong}{True}{Median}{0.0021299225004440814}%
\StoreBenchExecResult{BenchmarkTestII}{}{Walltime}{Wrong}{True}{Stdev}{0.002666375883572921347091777660}%
\StoreBenchExecResult{BenchmarkTestII}{}{Walltime}{Wrong}{True}{Unit}{s}%
\StoreBenchExecResult{BenchmarkTestII}{}{Walltime}{Local}{}{Sum}{1.1615191119999508}%
\StoreBenchExecResult{BenchmarkTestII}{}{Walltime}{Local}{}{Unit}{s}%
\StoreBenchExecResult{BenchmarkTestII}{}{Memory}{All}{}{Sum}{1.765376}%
\StoreBenchExecResult{BenchmarkTestII}{}{Memory}{All}{}{Min}{0.249856}%
\StoreBenchExecResult{BenchmarkTestII}{}{Memory}{All}{}{Max}{0.380928}%
\StoreBenchExecResult{BenchmarkTestII}{}{Memory}{All}{}{Avg}{0.2942293333333333333333333333}%
\StoreBenchExecResult{BenchmarkTestII}{}{Memory}{All}{}{Median}{0.251904}%
\StoreBenchExecResult{BenchmarkTestII}{}{Memory}{All}{}{Stdev}{0.06132231692368520487463757226}%
\StoreBenchExecResult{BenchmarkTestII}{}{Memory}{All}{}{Unit}{MB}%
\StoreBenchExecResult{BenchmarkTestII}{}{Memory}{Correct}{}{Sum}{0.380928}%
\StoreBenchExecResult{BenchmarkTestII}{}{Memory}{Correct}{}{Min}{0.380928}%
\StoreBenchExecResult{BenchmarkTestII}{}{Memory}{Correct}{}{Max}{0.380928}%
\StoreBenchExecResult{BenchmarkTestII}{}{Memory}{Correct}{}{Avg}{0.380928}%
\StoreBenchExecResult{BenchmarkTestII}{}{Memory}{Correct}{}{Median}{0.380928}%
\StoreBenchExecResult{BenchmarkTestII}{}{Memory}{Correct}{}{Stdev}{0.00000000000000000000}%
\StoreBenchExecResult{BenchmarkTestII}{}{Memory}{Correct}{}{Unit}{MB}%
\StoreBenchExecResult{BenchmarkTestII}{}{Memory}{Correct}{True}{Sum}{0.380928}%
\StoreBenchExecResult{BenchmarkTestII}{}{Memory}{Correct}{True}{Min}{0.380928}%
\StoreBenchExecResult{BenchmarkTestII}{}{Memory}{Correct}{True}{Max}{0.380928}%
\StoreBenchExecResult{BenchmarkTestII}{}{Memory}{Correct}{True}{Avg}{0.380928}%
\StoreBenchExecResult{BenchmarkTestII}{}{Memory}{Correct}{True}{Median}{0.380928}%
\StoreBenchExecResult{BenchmarkTestII}{}{Memory}{Correct}{True}{Stdev}{0.00000000000000000000}%
\StoreBenchExecResult{BenchmarkTestII}{}{Memory}{Correct}{True}{Unit}{MB}%
\StoreBenchExecResult{BenchmarkTestII}{}{Memory}{Wrong}{}{Sum}{1.003520}%
\StoreBenchExecResult{BenchmarkTestII}{}{Memory}{Wrong}{}{Min}{0.249856}%
\StoreBenchExecResult{BenchmarkTestII}{}{Memory}{Wrong}{}{Max}{0.253952}%
\StoreBenchExecResult{BenchmarkTestII}{}{Memory}{Wrong}{}{Avg}{0.250880}%
\StoreBenchExecResult{BenchmarkTestII}{}{Memory}{Wrong}{}{Median}{0.249856}%
\StoreBenchExecResult{BenchmarkTestII}{}{Memory}{Wrong}{}{Stdev}{0.001773620026950530348572105054}%
\StoreBenchExecResult{BenchmarkTestII}{}{Memory}{Wrong}{}{Unit}{MB}%
\StoreBenchExecResult{BenchmarkTestII}{}{Memory}{Wrong}{True}{Sum}{1.003520}%
\StoreBenchExecResult{BenchmarkTestII}{}{Memory}{Wrong}{True}{Min}{0.249856}%
\StoreBenchExecResult{BenchmarkTestII}{}{Memory}{Wrong}{True}{Max}{0.253952}%
\StoreBenchExecResult{BenchmarkTestII}{}{Memory}{Wrong}{True}{Avg}{0.250880}%
\StoreBenchExecResult{BenchmarkTestII}{}{Memory}{Wrong}{True}{Median}{0.249856}%
\StoreBenchExecResult{BenchmarkTestII}{}{Memory}{Wrong}{True}{Stdev}{0.001773620026950530348572105054}%
\StoreBenchExecResult{BenchmarkTestII}{}{Memory}{Wrong}{True}{Unit}{MB}%
\StoreBenchExecResult{BenchmarkTestII}{}{Cpuenergy}{All}{}{Sum}{0.017029}%
\StoreBenchExecResult{BenchmarkTestII}{}{Cpuenergy}{All}{}{Min}{0}%
\StoreBenchExecResult{BenchmarkTestII}{}{Cpuenergy}{All}{}{Max}{0.017029}%
\StoreBenchExecResult{BenchmarkTestII}{}{Cpuenergy}{All}{}{Avg}{0.002838166666666666666666666667}%
\StoreBenchExecResult{BenchmarkTestII}{}{Cpuenergy}{All}{}{Median}{0}%
\StoreBenchExecResult{BenchmarkTestII}{}{Cpuenergy}{All}{}{Stdev}{0.006346333598140653123358636399}%
\StoreBenchExecResult{BenchmarkTestII}{}{Cpuenergy}{All}{}{Unit}{J}%
\StoreBenchExecResult{BenchmarkTestII}{}{Cpuenergy}{Correct}{}{Sum}{0}%
\StoreBenchExecResult{BenchmarkTestII}{}{Cpuenergy}{Correct}{}{Min}{0}%
\StoreBenchExecResult{BenchmarkTestII}{}{Cpuenergy}{Correct}{}{Max}{0}%
\StoreBenchExecResult{BenchmarkTestII}{}{Cpuenergy}{Correct}{}{Avg}{0}%
\StoreBenchExecResult{BenchmarkTestII}{}{Cpuenergy}{Correct}{}{Median}{0}%
\StoreBenchExecResult{BenchmarkTestII}{}{Cpuenergy}{Correct}{}{Stdev}{0.00000000000000}%
\StoreBenchExecResult{BenchmarkTestII}{}{Cpuenergy}{Correct}{}{Unit}{J}%
\StoreBenchExecResult{BenchmarkTestII}{}{Cpuenergy}{Correct}{True}{Sum}{0}%
\StoreBenchExecResult{BenchmarkTestII}{}{Cpuenergy}{Correct}{True}{Min}{0}%
\StoreBenchExecResult{BenchmarkTestII}{}{Cpuenergy}{Correct}{True}{Max}{0}%
\StoreBenchExecResult{BenchmarkTestII}{}{Cpuenergy}{Correct}{True}{Avg}{0}%
\StoreBenchExecResult{BenchmarkTestII}{}{Cpuenergy}{Correct}{True}{Median}{0}%
\StoreBenchExecResult{BenchmarkTestII}{}{Cpuenergy}{Correct}{True}{Stdev}{0.00000000000000}%
\StoreBenchExecResult{BenchmarkTestII}{}{Cpuenergy}{Correct}{True}{Unit}{J}%
\StoreBenchExecResult{BenchmarkTestII}{}{Cpuenergy}{Wrong}{}{Sum}{0}%
\StoreBenchExecResult{BenchmarkTestII}{}{Cpuenergy}{Wrong}{}{Min}{0}%
\StoreBenchExecResult{BenchmarkTestII}{}{Cpuenergy}{Wrong}{}{Max}{0}%
\StoreBenchExecResult{BenchmarkTestII}{}{Cpuenergy}{Wrong}{}{Avg}{0}%
\StoreBenchExecResult{BenchmarkTestII}{}{Cpuenergy}{Wrong}{}{Median}{0}%
\StoreBenchExecResult{BenchmarkTestII}{}{Cpuenergy}{Wrong}{}{Stdev}{0.00000000000000}%
\StoreBenchExecResult{BenchmarkTestII}{}{Cpuenergy}{Wrong}{}{Unit}{J}%
\StoreBenchExecResult{BenchmarkTestII}{}{Cpuenergy}{Wrong}{True}{Sum}{0}%
\StoreBenchExecResult{BenchmarkTestII}{}{Cpuenergy}{Wrong}{True}{Min}{0}%
\StoreBenchExecResult{BenchmarkTestII}{}{Cpuenergy}{Wrong}{True}{Max}{0}%
\StoreBenchExecResult{BenchmarkTestII}{}{Cpuenergy}{Wrong}{True}{Avg}{0}%
\StoreBenchExecResult{BenchmarkTestII}{}{Cpuenergy}{Wrong}{True}{Median}{0}%
\StoreBenchExecResult{BenchmarkTestII}{}{Cpuenergy}{Wrong}{True}{Stdev}{0.00000000000000}%
\StoreBenchExecResult{BenchmarkTestII}{}{Cpuenergy}{Wrong}{True}{Unit}{J}%
\StoreBenchExecResult{BenchmarkTestII}{}{Cpuenergy}{Local}{}{Sum}{4.592468}%
\StoreBenchExecResult{BenchmarkTestII}{}{Cpuenergy}{Local}{}{Unit}{J}%