% Statistics produced by BenchExec, more information at
% https://github.com/sosy-lab/benchexec/blob/main/doc/table-generator.md
% By default, this file defines a LaTeX command for each statistics value
% where the command name consists of the following concatenated parts:
% benchmark name, runset name, column title, category, status, statistic.
% (If necessary, this can be overridden with
% \newcommand\StoreBenchExecResult[7]{...} before including this file.)
% Numbers are replaced by roman numerals, all parts of the name are in camel case,
% and if necessary for uniqueness a counter is appended to the non-unique name part.
% The last part of the name is either "Count", "Sum", "Min", "Max", "Avg", "Median",
% "Stdev", "Score", or "Unit", with the latter providing the unit for the others.
% Rounding of values can be specified in the BenchExec table definition or done with
% \usepackage[round-mode=figures, round-precision=...]{siunitx} and the \num command.
% Arguments: benchmark name, runset name, column title, category, status, statistic, value
\providecommand\StoreBenchExecResult[7]{\expandafter\newcommand\csname#1#2#3#4#5#6\endcsname{#7}}%
\StoreBenchExecResult{Test}{ValueAnalysis}{Status}{All}{}{Score}{0}%
\StoreBenchExecResult{Test}{ValueAnalysis}{Status}{All}{}{Count}{2}%
\StoreBenchExecResult{Test}{ValueAnalysis}{Status}{Correct}{}{Count}{1}%
\StoreBenchExecResult{Test}{ValueAnalysis}{Status}{Correct}{True}{Count}{0}%
\StoreBenchExecResult{Test}{ValueAnalysis}{Status}{Correct}{False}{Count}{1}%
\StoreBenchExecResult{Test}{ValueAnalysis}{Status}{Wrong}{}{Count}{0}%
\StoreBenchExecResult{Test}{ValueAnalysis}{Status}{Wrong}{True}{Count}{0}%
\StoreBenchExecResult{Test}{ValueAnalysis}{Status}{Wrong}{False}{Count}{0}%
\StoreBenchExecResult{Test}{ValueAnalysis}{Cputime}{All}{}{Sum}{4.321253817}%
\StoreBenchExecResult{Test}{ValueAnalysis}{Cputime}{All}{}{Min}{2.117287256}%
\StoreBenchExecResult{Test}{ValueAnalysis}{Cputime}{All}{}{Max}{2.203966561}%
\StoreBenchExecResult{Test}{ValueAnalysis}{Cputime}{All}{}{Avg}{2.1606269085}%
\StoreBenchExecResult{Test}{ValueAnalysis}{Cputime}{All}{}{Median}{2.1606269085}%
\StoreBenchExecResult{Test}{ValueAnalysis}{Cputime}{All}{}{Stdev}{0.04333965250000}%
\StoreBenchExecResult{Test}{ValueAnalysis}{Cputime}{All}{}{Unit}{s}%
\StoreBenchExecResult{Test}{ValueAnalysis}{Cputime}{Correct}{}{Sum}{2.117287256}%
\StoreBenchExecResult{Test}{ValueAnalysis}{Cputime}{Correct}{}{Min}{2.117287256}%
\StoreBenchExecResult{Test}{ValueAnalysis}{Cputime}{Correct}{}{Max}{2.117287256}%
\StoreBenchExecResult{Test}{ValueAnalysis}{Cputime}{Correct}{}{Avg}{2.117287256}%
\StoreBenchExecResult{Test}{ValueAnalysis}{Cputime}{Correct}{}{Median}{2.117287256}%
\StoreBenchExecResult{Test}{ValueAnalysis}{Cputime}{Correct}{}{Stdev}{0.00000000000000}%
\StoreBenchExecResult{Test}{ValueAnalysis}{Cputime}{Correct}{}{Unit}{s}%
\StoreBenchExecResult{Test}{ValueAnalysis}{Cputime}{Correct}{False}{Sum}{2.117287256}%
\StoreBenchExecResult{Test}{ValueAnalysis}{Cputime}{Correct}{False}{Min}{2.117287256}%
\StoreBenchExecResult{Test}{ValueAnalysis}{Cputime}{Correct}{False}{Max}{2.117287256}%
\StoreBenchExecResult{Test}{ValueAnalysis}{Cputime}{Correct}{False}{Avg}{2.117287256}%
\StoreBenchExecResult{Test}{ValueAnalysis}{Cputime}{Correct}{False}{Median}{2.117287256}%
\StoreBenchExecResult{Test}{ValueAnalysis}{Cputime}{Correct}{False}{Stdev}{0.00000000000000}%
\StoreBenchExecResult{Test}{ValueAnalysis}{Cputime}{Correct}{False}{Unit}{s}%
\StoreBenchExecResult{Test}{ValueAnalysis}{Walltime}{All}{}{Sum}{4.3399436473846435}%
\StoreBenchExecResult{Test}{ValueAnalysis}{Walltime}{All}{}{Min}{2.1272354125976562}%
\StoreBenchExecResult{Test}{ValueAnalysis}{Walltime}{All}{}{Max}{2.2127082347869873}%
\StoreBenchExecResult{Test}{ValueAnalysis}{Walltime}{All}{}{Avg}{2.16997182369232175}%
\StoreBenchExecResult{Test}{ValueAnalysis}{Walltime}{All}{}{Median}{2.16997182369232175}%
\StoreBenchExecResult{Test}{ValueAnalysis}{Walltime}{All}{}{Stdev}{0.04273641109466555000000000000}%
\StoreBenchExecResult{Test}{ValueAnalysis}{Walltime}{All}{}{Unit}{s}%
\StoreBenchExecResult{Test}{ValueAnalysis}{Walltime}{Correct}{}{Sum}{2.1272354125976562}%
\StoreBenchExecResult{Test}{ValueAnalysis}{Walltime}{Correct}{}{Min}{2.1272354125976562}%
\StoreBenchExecResult{Test}{ValueAnalysis}{Walltime}{Correct}{}{Max}{2.1272354125976562}%
\StoreBenchExecResult{Test}{ValueAnalysis}{Walltime}{Correct}{}{Avg}{2.1272354125976562}%
\StoreBenchExecResult{Test}{ValueAnalysis}{Walltime}{Correct}{}{Median}{2.1272354125976562}%
\StoreBenchExecResult{Test}{ValueAnalysis}{Walltime}{Correct}{}{Stdev}{0.0000000000000000}%
\StoreBenchExecResult{Test}{ValueAnalysis}{Walltime}{Correct}{}{Unit}{s}%
\StoreBenchExecResult{Test}{ValueAnalysis}{Walltime}{Correct}{False}{Sum}{2.1272354125976562}%
\StoreBenchExecResult{Test}{ValueAnalysis}{Walltime}{Correct}{False}{Min}{2.1272354125976562}%
\StoreBenchExecResult{Test}{ValueAnalysis}{Walltime}{Correct}{False}{Max}{2.1272354125976562}%
\StoreBenchExecResult{Test}{ValueAnalysis}{Walltime}{Correct}{False}{Avg}{2.1272354125976562}%
\StoreBenchExecResult{Test}{ValueAnalysis}{Walltime}{Correct}{False}{Median}{2.1272354125976562}%
\StoreBenchExecResult{Test}{ValueAnalysis}{Walltime}{Correct}{False}{Stdev}{0.0000000000000000}%
\StoreBenchExecResult{Test}{ValueAnalysis}{Walltime}{Correct}{False}{Unit}{s}%
\StoreBenchExecResult{Test}{ValueAnalysis}{Memory}{All}{}{Sum}{263.868416}%
\StoreBenchExecResult{Test}{ValueAnalysis}{Memory}{All}{}{Min}{130.293760}%
\StoreBenchExecResult{Test}{ValueAnalysis}{Memory}{All}{}{Max}{133.574656}%
\StoreBenchExecResult{Test}{ValueAnalysis}{Memory}{All}{}{Avg}{131.934208}%
\StoreBenchExecResult{Test}{ValueAnalysis}{Memory}{All}{}{Median}{131.934208}%
\StoreBenchExecResult{Test}{ValueAnalysis}{Memory}{All}{}{Stdev}{1.64044800000000}%
\StoreBenchExecResult{Test}{ValueAnalysis}{Memory}{All}{}{Unit}{MB}%
\StoreBenchExecResult{Test}{ValueAnalysis}{Memory}{Correct}{}{Sum}{133.574656}%
\StoreBenchExecResult{Test}{ValueAnalysis}{Memory}{Correct}{}{Min}{133.574656}%
\StoreBenchExecResult{Test}{ValueAnalysis}{Memory}{Correct}{}{Max}{133.574656}%
\StoreBenchExecResult{Test}{ValueAnalysis}{Memory}{Correct}{}{Avg}{133.574656}%
\StoreBenchExecResult{Test}{ValueAnalysis}{Memory}{Correct}{}{Median}{133.574656}%
\StoreBenchExecResult{Test}{ValueAnalysis}{Memory}{Correct}{}{Stdev}{0.00000000000000000000}%
\StoreBenchExecResult{Test}{ValueAnalysis}{Memory}{Correct}{}{Unit}{MB}%
\StoreBenchExecResult{Test}{ValueAnalysis}{Memory}{Correct}{False}{Sum}{133.574656}%
\StoreBenchExecResult{Test}{ValueAnalysis}{Memory}{Correct}{False}{Min}{133.574656}%
\StoreBenchExecResult{Test}{ValueAnalysis}{Memory}{Correct}{False}{Max}{133.574656}%
\StoreBenchExecResult{Test}{ValueAnalysis}{Memory}{Correct}{False}{Avg}{133.574656}%
\StoreBenchExecResult{Test}{ValueAnalysis}{Memory}{Correct}{False}{Median}{133.574656}%
\StoreBenchExecResult{Test}{ValueAnalysis}{Memory}{Correct}{False}{Stdev}{0.00000000000000000000}%
\StoreBenchExecResult{Test}{ValueAnalysis}{Memory}{Correct}{False}{Unit}{MB}%
\StoreBenchExecResult{Test}{PredicateAnalysis}{Status}{All}{}{Score}{0}%
\StoreBenchExecResult{Test}{PredicateAnalysis}{Status}{All}{}{Count}{3}%
\StoreBenchExecResult{Test}{PredicateAnalysis}{Status}{Correct}{}{Count}{2}%
\StoreBenchExecResult{Test}{PredicateAnalysis}{Status}{Correct}{True}{Count}{2}%
\StoreBenchExecResult{Test}{PredicateAnalysis}{Status}{Correct}{False}{Count}{0}%
\StoreBenchExecResult{Test}{PredicateAnalysis}{Status}{Wrong}{}{Count}{1}%
\StoreBenchExecResult{Test}{PredicateAnalysis}{Status}{Wrong}{True}{Count}{1}%
\StoreBenchExecResult{Test}{PredicateAnalysis}{Status}{Wrong}{False}{Count}{0}%
\StoreBenchExecResult{Test}{PredicateAnalysis}{Cputime}{All}{}{Sum}{6.457379935}%
\StoreBenchExecResult{Test}{PredicateAnalysis}{Cputime}{All}{}{Min}{2.058647067}%
\StoreBenchExecResult{Test}{PredicateAnalysis}{Cputime}{All}{}{Max}{2.22954344}%
\StoreBenchExecResult{Test}{PredicateAnalysis}{Cputime}{All}{}{Avg}{2.152459978333333333333333333}%
\StoreBenchExecResult{Test}{PredicateAnalysis}{Cputime}{All}{}{Median}{2.169189428}%
\StoreBenchExecResult{Test}{PredicateAnalysis}{Cputime}{All}{}{Stdev}{0.07076391943521751317556765839}%
\StoreBenchExecResult{Test}{PredicateAnalysis}{Cputime}{All}{}{Unit}{s}%
\StoreBenchExecResult{Test}{PredicateAnalysis}{Cputime}{Correct}{}{Sum}{4.288190507}%
\StoreBenchExecResult{Test}{PredicateAnalysis}{Cputime}{Correct}{}{Min}{2.058647067}%
\StoreBenchExecResult{Test}{PredicateAnalysis}{Cputime}{Correct}{}{Max}{2.22954344}%
\StoreBenchExecResult{Test}{PredicateAnalysis}{Cputime}{Correct}{}{Avg}{2.1440952535}%
\StoreBenchExecResult{Test}{PredicateAnalysis}{Cputime}{Correct}{}{Median}{2.1440952535}%
\StoreBenchExecResult{Test}{PredicateAnalysis}{Cputime}{Correct}{}{Stdev}{0.08544818650000}%
\StoreBenchExecResult{Test}{PredicateAnalysis}{Cputime}{Correct}{}{Unit}{s}%
\StoreBenchExecResult{Test}{PredicateAnalysis}{Cputime}{Correct}{True}{Sum}{4.288190507}%
\StoreBenchExecResult{Test}{PredicateAnalysis}{Cputime}{Correct}{True}{Min}{2.058647067}%
\StoreBenchExecResult{Test}{PredicateAnalysis}{Cputime}{Correct}{True}{Max}{2.22954344}%
\StoreBenchExecResult{Test}{PredicateAnalysis}{Cputime}{Correct}{True}{Avg}{2.1440952535}%
\StoreBenchExecResult{Test}{PredicateAnalysis}{Cputime}{Correct}{True}{Median}{2.1440952535}%
\StoreBenchExecResult{Test}{PredicateAnalysis}{Cputime}{Correct}{True}{Stdev}{0.08544818650000}%
\StoreBenchExecResult{Test}{PredicateAnalysis}{Cputime}{Correct}{True}{Unit}{s}%
\StoreBenchExecResult{Test}{PredicateAnalysis}{Cputime}{Wrong}{}{Sum}{2.169189428}%
\StoreBenchExecResult{Test}{PredicateAnalysis}{Cputime}{Wrong}{}{Min}{2.169189428}%
\StoreBenchExecResult{Test}{PredicateAnalysis}{Cputime}{Wrong}{}{Max}{2.169189428}%
\StoreBenchExecResult{Test}{PredicateAnalysis}{Cputime}{Wrong}{}{Avg}{2.169189428}%
\StoreBenchExecResult{Test}{PredicateAnalysis}{Cputime}{Wrong}{}{Median}{2.169189428}%
\StoreBenchExecResult{Test}{PredicateAnalysis}{Cputime}{Wrong}{}{Stdev}{0.00000000000000}%
\StoreBenchExecResult{Test}{PredicateAnalysis}{Cputime}{Wrong}{}{Unit}{s}%
\StoreBenchExecResult{Test}{PredicateAnalysis}{Cputime}{Wrong}{True}{Sum}{2.169189428}%
\StoreBenchExecResult{Test}{PredicateAnalysis}{Cputime}{Wrong}{True}{Min}{2.169189428}%
\StoreBenchExecResult{Test}{PredicateAnalysis}{Cputime}{Wrong}{True}{Max}{2.169189428}%
\StoreBenchExecResult{Test}{PredicateAnalysis}{Cputime}{Wrong}{True}{Avg}{2.169189428}%
\StoreBenchExecResult{Test}{PredicateAnalysis}{Cputime}{Wrong}{True}{Median}{2.169189428}%
\StoreBenchExecResult{Test}{PredicateAnalysis}{Cputime}{Wrong}{True}{Stdev}{0.00000000000000}%
\StoreBenchExecResult{Test}{PredicateAnalysis}{Cputime}{Wrong}{True}{Unit}{s}%
\StoreBenchExecResult{Test}{PredicateAnalysis}{Walltime}{All}{}{Sum}{6.4819035530090333}%
\StoreBenchExecResult{Test}{PredicateAnalysis}{Walltime}{All}{}{Min}{2.0664572715759277}%
\StoreBenchExecResult{Test}{PredicateAnalysis}{Walltime}{All}{}{Max}{2.237081289291382}%
\StoreBenchExecResult{Test}{PredicateAnalysis}{Walltime}{All}{}{Avg}{2.160634517669677766666666667}%
\StoreBenchExecResult{Test}{PredicateAnalysis}{Walltime}{All}{}{Median}{2.1783649921417236}%
\StoreBenchExecResult{Test}{PredicateAnalysis}{Walltime}{All}{}{Stdev}{0.07077624907219378505690659741}%
\StoreBenchExecResult{Test}{PredicateAnalysis}{Walltime}{All}{}{Unit}{s}%
\StoreBenchExecResult{Test}{PredicateAnalysis}{Walltime}{Correct}{}{Sum}{4.3035385608673097}%
\StoreBenchExecResult{Test}{PredicateAnalysis}{Walltime}{Correct}{}{Min}{2.0664572715759277}%
\StoreBenchExecResult{Test}{PredicateAnalysis}{Walltime}{Correct}{}{Max}{2.237081289291382}%
\StoreBenchExecResult{Test}{PredicateAnalysis}{Walltime}{Correct}{}{Avg}{2.15176928043365485}%
\StoreBenchExecResult{Test}{PredicateAnalysis}{Walltime}{Correct}{}{Median}{2.15176928043365485}%
\StoreBenchExecResult{Test}{PredicateAnalysis}{Walltime}{Correct}{}{Stdev}{0.08531200885772714999999999999}%
\StoreBenchExecResult{Test}{PredicateAnalysis}{Walltime}{Correct}{}{Unit}{s}%
\StoreBenchExecResult{Test}{PredicateAnalysis}{Walltime}{Correct}{True}{Sum}{4.3035385608673097}%
\StoreBenchExecResult{Test}{PredicateAnalysis}{Walltime}{Correct}{True}{Min}{2.0664572715759277}%
\StoreBenchExecResult{Test}{PredicateAnalysis}{Walltime}{Correct}{True}{Max}{2.237081289291382}%
\StoreBenchExecResult{Test}{PredicateAnalysis}{Walltime}{Correct}{True}{Avg}{2.15176928043365485}%
\StoreBenchExecResult{Test}{PredicateAnalysis}{Walltime}{Correct}{True}{Median}{2.15176928043365485}%
\StoreBenchExecResult{Test}{PredicateAnalysis}{Walltime}{Correct}{True}{Stdev}{0.08531200885772714999999999999}%
\StoreBenchExecResult{Test}{PredicateAnalysis}{Walltime}{Correct}{True}{Unit}{s}%
\StoreBenchExecResult{Test}{PredicateAnalysis}{Walltime}{Wrong}{}{Sum}{2.1783649921417236}%
\StoreBenchExecResult{Test}{PredicateAnalysis}{Walltime}{Wrong}{}{Min}{2.1783649921417236}%
\StoreBenchExecResult{Test}{PredicateAnalysis}{Walltime}{Wrong}{}{Max}{2.1783649921417236}%
\StoreBenchExecResult{Test}{PredicateAnalysis}{Walltime}{Wrong}{}{Avg}{2.1783649921417236}%
\StoreBenchExecResult{Test}{PredicateAnalysis}{Walltime}{Wrong}{}{Median}{2.1783649921417236}%
\StoreBenchExecResult{Test}{PredicateAnalysis}{Walltime}{Wrong}{}{Stdev}{0.0000000000000000}%
\StoreBenchExecResult{Test}{PredicateAnalysis}{Walltime}{Wrong}{}{Unit}{s}%
\StoreBenchExecResult{Test}{PredicateAnalysis}{Walltime}{Wrong}{True}{Sum}{2.1783649921417236}%
\StoreBenchExecResult{Test}{PredicateAnalysis}{Walltime}{Wrong}{True}{Min}{2.1783649921417236}%
\StoreBenchExecResult{Test}{PredicateAnalysis}{Walltime}{Wrong}{True}{Max}{2.1783649921417236}%
\StoreBenchExecResult{Test}{PredicateAnalysis}{Walltime}{Wrong}{True}{Avg}{2.1783649921417236}%
\StoreBenchExecResult{Test}{PredicateAnalysis}{Walltime}{Wrong}{True}{Median}{2.1783649921417236}%
\StoreBenchExecResult{Test}{PredicateAnalysis}{Walltime}{Wrong}{True}{Stdev}{0.0000000000000000}%
\StoreBenchExecResult{Test}{PredicateAnalysis}{Walltime}{Wrong}{True}{Unit}{s}%
\StoreBenchExecResult{Test}{PredicateAnalysis}{Memory}{All}{}{Sum}{386.682880}%
\StoreBenchExecResult{Test}{PredicateAnalysis}{Memory}{All}{}{Min}{126.312448}%
\StoreBenchExecResult{Test}{PredicateAnalysis}{Memory}{All}{}{Max}{132.337664}%
\StoreBenchExecResult{Test}{PredicateAnalysis}{Memory}{All}{}{Avg}{128.8942933333333333333333333}%
\StoreBenchExecResult{Test}{PredicateAnalysis}{Memory}{All}{}{Median}{128.032768}%
\StoreBenchExecResult{Test}{PredicateAnalysis}{Memory}{All}{}{Stdev}{2.534097654872483840250024194}%
\StoreBenchExecResult{Test}{PredicateAnalysis}{Memory}{All}{}{Unit}{MB}%
\StoreBenchExecResult{Test}{PredicateAnalysis}{Memory}{Correct}{}{Sum}{258.650112}%
\StoreBenchExecResult{Test}{PredicateAnalysis}{Memory}{Correct}{}{Min}{126.312448}%
\StoreBenchExecResult{Test}{PredicateAnalysis}{Memory}{Correct}{}{Max}{132.337664}%
\StoreBenchExecResult{Test}{PredicateAnalysis}{Memory}{Correct}{}{Avg}{129.325056}%
\StoreBenchExecResult{Test}{PredicateAnalysis}{Memory}{Correct}{}{Median}{129.325056}%
\StoreBenchExecResult{Test}{PredicateAnalysis}{Memory}{Correct}{}{Stdev}{3.0126080000000}%
\StoreBenchExecResult{Test}{PredicateAnalysis}{Memory}{Correct}{}{Unit}{MB}%
\StoreBenchExecResult{Test}{PredicateAnalysis}{Memory}{Correct}{True}{Sum}{258.650112}%
\StoreBenchExecResult{Test}{PredicateAnalysis}{Memory}{Correct}{True}{Min}{126.312448}%
\StoreBenchExecResult{Test}{PredicateAnalysis}{Memory}{Correct}{True}{Max}{132.337664}%
\StoreBenchExecResult{Test}{PredicateAnalysis}{Memory}{Correct}{True}{Avg}{129.325056}%
\StoreBenchExecResult{Test}{PredicateAnalysis}{Memory}{Correct}{True}{Median}{129.325056}%
\StoreBenchExecResult{Test}{PredicateAnalysis}{Memory}{Correct}{True}{Stdev}{3.0126080000000}%
\StoreBenchExecResult{Test}{PredicateAnalysis}{Memory}{Correct}{True}{Unit}{MB}%
\StoreBenchExecResult{Test}{PredicateAnalysis}{Memory}{Wrong}{}{Sum}{128.032768}%
\StoreBenchExecResult{Test}{PredicateAnalysis}{Memory}{Wrong}{}{Min}{128.032768}%
\StoreBenchExecResult{Test}{PredicateAnalysis}{Memory}{Wrong}{}{Max}{128.032768}%
\StoreBenchExecResult{Test}{PredicateAnalysis}{Memory}{Wrong}{}{Avg}{128.032768}%
\StoreBenchExecResult{Test}{PredicateAnalysis}{Memory}{Wrong}{}{Median}{128.032768}%
\StoreBenchExecResult{Test}{PredicateAnalysis}{Memory}{Wrong}{}{Stdev}{0.00000000000000000000}%
\StoreBenchExecResult{Test}{PredicateAnalysis}{Memory}{Wrong}{}{Unit}{MB}%
\StoreBenchExecResult{Test}{PredicateAnalysis}{Memory}{Wrong}{True}{Sum}{128.032768}%
\StoreBenchExecResult{Test}{PredicateAnalysis}{Memory}{Wrong}{True}{Min}{128.032768}%
\StoreBenchExecResult{Test}{PredicateAnalysis}{Memory}{Wrong}{True}{Max}{128.032768}%
\StoreBenchExecResult{Test}{PredicateAnalysis}{Memory}{Wrong}{True}{Avg}{128.032768}%
\StoreBenchExecResult{Test}{PredicateAnalysis}{Memory}{Wrong}{True}{Median}{128.032768}%
\StoreBenchExecResult{Test}{PredicateAnalysis}{Memory}{Wrong}{True}{Stdev}{0.00000000000000000000}%
\StoreBenchExecResult{Test}{PredicateAnalysis}{Memory}{Wrong}{True}{Unit}{MB}%