% Statistics produced by BenchExec, more information at
% https://github.com/sosy-lab/benchexec/blob/main/doc/table-generator.md
% By default, this file defines a LaTeX command for each statistics value
% where the command name consists of the following concatenated parts:
% benchmark name, runset name, column title, category, status, statistic.
% (If necessary, this can be overridden with
% \newcommand\StoreBenchExecResult[7]{...} before including this file.)
% Numbers are replaced by roman numerals, all parts of the name are in camel case,
% and if necessary for uniqueness a counter is appended to the non-unique name part.
% The last part of the name is either "Count", "Sum", "Min", "Max", "Avg", "Median",
% "Stdev", "Score", or "Unit", with the latter providing the unit for the others.
% Rounding of values can be specified in the BenchExec table definition or done with
% \usepackage[round-mode=figures, round-precision=...]{siunitx} and the \num command.
% Arguments: benchmark name, runset name, column title, category, status, statistic, value
\providecommand\StoreBenchExecResult[7]{\expandafter\newcommand\csname#1#2#3#4#5#6\endcsname{#7}}%
\StoreBenchExecResult{Test}{PredicateAnalysis}{Status}{All}{}{Score}{0}%
\StoreBenchExecResult{Test}{PredicateAnalysis}{Status}{All}{}{Count}{3}%
\StoreBenchExecResult{Test}{PredicateAnalysis}{Status}{Correct}{}{Count}{2}%
\StoreBenchExecResult{Test}{PredicateAnalysis}{Status}{Correct}{True}{Count}{1}%
\StoreBenchExecResult{Test}{PredicateAnalysis}{Status}{Correct}{False}{Count}{1}%
\StoreBenchExecResult{Test}{PredicateAnalysis}{Status}{Wrong}{}{Count}{1}%
\StoreBenchExecResult{Test}{PredicateAnalysis}{Status}{Wrong}{True}{Count}{1}%
\StoreBenchExecResult{Test}{PredicateAnalysis}{Status}{Wrong}{False}{Count}{0}%
\StoreBenchExecResult{Test}{PredicateAnalysis}{Cputime}{All}{}{Sum}{6.588620221}%
\StoreBenchExecResult{Test}{PredicateAnalysis}{Cputime}{All}{}{Min}{2.169189428}%
\StoreBenchExecResult{Test}{PredicateAnalysis}{Cputime}{All}{}{Max}{2.22954344}%
\StoreBenchExecResult{Test}{PredicateAnalysis}{Cputime}{All}{}{Avg}{2.196206740333333333333333333}%
\StoreBenchExecResult{Test}{PredicateAnalysis}{Cputime}{All}{}{Median}{2.189887353}%
\StoreBenchExecResult{Test}{PredicateAnalysis}{Cputime}{All}{}{Stdev}{0.02504133493946300956446933995}%
\StoreBenchExecResult{Test}{PredicateAnalysis}{Cputime}{All}{}{Unit}{s}%
\StoreBenchExecResult{Test}{PredicateAnalysis}{Cputime}{Correct}{}{Sum}{4.419430793}%
\StoreBenchExecResult{Test}{PredicateAnalysis}{Cputime}{Correct}{}{Min}{2.189887353}%
\StoreBenchExecResult{Test}{PredicateAnalysis}{Cputime}{Correct}{}{Max}{2.22954344}%
\StoreBenchExecResult{Test}{PredicateAnalysis}{Cputime}{Correct}{}{Avg}{2.2097153965}%
\StoreBenchExecResult{Test}{PredicateAnalysis}{Cputime}{Correct}{}{Median}{2.2097153965}%
\StoreBenchExecResult{Test}{PredicateAnalysis}{Cputime}{Correct}{}{Stdev}{0.01982804350000}%
\StoreBenchExecResult{Test}{PredicateAnalysis}{Cputime}{Correct}{}{Unit}{s}%
\StoreBenchExecResult{Test}{PredicateAnalysis}{Cputime}{Correct}{True}{Sum}{2.22954344}%
\StoreBenchExecResult{Test}{PredicateAnalysis}{Cputime}{Correct}{True}{Min}{2.22954344}%
\StoreBenchExecResult{Test}{PredicateAnalysis}{Cputime}{Correct}{True}{Max}{2.22954344}%
\StoreBenchExecResult{Test}{PredicateAnalysis}{Cputime}{Correct}{True}{Avg}{2.22954344}%
\StoreBenchExecResult{Test}{PredicateAnalysis}{Cputime}{Correct}{True}{Median}{2.22954344}%
\StoreBenchExecResult{Test}{PredicateAnalysis}{Cputime}{Correct}{True}{Stdev}{0.00000000000000}%
\StoreBenchExecResult{Test}{PredicateAnalysis}{Cputime}{Correct}{True}{Unit}{s}%
\StoreBenchExecResult{Test}{PredicateAnalysis}{Cputime}{Correct}{False}{Sum}{2.189887353}%
\StoreBenchExecResult{Test}{PredicateAnalysis}{Cputime}{Correct}{False}{Min}{2.189887353}%
\StoreBenchExecResult{Test}{PredicateAnalysis}{Cputime}{Correct}{False}{Max}{2.189887353}%
\StoreBenchExecResult{Test}{PredicateAnalysis}{Cputime}{Correct}{False}{Avg}{2.189887353}%
\StoreBenchExecResult{Test}{PredicateAnalysis}{Cputime}{Correct}{False}{Median}{2.189887353}%
\StoreBenchExecResult{Test}{PredicateAnalysis}{Cputime}{Correct}{False}{Stdev}{0.00000000000000}%
\StoreBenchExecResult{Test}{PredicateAnalysis}{Cputime}{Correct}{False}{Unit}{s}%
\StoreBenchExecResult{Test}{PredicateAnalysis}{Cputime}{Wrong}{}{Sum}{2.169189428}%
\StoreBenchExecResult{Test}{PredicateAnalysis}{Cputime}{Wrong}{}{Min}{2.169189428}%
\StoreBenchExecResult{Test}{PredicateAnalysis}{Cputime}{Wrong}{}{Max}{2.169189428}%
\StoreBenchExecResult{Test}{PredicateAnalysis}{Cputime}{Wrong}{}{Avg}{2.169189428}%
\StoreBenchExecResult{Test}{PredicateAnalysis}{Cputime}{Wrong}{}{Median}{2.169189428}%
\StoreBenchExecResult{Test}{PredicateAnalysis}{Cputime}{Wrong}{}{Stdev}{0.00000000000000}%
\StoreBenchExecResult{Test}{PredicateAnalysis}{Cputime}{Wrong}{}{Unit}{s}%
\StoreBenchExecResult{Test}{PredicateAnalysis}{Cputime}{Wrong}{True}{Sum}{2.169189428}%
\StoreBenchExecResult{Test}{PredicateAnalysis}{Cputime}{Wrong}{True}{Min}{2.169189428}%
\StoreBenchExecResult{Test}{PredicateAnalysis}{Cputime}{Wrong}{True}{Max}{2.169189428}%
\StoreBenchExecResult{Test}{PredicateAnalysis}{Cputime}{Wrong}{True}{Avg}{2.169189428}%
\StoreBenchExecResult{Test}{PredicateAnalysis}{Cputime}{Wrong}{True}{Median}{2.169189428}%
\StoreBenchExecResult{Test}{PredicateAnalysis}{Cputime}{Wrong}{True}{Stdev}{0.00000000000000}%
\StoreBenchExecResult{Test}{PredicateAnalysis}{Cputime}{Wrong}{True}{Unit}{s}%
\StoreBenchExecResult{Test}{PredicateAnalysis}{Walltime}{All}{}{Sum}{6.6123328208923341}%
\StoreBenchExecResult{Test}{PredicateAnalysis}{Walltime}{All}{}{Min}{2.1783649921417236}%
\StoreBenchExecResult{Test}{PredicateAnalysis}{Walltime}{All}{}{Max}{2.237081289291382}%
\StoreBenchExecResult{Test}{PredicateAnalysis}{Walltime}{All}{}{Avg}{2.2041109402974447}%
\StoreBenchExecResult{Test}{PredicateAnalysis}{Walltime}{All}{}{Median}{2.1968865394592285}%
\StoreBenchExecResult{Test}{PredicateAnalysis}{Walltime}{All}{}{Stdev}{0.02450911209251448976892364771}%
\StoreBenchExecResult{Test}{PredicateAnalysis}{Walltime}{All}{}{Unit}{s}%
\StoreBenchExecResult{Test}{PredicateAnalysis}{Walltime}{Correct}{}{Sum}{4.4339678287506105}%
\StoreBenchExecResult{Test}{PredicateAnalysis}{Walltime}{Correct}{}{Min}{2.1968865394592285}%
\StoreBenchExecResult{Test}{PredicateAnalysis}{Walltime}{Correct}{}{Max}{2.237081289291382}%
\StoreBenchExecResult{Test}{PredicateAnalysis}{Walltime}{Correct}{}{Avg}{2.21698391437530525}%
\StoreBenchExecResult{Test}{PredicateAnalysis}{Walltime}{Correct}{}{Median}{2.21698391437530525}%
\StoreBenchExecResult{Test}{PredicateAnalysis}{Walltime}{Correct}{}{Stdev}{0.02009737491607675000000000000}%
\StoreBenchExecResult{Test}{PredicateAnalysis}{Walltime}{Correct}{}{Unit}{s}%
\StoreBenchExecResult{Test}{PredicateAnalysis}{Walltime}{Correct}{True}{Sum}{2.237081289291382}%
\StoreBenchExecResult{Test}{PredicateAnalysis}{Walltime}{Correct}{True}{Min}{2.237081289291382}%
\StoreBenchExecResult{Test}{PredicateAnalysis}{Walltime}{Correct}{True}{Max}{2.237081289291382}%
\StoreBenchExecResult{Test}{PredicateAnalysis}{Walltime}{Correct}{True}{Avg}{2.237081289291382}%
\StoreBenchExecResult{Test}{PredicateAnalysis}{Walltime}{Correct}{True}{Median}{2.237081289291382}%
\StoreBenchExecResult{Test}{PredicateAnalysis}{Walltime}{Correct}{True}{Stdev}{0.000000000000000}%
\StoreBenchExecResult{Test}{PredicateAnalysis}{Walltime}{Correct}{True}{Unit}{s}%
\StoreBenchExecResult{Test}{PredicateAnalysis}{Walltime}{Correct}{False}{Sum}{2.1968865394592285}%
\StoreBenchExecResult{Test}{PredicateAnalysis}{Walltime}{Correct}{False}{Min}{2.1968865394592285}%
\StoreBenchExecResult{Test}{PredicateAnalysis}{Walltime}{Correct}{False}{Max}{2.1968865394592285}%
\StoreBenchExecResult{Test}{PredicateAnalysis}{Walltime}{Correct}{False}{Avg}{2.1968865394592285}%
\StoreBenchExecResult{Test}{PredicateAnalysis}{Walltime}{Correct}{False}{Median}{2.1968865394592285}%
\StoreBenchExecResult{Test}{PredicateAnalysis}{Walltime}{Correct}{False}{Stdev}{0.0000000000000000}%
\StoreBenchExecResult{Test}{PredicateAnalysis}{Walltime}{Correct}{False}{Unit}{s}%
\StoreBenchExecResult{Test}{PredicateAnalysis}{Walltime}{Wrong}{}{Sum}{2.1783649921417236}%
\StoreBenchExecResult{Test}{PredicateAnalysis}{Walltime}{Wrong}{}{Min}{2.1783649921417236}%
\StoreBenchExecResult{Test}{PredicateAnalysis}{Walltime}{Wrong}{}{Max}{2.1783649921417236}%
\StoreBenchExecResult{Test}{PredicateAnalysis}{Walltime}{Wrong}{}{Avg}{2.1783649921417236}%
\StoreBenchExecResult{Test}{PredicateAnalysis}{Walltime}{Wrong}{}{Median}{2.1783649921417236}%
\StoreBenchExecResult{Test}{PredicateAnalysis}{Walltime}{Wrong}{}{Stdev}{0.0000000000000000}%
\StoreBenchExecResult{Test}{PredicateAnalysis}{Walltime}{Wrong}{}{Unit}{s}%
\StoreBenchExecResult{Test}{PredicateAnalysis}{Walltime}{Wrong}{True}{Sum}{2.1783649921417236}%
\StoreBenchExecResult{Test}{PredicateAnalysis}{Walltime}{Wrong}{True}{Min}{2.1783649921417236}%
\StoreBenchExecResult{Test}{PredicateAnalysis}{Walltime}{Wrong}{True}{Max}{2.1783649921417236}%
\StoreBenchExecResult{Test}{PredicateAnalysis}{Walltime}{Wrong}{True}{Avg}{2.1783649921417236}%
\StoreBenchExecResult{Test}{PredicateAnalysis}{Walltime}{Wrong}{True}{Median}{2.1783649921417236}%
\StoreBenchExecResult{Test}{PredicateAnalysis}{Walltime}{Wrong}{True}{Stdev}{0.0000000000000000}%
\StoreBenchExecResult{Test}{PredicateAnalysis}{Walltime}{Wrong}{True}{Unit}{s}%
\StoreBenchExecResult{Test}{PredicateAnalysis}{Memory}{All}{}{Sum}{389.488640}%
\StoreBenchExecResult{Test}{PredicateAnalysis}{Memory}{All}{}{Min}{128.032768}%
\StoreBenchExecResult{Test}{PredicateAnalysis}{Memory}{All}{}{Max}{132.337664}%
\StoreBenchExecResult{Test}{PredicateAnalysis}{Memory}{All}{}{Avg}{129.8295466666666666666666667}%
\StoreBenchExecResult{Test}{PredicateAnalysis}{Memory}{All}{}{Median}{129.118208}%
\StoreBenchExecResult{Test}{PredicateAnalysis}{Memory}{All}{}{Stdev}{1.828028886847858928609774020}%
\StoreBenchExecResult{Test}{PredicateAnalysis}{Memory}{All}{}{Unit}{MB}%
\StoreBenchExecResult{Test}{PredicateAnalysis}{Memory}{Correct}{}{Sum}{261.455872}%
\StoreBenchExecResult{Test}{PredicateAnalysis}{Memory}{Correct}{}{Min}{129.118208}%
\StoreBenchExecResult{Test}{PredicateAnalysis}{Memory}{Correct}{}{Max}{132.337664}%
\StoreBenchExecResult{Test}{PredicateAnalysis}{Memory}{Correct}{}{Avg}{130.727936}%
\StoreBenchExecResult{Test}{PredicateAnalysis}{Memory}{Correct}{}{Median}{130.727936}%
\StoreBenchExecResult{Test}{PredicateAnalysis}{Memory}{Correct}{}{Stdev}{1.60972800000000}%
\StoreBenchExecResult{Test}{PredicateAnalysis}{Memory}{Correct}{}{Unit}{MB}%
\StoreBenchExecResult{Test}{PredicateAnalysis}{Memory}{Correct}{True}{Sum}{132.337664}%
\StoreBenchExecResult{Test}{PredicateAnalysis}{Memory}{Correct}{True}{Min}{132.337664}%
\StoreBenchExecResult{Test}{PredicateAnalysis}{Memory}{Correct}{True}{Max}{132.337664}%
\StoreBenchExecResult{Test}{PredicateAnalysis}{Memory}{Correct}{True}{Avg}{132.337664}%
\StoreBenchExecResult{Test}{PredicateAnalysis}{Memory}{Correct}{True}{Median}{132.337664}%
\StoreBenchExecResult{Test}{PredicateAnalysis}{Memory}{Correct}{True}{Stdev}{0.00000000000000000000}%
\StoreBenchExecResult{Test}{PredicateAnalysis}{Memory}{Correct}{True}{Unit}{MB}%
\StoreBenchExecResult{Test}{PredicateAnalysis}{Memory}{Correct}{False}{Sum}{129.118208}%
\StoreBenchExecResult{Test}{PredicateAnalysis}{Memory}{Correct}{False}{Min}{129.118208}%
\StoreBenchExecResult{Test}{PredicateAnalysis}{Memory}{Correct}{False}{Max}{129.118208}%
\StoreBenchExecResult{Test}{PredicateAnalysis}{Memory}{Correct}{False}{Avg}{129.118208}%
\StoreBenchExecResult{Test}{PredicateAnalysis}{Memory}{Correct}{False}{Median}{129.118208}%
\StoreBenchExecResult{Test}{PredicateAnalysis}{Memory}{Correct}{False}{Stdev}{0.00000000000000000000}%
\StoreBenchExecResult{Test}{PredicateAnalysis}{Memory}{Correct}{False}{Unit}{MB}%
\StoreBenchExecResult{Test}{PredicateAnalysis}{Memory}{Wrong}{}{Sum}{128.032768}%
\StoreBenchExecResult{Test}{PredicateAnalysis}{Memory}{Wrong}{}{Min}{128.032768}%
\StoreBenchExecResult{Test}{PredicateAnalysis}{Memory}{Wrong}{}{Max}{128.032768}%
\StoreBenchExecResult{Test}{PredicateAnalysis}{Memory}{Wrong}{}{Avg}{128.032768}%
\StoreBenchExecResult{Test}{PredicateAnalysis}{Memory}{Wrong}{}{Median}{128.032768}%
\StoreBenchExecResult{Test}{PredicateAnalysis}{Memory}{Wrong}{}{Stdev}{0.00000000000000000000}%
\StoreBenchExecResult{Test}{PredicateAnalysis}{Memory}{Wrong}{}{Unit}{MB}%
\StoreBenchExecResult{Test}{PredicateAnalysis}{Memory}{Wrong}{True}{Sum}{128.032768}%
\StoreBenchExecResult{Test}{PredicateAnalysis}{Memory}{Wrong}{True}{Min}{128.032768}%
\StoreBenchExecResult{Test}{PredicateAnalysis}{Memory}{Wrong}{True}{Max}{128.032768}%
\StoreBenchExecResult{Test}{PredicateAnalysis}{Memory}{Wrong}{True}{Avg}{128.032768}%
\StoreBenchExecResult{Test}{PredicateAnalysis}{Memory}{Wrong}{True}{Median}{128.032768}%
\StoreBenchExecResult{Test}{PredicateAnalysis}{Memory}{Wrong}{True}{Stdev}{0.00000000000000000000}%
\StoreBenchExecResult{Test}{PredicateAnalysis}{Memory}{Wrong}{True}{Unit}{MB}%
\StoreBenchExecResult{Test}{PredicateAnalysis}{Score}{All}{}{Sum}{7.5}%
\StoreBenchExecResult{Test}{PredicateAnalysis}{Score}{All}{}{Min}{-2.5}%
\StoreBenchExecResult{Test}{PredicateAnalysis}{Score}{All}{}{Max}{10}%
\StoreBenchExecResult{Test}{PredicateAnalysis}{Score}{All}{}{Avg}{2.5}%
\StoreBenchExecResult{Test}{PredicateAnalysis}{Score}{All}{}{Median}{0}%
\StoreBenchExecResult{Test}{PredicateAnalysis}{Score}{All}{}{Stdev}{5.400617248673216859138306197}%
\StoreBenchExecResult{Test}{PredicateAnalysis}{Score}{Correct}{}{Sum}{7.5}%
\StoreBenchExecResult{Test}{PredicateAnalysis}{Score}{Correct}{}{Min}{-2.5}%
\StoreBenchExecResult{Test}{PredicateAnalysis}{Score}{Correct}{}{Max}{10}%
\StoreBenchExecResult{Test}{PredicateAnalysis}{Score}{Correct}{}{Avg}{3.75}%
\StoreBenchExecResult{Test}{PredicateAnalysis}{Score}{Correct}{}{Median}{3.75}%
\StoreBenchExecResult{Test}{PredicateAnalysis}{Score}{Correct}{}{Stdev}{6.2500000000000}%
\StoreBenchExecResult{Test}{PredicateAnalysis}{Score}{Correct}{True}{Sum}{-2.5}%
\StoreBenchExecResult{Test}{PredicateAnalysis}{Score}{Correct}{True}{Min}{-2.5}%
\StoreBenchExecResult{Test}{PredicateAnalysis}{Score}{Correct}{True}{Max}{-2.5}%
\StoreBenchExecResult{Test}{PredicateAnalysis}{Score}{Correct}{True}{Avg}{-2.5}%
\StoreBenchExecResult{Test}{PredicateAnalysis}{Score}{Correct}{True}{Median}{-2.5}%
\StoreBenchExecResult{Test}{PredicateAnalysis}{Score}{Correct}{True}{Stdev}{0.00000000000000}%
\StoreBenchExecResult{Test}{PredicateAnalysis}{Score}{Correct}{False}{Sum}{10}%
\StoreBenchExecResult{Test}{PredicateAnalysis}{Score}{Correct}{False}{Min}{10}%
\StoreBenchExecResult{Test}{PredicateAnalysis}{Score}{Correct}{False}{Max}{10}%
\StoreBenchExecResult{Test}{PredicateAnalysis}{Score}{Correct}{False}{Avg}{10}%
\StoreBenchExecResult{Test}{PredicateAnalysis}{Score}{Correct}{False}{Median}{10}%
\StoreBenchExecResult{Test}{PredicateAnalysis}{Score}{Correct}{False}{Stdev}{0.00000000000000}%
\StoreBenchExecResult{Test}{PredicateAnalysis}{Score}{Wrong}{}{Sum}{0}%
\StoreBenchExecResult{Test}{PredicateAnalysis}{Score}{Wrong}{}{Min}{0}%
\StoreBenchExecResult{Test}{PredicateAnalysis}{Score}{Wrong}{}{Max}{0}%
\StoreBenchExecResult{Test}{PredicateAnalysis}{Score}{Wrong}{}{Avg}{0}%
\StoreBenchExecResult{Test}{PredicateAnalysis}{Score}{Wrong}{}{Median}{0}%
\StoreBenchExecResult{Test}{PredicateAnalysis}{Score}{Wrong}{}{Stdev}{0.00000000000000}%
\StoreBenchExecResult{Test}{PredicateAnalysis}{Score}{Wrong}{True}{Sum}{0}%
\StoreBenchExecResult{Test}{PredicateAnalysis}{Score}{Wrong}{True}{Min}{0}%
\StoreBenchExecResult{Test}{PredicateAnalysis}{Score}{Wrong}{True}{Max}{0}%
\StoreBenchExecResult{Test}{PredicateAnalysis}{Score}{Wrong}{True}{Avg}{0}%
\StoreBenchExecResult{Test}{PredicateAnalysis}{Score}{Wrong}{True}{Median}{0}%
\StoreBenchExecResult{Test}{PredicateAnalysis}{Score}{Wrong}{True}{Stdev}{0.00000000000000}%