% Statistics produced by BenchExec, more information at
% https://github.com/sosy-lab/benchexec/blob/main/doc/table-generator.md
% By default, this file defines a LaTeX command for each statistics value
% where the command name consists of the following concatenated parts:
% benchmark name, runset name, column title, category, status, statistic.
% (If necessary, this can be overridden with
% \newcommand\StoreBenchExecResult[7]{...} before including this file.)
% Numbers are replaced by roman numerals, all parts of the name are in camel case,
% and if necessary for uniqueness a counter is appended to the non-unique name part.
% The last part of the name is either "Count", "Sum", "Min", "Max", "Avg", "Median",
% "Stdev", "Score", or "Unit", with the latter providing the unit for the others.
% Rounding of values can be specified in the BenchExec table definition or done with
% \usepackage[round-mode=figures, round-precision=...]{siunitx} and the \num command.
% Arguments: benchmark name, runset name, column title, category, status, statistic, value
\providecommand\StoreBenchExecResult[7]{\expandafter\newcommand\csname#1#2#3#4#5#6\endcsname{#7}}%
\StoreBenchExecResult{Test}{PredicateAnalysis}{Status}{All}{}{Score}{0}%
\StoreBenchExecResult{Test}{PredicateAnalysis}{Status}{All}{}{Count}{5}%
\StoreBenchExecResult{Test}{PredicateAnalysis}{Status}{Correct}{}{Count}{3}%
\StoreBenchExecResult{Test}{PredicateAnalysis}{Status}{Correct}{True}{Count}{2}%
\StoreBenchExecResult{Test}{PredicateAnalysis}{Status}{Correct}{False}{Count}{1}%
\StoreBenchExecResult{Test}{PredicateAnalysis}{Status}{Wrong}{}{Count}{1}%
\StoreBenchExecResult{Test}{PredicateAnalysis}{Status}{Wrong}{True}{Count}{1}%
\StoreBenchExecResult{Test}{PredicateAnalysis}{Status}{Wrong}{False}{Count}{0}%
\StoreBenchExecResult{Test}{PredicateAnalysis}{Cputime}{All}{}{Sum}{6.478077860}%
\StoreBenchExecResult{Test}{PredicateAnalysis}{Cputime}{All}{}{Min}{2.058647067}%
\StoreBenchExecResult{Test}{PredicateAnalysis}{Cputime}{All}{}{Max}{2.22954344}%
\StoreBenchExecResult{Test}{PredicateAnalysis}{Cputime}{All}{}{Avg}{2.159359286666666666666666667}%
\StoreBenchExecResult{Test}{PredicateAnalysis}{Cputime}{All}{}{Median}{2.189887353}%
\StoreBenchExecResult{Test}{PredicateAnalysis}{Cputime}{All}{}{Stdev}{0.07303133894284965266045621882}%
\StoreBenchExecResult{Test}{PredicateAnalysis}{Cputime}{All}{}{Unit}{s}%
\StoreBenchExecResult{Test}{PredicateAnalysis}{Cputime}{Correct}{}{Sum}{6.478077860}%
\StoreBenchExecResult{Test}{PredicateAnalysis}{Cputime}{Correct}{}{Min}{2.058647067}%
\StoreBenchExecResult{Test}{PredicateAnalysis}{Cputime}{Correct}{}{Max}{2.22954344}%
\StoreBenchExecResult{Test}{PredicateAnalysis}{Cputime}{Correct}{}{Avg}{2.159359286666666666666666667}%
\StoreBenchExecResult{Test}{PredicateAnalysis}{Cputime}{Correct}{}{Median}{2.189887353}%
\StoreBenchExecResult{Test}{PredicateAnalysis}{Cputime}{Correct}{}{Stdev}{0.07303133894284965266045621882}%
\StoreBenchExecResult{Test}{PredicateAnalysis}{Cputime}{Correct}{}{Unit}{s}%
\StoreBenchExecResult{Test}{PredicateAnalysis}{Cputime}{Correct}{True}{Sum}{4.288190507}%
\StoreBenchExecResult{Test}{PredicateAnalysis}{Cputime}{Correct}{True}{Min}{2.058647067}%
\StoreBenchExecResult{Test}{PredicateAnalysis}{Cputime}{Correct}{True}{Max}{2.22954344}%
\StoreBenchExecResult{Test}{PredicateAnalysis}{Cputime}{Correct}{True}{Avg}{2.1440952535}%
\StoreBenchExecResult{Test}{PredicateAnalysis}{Cputime}{Correct}{True}{Median}{2.1440952535}%
\StoreBenchExecResult{Test}{PredicateAnalysis}{Cputime}{Correct}{True}{Stdev}{0.08544818650000}%
\StoreBenchExecResult{Test}{PredicateAnalysis}{Cputime}{Correct}{True}{Unit}{s}%
\StoreBenchExecResult{Test}{PredicateAnalysis}{Cputime}{Correct}{False}{Sum}{2.189887353}%
\StoreBenchExecResult{Test}{PredicateAnalysis}{Cputime}{Correct}{False}{Min}{2.189887353}%
\StoreBenchExecResult{Test}{PredicateAnalysis}{Cputime}{Correct}{False}{Max}{2.189887353}%
\StoreBenchExecResult{Test}{PredicateAnalysis}{Cputime}{Correct}{False}{Avg}{2.189887353}%
\StoreBenchExecResult{Test}{PredicateAnalysis}{Cputime}{Correct}{False}{Median}{2.189887353}%
\StoreBenchExecResult{Test}{PredicateAnalysis}{Cputime}{Correct}{False}{Stdev}{0.00000000000000}%
\StoreBenchExecResult{Test}{PredicateAnalysis}{Cputime}{Correct}{False}{Unit}{s}%
\StoreBenchExecResult{Test}{PredicateAnalysis}{Walltime}{All}{}{Sum}{6.5004251003265382}%
\StoreBenchExecResult{Test}{PredicateAnalysis}{Walltime}{All}{}{Min}{2.0664572715759277}%
\StoreBenchExecResult{Test}{PredicateAnalysis}{Walltime}{All}{}{Max}{2.237081289291382}%
\StoreBenchExecResult{Test}{PredicateAnalysis}{Walltime}{All}{}{Avg}{2.166808366775512733333333333}%
\StoreBenchExecResult{Test}{PredicateAnalysis}{Walltime}{All}{}{Median}{2.1968865394592285}%
\StoreBenchExecResult{Test}{PredicateAnalysis}{Walltime}{All}{}{Stdev}{0.07283159208903090975048642215}%
\StoreBenchExecResult{Test}{PredicateAnalysis}{Walltime}{All}{}{Unit}{s}%
\StoreBenchExecResult{Test}{PredicateAnalysis}{Walltime}{Correct}{}{Sum}{6.5004251003265382}%
\StoreBenchExecResult{Test}{PredicateAnalysis}{Walltime}{Correct}{}{Min}{2.0664572715759277}%
\StoreBenchExecResult{Test}{PredicateAnalysis}{Walltime}{Correct}{}{Max}{2.237081289291382}%
\StoreBenchExecResult{Test}{PredicateAnalysis}{Walltime}{Correct}{}{Avg}{2.166808366775512733333333333}%
\StoreBenchExecResult{Test}{PredicateAnalysis}{Walltime}{Correct}{}{Median}{2.1968865394592285}%
\StoreBenchExecResult{Test}{PredicateAnalysis}{Walltime}{Correct}{}{Stdev}{0.07283159208903090975048642215}%
\StoreBenchExecResult{Test}{PredicateAnalysis}{Walltime}{Correct}{}{Unit}{s}%
\StoreBenchExecResult{Test}{PredicateAnalysis}{Walltime}{Correct}{True}{Sum}{4.3035385608673097}%
\StoreBenchExecResult{Test}{PredicateAnalysis}{Walltime}{Correct}{True}{Min}{2.0664572715759277}%
\StoreBenchExecResult{Test}{PredicateAnalysis}{Walltime}{Correct}{True}{Max}{2.237081289291382}%
\StoreBenchExecResult{Test}{PredicateAnalysis}{Walltime}{Correct}{True}{Avg}{2.15176928043365485}%
\StoreBenchExecResult{Test}{PredicateAnalysis}{Walltime}{Correct}{True}{Median}{2.15176928043365485}%
\StoreBenchExecResult{Test}{PredicateAnalysis}{Walltime}{Correct}{True}{Stdev}{0.08531200885772714999999999999}%
\StoreBenchExecResult{Test}{PredicateAnalysis}{Walltime}{Correct}{True}{Unit}{s}%
\StoreBenchExecResult{Test}{PredicateAnalysis}{Walltime}{Correct}{False}{Sum}{2.1968865394592285}%
\StoreBenchExecResult{Test}{PredicateAnalysis}{Walltime}{Correct}{False}{Min}{2.1968865394592285}%
\StoreBenchExecResult{Test}{PredicateAnalysis}{Walltime}{Correct}{False}{Max}{2.1968865394592285}%
\StoreBenchExecResult{Test}{PredicateAnalysis}{Walltime}{Correct}{False}{Avg}{2.1968865394592285}%
\StoreBenchExecResult{Test}{PredicateAnalysis}{Walltime}{Correct}{False}{Median}{2.1968865394592285}%
\StoreBenchExecResult{Test}{PredicateAnalysis}{Walltime}{Correct}{False}{Stdev}{0.0000000000000000}%
\StoreBenchExecResult{Test}{PredicateAnalysis}{Walltime}{Correct}{False}{Unit}{s}%
\StoreBenchExecResult{Test}{PredicateAnalysis}{Memory}{All}{}{Sum}{387.768320}%
\StoreBenchExecResult{Test}{PredicateAnalysis}{Memory}{All}{}{Min}{126.312448}%
\StoreBenchExecResult{Test}{PredicateAnalysis}{Memory}{All}{}{Max}{132.337664}%
\StoreBenchExecResult{Test}{PredicateAnalysis}{Memory}{All}{}{Avg}{129.2561066666666666666666667}%
\StoreBenchExecResult{Test}{PredicateAnalysis}{Memory}{All}{}{Median}{129.118208}%
\StoreBenchExecResult{Test}{PredicateAnalysis}{Memory}{All}{}{Stdev}{2.461716067213456867331590003}%
\StoreBenchExecResult{Test}{PredicateAnalysis}{Memory}{All}{}{Unit}{MB}%
\StoreBenchExecResult{Test}{PredicateAnalysis}{Memory}{Correct}{}{Sum}{387.768320}%
\StoreBenchExecResult{Test}{PredicateAnalysis}{Memory}{Correct}{}{Min}{126.312448}%
\StoreBenchExecResult{Test}{PredicateAnalysis}{Memory}{Correct}{}{Max}{132.337664}%
\StoreBenchExecResult{Test}{PredicateAnalysis}{Memory}{Correct}{}{Avg}{129.2561066666666666666666667}%
\StoreBenchExecResult{Test}{PredicateAnalysis}{Memory}{Correct}{}{Median}{129.118208}%
\StoreBenchExecResult{Test}{PredicateAnalysis}{Memory}{Correct}{}{Stdev}{2.461716067213456867331590003}%
\StoreBenchExecResult{Test}{PredicateAnalysis}{Memory}{Correct}{}{Unit}{MB}%
\StoreBenchExecResult{Test}{PredicateAnalysis}{Memory}{Correct}{True}{Sum}{258.650112}%
\StoreBenchExecResult{Test}{PredicateAnalysis}{Memory}{Correct}{True}{Min}{126.312448}%
\StoreBenchExecResult{Test}{PredicateAnalysis}{Memory}{Correct}{True}{Max}{132.337664}%
\StoreBenchExecResult{Test}{PredicateAnalysis}{Memory}{Correct}{True}{Avg}{129.325056}%
\StoreBenchExecResult{Test}{PredicateAnalysis}{Memory}{Correct}{True}{Median}{129.325056}%
\StoreBenchExecResult{Test}{PredicateAnalysis}{Memory}{Correct}{True}{Stdev}{3.0126080000000}%
\StoreBenchExecResult{Test}{PredicateAnalysis}{Memory}{Correct}{True}{Unit}{MB}%
\StoreBenchExecResult{Test}{PredicateAnalysis}{Memory}{Correct}{False}{Sum}{129.118208}%
\StoreBenchExecResult{Test}{PredicateAnalysis}{Memory}{Correct}{False}{Min}{129.118208}%
\StoreBenchExecResult{Test}{PredicateAnalysis}{Memory}{Correct}{False}{Max}{129.118208}%
\StoreBenchExecResult{Test}{PredicateAnalysis}{Memory}{Correct}{False}{Avg}{129.118208}%
\StoreBenchExecResult{Test}{PredicateAnalysis}{Memory}{Correct}{False}{Median}{129.118208}%
\StoreBenchExecResult{Test}{PredicateAnalysis}{Memory}{Correct}{False}{Stdev}{0.00000000000000000000}%
\StoreBenchExecResult{Test}{PredicateAnalysis}{Memory}{Correct}{False}{Unit}{MB}%
\StoreBenchExecResult{Test}{ValueAnalysis}{Status}{All}{}{Score}{0}%
\StoreBenchExecResult{Test}{ValueAnalysis}{Status}{All}{}{Count}{4}%
\StoreBenchExecResult{Test}{ValueAnalysis}{Status}{Correct}{}{Count}{2}%
\StoreBenchExecResult{Test}{ValueAnalysis}{Status}{Correct}{True}{Count}{0}%
\StoreBenchExecResult{Test}{ValueAnalysis}{Status}{Correct}{False}{Count}{2}%
\StoreBenchExecResult{Test}{ValueAnalysis}{Status}{Wrong}{}{Count}{0}%
\StoreBenchExecResult{Test}{ValueAnalysis}{Status}{Wrong}{True}{Count}{0}%
\StoreBenchExecResult{Test}{ValueAnalysis}{Status}{Wrong}{False}{Count}{0}%
\StoreBenchExecResult{Test}{ValueAnalysis}{Cputime}{All}{}{Sum}{4.276724031}%
\StoreBenchExecResult{Test}{ValueAnalysis}{Cputime}{All}{}{Min}{2.117287256}%
\StoreBenchExecResult{Test}{ValueAnalysis}{Cputime}{All}{}{Max}{2.159436775}%
\StoreBenchExecResult{Test}{ValueAnalysis}{Cputime}{All}{}{Avg}{2.1383620155}%
\StoreBenchExecResult{Test}{ValueAnalysis}{Cputime}{All}{}{Median}{2.1383620155}%
\StoreBenchExecResult{Test}{ValueAnalysis}{Cputime}{All}{}{Stdev}{0.02107475950000}%
\StoreBenchExecResult{Test}{ValueAnalysis}{Cputime}{All}{}{Unit}{s}%
\StoreBenchExecResult{Test}{ValueAnalysis}{Cputime}{Correct}{}{Sum}{4.276724031}%
\StoreBenchExecResult{Test}{ValueAnalysis}{Cputime}{Correct}{}{Min}{2.117287256}%
\StoreBenchExecResult{Test}{ValueAnalysis}{Cputime}{Correct}{}{Max}{2.159436775}%
\StoreBenchExecResult{Test}{ValueAnalysis}{Cputime}{Correct}{}{Avg}{2.1383620155}%
\StoreBenchExecResult{Test}{ValueAnalysis}{Cputime}{Correct}{}{Median}{2.1383620155}%
\StoreBenchExecResult{Test}{ValueAnalysis}{Cputime}{Correct}{}{Stdev}{0.02107475950000}%
\StoreBenchExecResult{Test}{ValueAnalysis}{Cputime}{Correct}{}{Unit}{s}%
\StoreBenchExecResult{Test}{ValueAnalysis}{Cputime}{Correct}{False}{Sum}{4.276724031}%
\StoreBenchExecResult{Test}{ValueAnalysis}{Cputime}{Correct}{False}{Min}{2.117287256}%
\StoreBenchExecResult{Test}{ValueAnalysis}{Cputime}{Correct}{False}{Max}{2.159436775}%
\StoreBenchExecResult{Test}{ValueAnalysis}{Cputime}{Correct}{False}{Avg}{2.1383620155}%
\StoreBenchExecResult{Test}{ValueAnalysis}{Cputime}{Correct}{False}{Median}{2.1383620155}%
\StoreBenchExecResult{Test}{ValueAnalysis}{Cputime}{Correct}{False}{Stdev}{0.02107475950000}%
\StoreBenchExecResult{Test}{ValueAnalysis}{Cputime}{Correct}{False}{Unit}{s}%
\StoreBenchExecResult{Test}{ValueAnalysis}{Walltime}{All}{}{Sum}{4.2952289581298828}%
\StoreBenchExecResult{Test}{ValueAnalysis}{Walltime}{All}{}{Min}{2.1272354125976562}%
\StoreBenchExecResult{Test}{ValueAnalysis}{Walltime}{All}{}{Max}{2.1679935455322266}%
\StoreBenchExecResult{Test}{ValueAnalysis}{Walltime}{All}{}{Avg}{2.1476144790649414}%
\StoreBenchExecResult{Test}{ValueAnalysis}{Walltime}{All}{}{Median}{2.1476144790649414}%
\StoreBenchExecResult{Test}{ValueAnalysis}{Walltime}{All}{}{Stdev}{0.02037906646728520000000000000}%
\StoreBenchExecResult{Test}{ValueAnalysis}{Walltime}{All}{}{Unit}{s}%
\StoreBenchExecResult{Test}{ValueAnalysis}{Walltime}{Correct}{}{Sum}{4.2952289581298828}%
\StoreBenchExecResult{Test}{ValueAnalysis}{Walltime}{Correct}{}{Min}{2.1272354125976562}%
\StoreBenchExecResult{Test}{ValueAnalysis}{Walltime}{Correct}{}{Max}{2.1679935455322266}%
\StoreBenchExecResult{Test}{ValueAnalysis}{Walltime}{Correct}{}{Avg}{2.1476144790649414}%
\StoreBenchExecResult{Test}{ValueAnalysis}{Walltime}{Correct}{}{Median}{2.1476144790649414}%
\StoreBenchExecResult{Test}{ValueAnalysis}{Walltime}{Correct}{}{Stdev}{0.02037906646728520000000000000}%
\StoreBenchExecResult{Test}{ValueAnalysis}{Walltime}{Correct}{}{Unit}{s}%
\StoreBenchExecResult{Test}{ValueAnalysis}{Walltime}{Correct}{False}{Sum}{4.2952289581298828}%
\StoreBenchExecResult{Test}{ValueAnalysis}{Walltime}{Correct}{False}{Min}{2.1272354125976562}%
\StoreBenchExecResult{Test}{ValueAnalysis}{Walltime}{Correct}{False}{Max}{2.1679935455322266}%
\StoreBenchExecResult{Test}{ValueAnalysis}{Walltime}{Correct}{False}{Avg}{2.1476144790649414}%
\StoreBenchExecResult{Test}{ValueAnalysis}{Walltime}{Correct}{False}{Median}{2.1476144790649414}%
\StoreBenchExecResult{Test}{ValueAnalysis}{Walltime}{Correct}{False}{Stdev}{0.02037906646728520000000000000}%
\StoreBenchExecResult{Test}{ValueAnalysis}{Walltime}{Correct}{False}{Unit}{s}%
\StoreBenchExecResult{Test}{ValueAnalysis}{Memory}{All}{}{Sum}{264.691712}%
\StoreBenchExecResult{Test}{ValueAnalysis}{Memory}{All}{}{Min}{131.117056}%
\StoreBenchExecResult{Test}{ValueAnalysis}{Memory}{All}{}{Max}{133.574656}%
\StoreBenchExecResult{Test}{ValueAnalysis}{Memory}{All}{}{Avg}{132.345856}%
\StoreBenchExecResult{Test}{ValueAnalysis}{Memory}{All}{}{Median}{132.345856}%
\StoreBenchExecResult{Test}{ValueAnalysis}{Memory}{All}{}{Stdev}{1.22880000000000}%
\StoreBenchExecResult{Test}{ValueAnalysis}{Memory}{All}{}{Unit}{MB}%
\StoreBenchExecResult{Test}{ValueAnalysis}{Memory}{Correct}{}{Sum}{264.691712}%
\StoreBenchExecResult{Test}{ValueAnalysis}{Memory}{Correct}{}{Min}{131.117056}%
\StoreBenchExecResult{Test}{ValueAnalysis}{Memory}{Correct}{}{Max}{133.574656}%
\StoreBenchExecResult{Test}{ValueAnalysis}{Memory}{Correct}{}{Avg}{132.345856}%
\StoreBenchExecResult{Test}{ValueAnalysis}{Memory}{Correct}{}{Median}{132.345856}%
\StoreBenchExecResult{Test}{ValueAnalysis}{Memory}{Correct}{}{Stdev}{1.22880000000000}%
\StoreBenchExecResult{Test}{ValueAnalysis}{Memory}{Correct}{}{Unit}{MB}%
\StoreBenchExecResult{Test}{ValueAnalysis}{Memory}{Correct}{False}{Sum}{264.691712}%
\StoreBenchExecResult{Test}{ValueAnalysis}{Memory}{Correct}{False}{Min}{131.117056}%
\StoreBenchExecResult{Test}{ValueAnalysis}{Memory}{Correct}{False}{Max}{133.574656}%
\StoreBenchExecResult{Test}{ValueAnalysis}{Memory}{Correct}{False}{Avg}{132.345856}%
\StoreBenchExecResult{Test}{ValueAnalysis}{Memory}{Correct}{False}{Median}{132.345856}%
\StoreBenchExecResult{Test}{ValueAnalysis}{Memory}{Correct}{False}{Stdev}{1.22880000000000}%
\StoreBenchExecResult{Test}{ValueAnalysis}{Memory}{Correct}{False}{Unit}{MB}%