% Statistics produced by BenchExec, more information at
% https://github.com/sosy-lab/benchexec/blob/main/doc/table-generator.md
% By default, this file defines a LaTeX command for each statistics value
% where the command name consists of the following concatenated parts:
% benchmark name, runset name, column title, category, status, statistic.
% (If necessary, this can be overridden with
% \newcommand\StoreBenchExecResult[7]{...} before including this file.)
% Numbers are replaced by roman numerals, all parts of the name are in camel case,
% and if necessary for uniqueness a counter is appended to the non-unique name part.
% The last part of the name is either "Count", "Sum", "Min", "Max", "Avg", "Median",
% "Stdev", "Score", or "Unit", with the latter providing the unit for the others.
% Rounding of values can be specified in the BenchExec table definition or done with
% \usepackage[round-mode=figures, round-precision=...]{siunitx} and the \num command.
% Arguments: benchmark name, runset name, column title, category, status, statistic, value
\providecommand\StoreBenchExecResult[7]{\expandafter\newcommand\csname#1#2#3#4#5#6\endcsname{#7}}%
\StoreBenchExecResult{Test}{PredicateAnalysis}{Status}{All}{}{Score}{0}%
\StoreBenchExecResult{Test}{PredicateAnalysis}{Status}{All}{}{Count}{5}%
\StoreBenchExecResult{Test}{PredicateAnalysis}{Status}{Correct}{}{Count}{3}%
\StoreBenchExecResult{Test}{PredicateAnalysis}{Status}{Correct}{True}{Count}{2}%
\StoreBenchExecResult{Test}{PredicateAnalysis}{Status}{Correct}{False}{Count}{1}%
\StoreBenchExecResult{Test}{PredicateAnalysis}{Status}{Wrong}{}{Count}{1}%
\StoreBenchExecResult{Test}{PredicateAnalysis}{Status}{Wrong}{True}{Count}{1}%
\StoreBenchExecResult{Test}{PredicateAnalysis}{Status}{Wrong}{False}{Count}{0}%
\StoreBenchExecResult{Test}{PredicateAnalysis}{Cputime}{All}{}{Sum}{10.919505907}%
\StoreBenchExecResult{Test}{PredicateAnalysis}{Cputime}{All}{}{Min}{2.058647067}%
\StoreBenchExecResult{Test}{PredicateAnalysis}{Cputime}{All}{}{Max}{2.272238619}%
\StoreBenchExecResult{Test}{PredicateAnalysis}{Cputime}{All}{}{Avg}{2.1839011814}%
\StoreBenchExecResult{Test}{PredicateAnalysis}{Cputime}{All}{}{Median}{2.189887353}%
\StoreBenchExecResult{Test}{PredicateAnalysis}{Cputime}{All}{}{Stdev}{0.07187152671885927483466361201}%
\StoreBenchExecResult{Test}{PredicateAnalysis}{Cputime}{All}{}{Unit}{s}%
\StoreBenchExecResult{Test}{PredicateAnalysis}{Cputime}{Correct}{}{Sum}{6.478077860}%
\StoreBenchExecResult{Test}{PredicateAnalysis}{Cputime}{Correct}{}{Min}{2.058647067}%
\StoreBenchExecResult{Test}{PredicateAnalysis}{Cputime}{Correct}{}{Max}{2.22954344}%
\StoreBenchExecResult{Test}{PredicateAnalysis}{Cputime}{Correct}{}{Avg}{2.159359286666666666666666667}%
\StoreBenchExecResult{Test}{PredicateAnalysis}{Cputime}{Correct}{}{Median}{2.189887353}%
\StoreBenchExecResult{Test}{PredicateAnalysis}{Cputime}{Correct}{}{Stdev}{0.07303133894284965266045621882}%
\StoreBenchExecResult{Test}{PredicateAnalysis}{Cputime}{Correct}{}{Unit}{s}%
\StoreBenchExecResult{Test}{PredicateAnalysis}{Cputime}{Correct}{True}{Sum}{4.288190507}%
\StoreBenchExecResult{Test}{PredicateAnalysis}{Cputime}{Correct}{True}{Min}{2.058647067}%
\StoreBenchExecResult{Test}{PredicateAnalysis}{Cputime}{Correct}{True}{Max}{2.22954344}%
\StoreBenchExecResult{Test}{PredicateAnalysis}{Cputime}{Correct}{True}{Avg}{2.1440952535}%
\StoreBenchExecResult{Test}{PredicateAnalysis}{Cputime}{Correct}{True}{Median}{2.1440952535}%
\StoreBenchExecResult{Test}{PredicateAnalysis}{Cputime}{Correct}{True}{Stdev}{0.08544818650000}%
\StoreBenchExecResult{Test}{PredicateAnalysis}{Cputime}{Correct}{True}{Unit}{s}%
\StoreBenchExecResult{Test}{PredicateAnalysis}{Cputime}{Correct}{False}{Sum}{2.189887353}%
\StoreBenchExecResult{Test}{PredicateAnalysis}{Cputime}{Correct}{False}{Min}{2.189887353}%
\StoreBenchExecResult{Test}{PredicateAnalysis}{Cputime}{Correct}{False}{Max}{2.189887353}%
\StoreBenchExecResult{Test}{PredicateAnalysis}{Cputime}{Correct}{False}{Avg}{2.189887353}%
\StoreBenchExecResult{Test}{PredicateAnalysis}{Cputime}{Correct}{False}{Median}{2.189887353}%
\StoreBenchExecResult{Test}{PredicateAnalysis}{Cputime}{Correct}{False}{Stdev}{0.00000000000000}%
\StoreBenchExecResult{Test}{PredicateAnalysis}{Cputime}{Correct}{False}{Unit}{s}%
\StoreBenchExecResult{Test}{PredicateAnalysis}{Cputime}{Wrong}{}{Sum}{2.169189428}%
\StoreBenchExecResult{Test}{PredicateAnalysis}{Cputime}{Wrong}{}{Min}{2.169189428}%
\StoreBenchExecResult{Test}{PredicateAnalysis}{Cputime}{Wrong}{}{Max}{2.169189428}%
\StoreBenchExecResult{Test}{PredicateAnalysis}{Cputime}{Wrong}{}{Avg}{2.169189428}%
\StoreBenchExecResult{Test}{PredicateAnalysis}{Cputime}{Wrong}{}{Median}{2.169189428}%
\StoreBenchExecResult{Test}{PredicateAnalysis}{Cputime}{Wrong}{}{Stdev}{0.00000000000000}%
\StoreBenchExecResult{Test}{PredicateAnalysis}{Cputime}{Wrong}{}{Unit}{s}%
\StoreBenchExecResult{Test}{PredicateAnalysis}{Cputime}{Wrong}{True}{Sum}{2.169189428}%
\StoreBenchExecResult{Test}{PredicateAnalysis}{Cputime}{Wrong}{True}{Min}{2.169189428}%
\StoreBenchExecResult{Test}{PredicateAnalysis}{Cputime}{Wrong}{True}{Max}{2.169189428}%
\StoreBenchExecResult{Test}{PredicateAnalysis}{Cputime}{Wrong}{True}{Avg}{2.169189428}%
\StoreBenchExecResult{Test}{PredicateAnalysis}{Cputime}{Wrong}{True}{Median}{2.169189428}%
\StoreBenchExecResult{Test}{PredicateAnalysis}{Cputime}{Wrong}{True}{Stdev}{0.00000000000000}%
\StoreBenchExecResult{Test}{PredicateAnalysis}{Cputime}{Wrong}{True}{Unit}{s}%
\StoreBenchExecResult{Test}{PredicateAnalysis}{Cputime}{Local}{}{Sum}{10.933401000000002}%
\StoreBenchExecResult{Test}{PredicateAnalysis}{Cputime}{Local}{}{Unit}{s}%
\StoreBenchExecResult{Test}{PredicateAnalysis}{Walltime}{All}{}{Sum}{10.9609942436218263}%
\StoreBenchExecResult{Test}{PredicateAnalysis}{Walltime}{All}{}{Min}{2.0664572715759277}%
\StoreBenchExecResult{Test}{PredicateAnalysis}{Walltime}{All}{}{Max}{2.2822041511535645}%
\StoreBenchExecResult{Test}{PredicateAnalysis}{Walltime}{All}{}{Avg}{2.19219884872436526}%
\StoreBenchExecResult{Test}{PredicateAnalysis}{Walltime}{All}{}{Median}{2.1968865394592285}%
\StoreBenchExecResult{Test}{PredicateAnalysis}{Walltime}{All}{}{Stdev}{0.07230447039122090684958965327}%
\StoreBenchExecResult{Test}{PredicateAnalysis}{Walltime}{All}{}{Unit}{s}%
\StoreBenchExecResult{Test}{PredicateAnalysis}{Walltime}{Correct}{}{Sum}{6.5004251003265382}%
\StoreBenchExecResult{Test}{PredicateAnalysis}{Walltime}{Correct}{}{Min}{2.0664572715759277}%
\StoreBenchExecResult{Test}{PredicateAnalysis}{Walltime}{Correct}{}{Max}{2.237081289291382}%
\StoreBenchExecResult{Test}{PredicateAnalysis}{Walltime}{Correct}{}{Avg}{2.166808366775512733333333333}%
\StoreBenchExecResult{Test}{PredicateAnalysis}{Walltime}{Correct}{}{Median}{2.1968865394592285}%
\StoreBenchExecResult{Test}{PredicateAnalysis}{Walltime}{Correct}{}{Stdev}{0.07283159208903090975048642215}%
\StoreBenchExecResult{Test}{PredicateAnalysis}{Walltime}{Correct}{}{Unit}{s}%
\StoreBenchExecResult{Test}{PredicateAnalysis}{Walltime}{Correct}{True}{Sum}{4.3035385608673097}%
\StoreBenchExecResult{Test}{PredicateAnalysis}{Walltime}{Correct}{True}{Min}{2.0664572715759277}%
\StoreBenchExecResult{Test}{PredicateAnalysis}{Walltime}{Correct}{True}{Max}{2.237081289291382}%
\StoreBenchExecResult{Test}{PredicateAnalysis}{Walltime}{Correct}{True}{Avg}{2.15176928043365485}%
\StoreBenchExecResult{Test}{PredicateAnalysis}{Walltime}{Correct}{True}{Median}{2.15176928043365485}%
\StoreBenchExecResult{Test}{PredicateAnalysis}{Walltime}{Correct}{True}{Stdev}{0.08531200885772714999999999999}%
\StoreBenchExecResult{Test}{PredicateAnalysis}{Walltime}{Correct}{True}{Unit}{s}%
\StoreBenchExecResult{Test}{PredicateAnalysis}{Walltime}{Correct}{False}{Sum}{2.1968865394592285}%
\StoreBenchExecResult{Test}{PredicateAnalysis}{Walltime}{Correct}{False}{Min}{2.1968865394592285}%
\StoreBenchExecResult{Test}{PredicateAnalysis}{Walltime}{Correct}{False}{Max}{2.1968865394592285}%
\StoreBenchExecResult{Test}{PredicateAnalysis}{Walltime}{Correct}{False}{Avg}{2.1968865394592285}%
\StoreBenchExecResult{Test}{PredicateAnalysis}{Walltime}{Correct}{False}{Median}{2.1968865394592285}%
\StoreBenchExecResult{Test}{PredicateAnalysis}{Walltime}{Correct}{False}{Stdev}{0.0000000000000000}%
\StoreBenchExecResult{Test}{PredicateAnalysis}{Walltime}{Correct}{False}{Unit}{s}%
\StoreBenchExecResult{Test}{PredicateAnalysis}{Walltime}{Wrong}{}{Sum}{2.1783649921417236}%
\StoreBenchExecResult{Test}{PredicateAnalysis}{Walltime}{Wrong}{}{Min}{2.1783649921417236}%
\StoreBenchExecResult{Test}{PredicateAnalysis}{Walltime}{Wrong}{}{Max}{2.1783649921417236}%
\StoreBenchExecResult{Test}{PredicateAnalysis}{Walltime}{Wrong}{}{Avg}{2.1783649921417236}%
\StoreBenchExecResult{Test}{PredicateAnalysis}{Walltime}{Wrong}{}{Median}{2.1783649921417236}%
\StoreBenchExecResult{Test}{PredicateAnalysis}{Walltime}{Wrong}{}{Stdev}{0.0000000000000000}%
\StoreBenchExecResult{Test}{PredicateAnalysis}{Walltime}{Wrong}{}{Unit}{s}%
\StoreBenchExecResult{Test}{PredicateAnalysis}{Walltime}{Wrong}{True}{Sum}{2.1783649921417236}%
\StoreBenchExecResult{Test}{PredicateAnalysis}{Walltime}{Wrong}{True}{Min}{2.1783649921417236}%
\StoreBenchExecResult{Test}{PredicateAnalysis}{Walltime}{Wrong}{True}{Max}{2.1783649921417236}%
\StoreBenchExecResult{Test}{PredicateAnalysis}{Walltime}{Wrong}{True}{Avg}{2.1783649921417236}%
\StoreBenchExecResult{Test}{PredicateAnalysis}{Walltime}{Wrong}{True}{Median}{2.1783649921417236}%
\StoreBenchExecResult{Test}{PredicateAnalysis}{Walltime}{Wrong}{True}{Stdev}{0.0000000000000000}%
\StoreBenchExecResult{Test}{PredicateAnalysis}{Walltime}{Wrong}{True}{Unit}{s}%
\StoreBenchExecResult{Test}{PredicateAnalysis}{Walltime}{Local}{}{Sum}{11.626914262771606}%
\StoreBenchExecResult{Test}{PredicateAnalysis}{Walltime}{Local}{}{Unit}{s}%
\StoreBenchExecResult{Test}{PredicateAnalysis}{Memory}{All}{}{Sum}{645.271552}%
\StoreBenchExecResult{Test}{PredicateAnalysis}{Memory}{All}{}{Min}{126.312448}%
\StoreBenchExecResult{Test}{PredicateAnalysis}{Memory}{All}{}{Max}{132.337664}%
\StoreBenchExecResult{Test}{PredicateAnalysis}{Memory}{All}{}{Avg}{129.0543104}%
\StoreBenchExecResult{Test}{PredicateAnalysis}{Memory}{All}{}{Median}{129.118208}%
\StoreBenchExecResult{Test}{PredicateAnalysis}{Memory}{All}{}{Stdev}{1.975805449949118851756738273}%
\StoreBenchExecResult{Test}{PredicateAnalysis}{Memory}{All}{}{Unit}{MB}%
\StoreBenchExecResult{Test}{PredicateAnalysis}{Memory}{Correct}{}{Sum}{387.768320}%
\StoreBenchExecResult{Test}{PredicateAnalysis}{Memory}{Correct}{}{Min}{126.312448}%
\StoreBenchExecResult{Test}{PredicateAnalysis}{Memory}{Correct}{}{Max}{132.337664}%
\StoreBenchExecResult{Test}{PredicateAnalysis}{Memory}{Correct}{}{Avg}{129.2561066666666666666666667}%
\StoreBenchExecResult{Test}{PredicateAnalysis}{Memory}{Correct}{}{Median}{129.118208}%
\StoreBenchExecResult{Test}{PredicateAnalysis}{Memory}{Correct}{}{Stdev}{2.461716067213456867331590003}%
\StoreBenchExecResult{Test}{PredicateAnalysis}{Memory}{Correct}{}{Unit}{MB}%
\StoreBenchExecResult{Test}{PredicateAnalysis}{Memory}{Correct}{True}{Sum}{258.650112}%
\StoreBenchExecResult{Test}{PredicateAnalysis}{Memory}{Correct}{True}{Min}{126.312448}%
\StoreBenchExecResult{Test}{PredicateAnalysis}{Memory}{Correct}{True}{Max}{132.337664}%
\StoreBenchExecResult{Test}{PredicateAnalysis}{Memory}{Correct}{True}{Avg}{129.325056}%
\StoreBenchExecResult{Test}{PredicateAnalysis}{Memory}{Correct}{True}{Median}{129.325056}%
\StoreBenchExecResult{Test}{PredicateAnalysis}{Memory}{Correct}{True}{Stdev}{3.0126080000000}%
\StoreBenchExecResult{Test}{PredicateAnalysis}{Memory}{Correct}{True}{Unit}{MB}%
\StoreBenchExecResult{Test}{PredicateAnalysis}{Memory}{Correct}{False}{Sum}{129.118208}%
\StoreBenchExecResult{Test}{PredicateAnalysis}{Memory}{Correct}{False}{Min}{129.118208}%
\StoreBenchExecResult{Test}{PredicateAnalysis}{Memory}{Correct}{False}{Max}{129.118208}%
\StoreBenchExecResult{Test}{PredicateAnalysis}{Memory}{Correct}{False}{Avg}{129.118208}%
\StoreBenchExecResult{Test}{PredicateAnalysis}{Memory}{Correct}{False}{Median}{129.118208}%
\StoreBenchExecResult{Test}{PredicateAnalysis}{Memory}{Correct}{False}{Stdev}{0.00000000000000000000}%
\StoreBenchExecResult{Test}{PredicateAnalysis}{Memory}{Correct}{False}{Unit}{MB}%
\StoreBenchExecResult{Test}{PredicateAnalysis}{Memory}{Wrong}{}{Sum}{128.032768}%
\StoreBenchExecResult{Test}{PredicateAnalysis}{Memory}{Wrong}{}{Min}{128.032768}%
\StoreBenchExecResult{Test}{PredicateAnalysis}{Memory}{Wrong}{}{Max}{128.032768}%
\StoreBenchExecResult{Test}{PredicateAnalysis}{Memory}{Wrong}{}{Avg}{128.032768}%
\StoreBenchExecResult{Test}{PredicateAnalysis}{Memory}{Wrong}{}{Median}{128.032768}%
\StoreBenchExecResult{Test}{PredicateAnalysis}{Memory}{Wrong}{}{Stdev}{0.00000000000000000000}%
\StoreBenchExecResult{Test}{PredicateAnalysis}{Memory}{Wrong}{}{Unit}{MB}%
\StoreBenchExecResult{Test}{PredicateAnalysis}{Memory}{Wrong}{True}{Sum}{128.032768}%
\StoreBenchExecResult{Test}{PredicateAnalysis}{Memory}{Wrong}{True}{Min}{128.032768}%
\StoreBenchExecResult{Test}{PredicateAnalysis}{Memory}{Wrong}{True}{Max}{128.032768}%
\StoreBenchExecResult{Test}{PredicateAnalysis}{Memory}{Wrong}{True}{Avg}{128.032768}%
\StoreBenchExecResult{Test}{PredicateAnalysis}{Memory}{Wrong}{True}{Median}{128.032768}%
\StoreBenchExecResult{Test}{PredicateAnalysis}{Memory}{Wrong}{True}{Stdev}{0.00000000000000000000}%
\StoreBenchExecResult{Test}{PredicateAnalysis}{Memory}{Wrong}{True}{Unit}{MB}%
\StoreBenchExecResult{Test}{PredicateAnalysis}{Exitcode}{All}{}{Sum}{0}%
\StoreBenchExecResult{Test}{PredicateAnalysis}{Exitcode}{All}{}{Min}{0}%
\StoreBenchExecResult{Test}{PredicateAnalysis}{Exitcode}{All}{}{Max}{0}%
\StoreBenchExecResult{Test}{PredicateAnalysis}{Exitcode}{All}{}{Avg}{0}%
\StoreBenchExecResult{Test}{PredicateAnalysis}{Exitcode}{All}{}{Median}{0}%
\StoreBenchExecResult{Test}{PredicateAnalysis}{Exitcode}{All}{}{Stdev}{0.00000000000000}%
\StoreBenchExecResult{Test}{PredicateAnalysis}{Exitcode}{Correct}{}{Sum}{0}%
\StoreBenchExecResult{Test}{PredicateAnalysis}{Exitcode}{Correct}{}{Min}{0}%
\StoreBenchExecResult{Test}{PredicateAnalysis}{Exitcode}{Correct}{}{Max}{0}%
\StoreBenchExecResult{Test}{PredicateAnalysis}{Exitcode}{Correct}{}{Avg}{0}%
\StoreBenchExecResult{Test}{PredicateAnalysis}{Exitcode}{Correct}{}{Median}{0}%
\StoreBenchExecResult{Test}{PredicateAnalysis}{Exitcode}{Correct}{}{Stdev}{0.00000000000000}%
\StoreBenchExecResult{Test}{PredicateAnalysis}{Exitcode}{Correct}{True}{Sum}{0}%
\StoreBenchExecResult{Test}{PredicateAnalysis}{Exitcode}{Correct}{True}{Min}{0}%
\StoreBenchExecResult{Test}{PredicateAnalysis}{Exitcode}{Correct}{True}{Max}{0}%
\StoreBenchExecResult{Test}{PredicateAnalysis}{Exitcode}{Correct}{True}{Avg}{0}%
\StoreBenchExecResult{Test}{PredicateAnalysis}{Exitcode}{Correct}{True}{Median}{0}%
\StoreBenchExecResult{Test}{PredicateAnalysis}{Exitcode}{Correct}{True}{Stdev}{0.00000000000000}%
\StoreBenchExecResult{Test}{PredicateAnalysis}{Exitcode}{Correct}{False}{Sum}{0}%
\StoreBenchExecResult{Test}{PredicateAnalysis}{Exitcode}{Correct}{False}{Min}{0}%
\StoreBenchExecResult{Test}{PredicateAnalysis}{Exitcode}{Correct}{False}{Max}{0}%
\StoreBenchExecResult{Test}{PredicateAnalysis}{Exitcode}{Correct}{False}{Avg}{0}%
\StoreBenchExecResult{Test}{PredicateAnalysis}{Exitcode}{Correct}{False}{Median}{0}%
\StoreBenchExecResult{Test}{PredicateAnalysis}{Exitcode}{Correct}{False}{Stdev}{0.00000000000000}%
\StoreBenchExecResult{Test}{PredicateAnalysis}{Exitcode}{Wrong}{}{Sum}{0}%
\StoreBenchExecResult{Test}{PredicateAnalysis}{Exitcode}{Wrong}{}{Min}{0}%
\StoreBenchExecResult{Test}{PredicateAnalysis}{Exitcode}{Wrong}{}{Max}{0}%
\StoreBenchExecResult{Test}{PredicateAnalysis}{Exitcode}{Wrong}{}{Avg}{0}%
\StoreBenchExecResult{Test}{PredicateAnalysis}{Exitcode}{Wrong}{}{Median}{0}%
\StoreBenchExecResult{Test}{PredicateAnalysis}{Exitcode}{Wrong}{}{Stdev}{0.00000000000000}%
\StoreBenchExecResult{Test}{PredicateAnalysis}{Exitcode}{Wrong}{True}{Sum}{0}%
\StoreBenchExecResult{Test}{PredicateAnalysis}{Exitcode}{Wrong}{True}{Min}{0}%
\StoreBenchExecResult{Test}{PredicateAnalysis}{Exitcode}{Wrong}{True}{Max}{0}%
\StoreBenchExecResult{Test}{PredicateAnalysis}{Exitcode}{Wrong}{True}{Avg}{0}%
\StoreBenchExecResult{Test}{PredicateAnalysis}{Exitcode}{Wrong}{True}{Median}{0}%
\StoreBenchExecResult{Test}{PredicateAnalysis}{Exitcode}{Wrong}{True}{Stdev}{0.00000000000000}%