% Statistics produced by BenchExec, more information at
% https://github.com/sosy-lab/benchexec/blob/main/doc/table-generator.md
% By default, this file defines a LaTeX command for each statistics value
% where the command name consists of the following concatenated parts:
% benchmark name, runset name, column title, category, status, statistic.
% (If necessary, this can be overridden with
% \newcommand\StoreBenchExecResult[7]{...} before including this file.)
% Numbers are replaced by roman numerals, all parts of the name are in camel case,
% and if necessary for uniqueness a counter is appended to the non-unique name part.
% The last part of the name is either "Count", "Sum", "Min", "Max", "Avg", "Median",
% "Stdev", "Score", or "Unit", with the latter providing the unit for the others.
% Rounding of values can be specified in the BenchExec table definition or done with
% \usepackage[round-mode=figures, round-precision=...]{siunitx} and the \num command.
% Arguments: benchmark name, runset name, column title, category, status, statistic, value
\providecommand\StoreBenchExecResult[7]{\expandafter\newcommand\csname#1#2#3#4#5#6\endcsname{#7}}%
\StoreBenchExecResult{Test}{PredicateAnalysis}{Status}{All}{}{Score}{0}%
\StoreBenchExecResult{Test}{PredicateAnalysis}{Status}{All}{}{Count}{10}%
\StoreBenchExecResult{Test}{PredicateAnalysis}{Status}{Correct}{}{Count}{6}%
\StoreBenchExecResult{Test}{PredicateAnalysis}{Status}{Correct}{True}{Count}{4}%
\StoreBenchExecResult{Test}{PredicateAnalysis}{Status}{Correct}{False}{Count}{2}%
\StoreBenchExecResult{Test}{PredicateAnalysis}{Status}{Wrong}{}{Count}{2}%
\StoreBenchExecResult{Test}{PredicateAnalysis}{Status}{Wrong}{True}{Count}{2}%
\StoreBenchExecResult{Test}{PredicateAnalysis}{Status}{Wrong}{False}{Count}{0}%
\StoreBenchExecResult{Test}{PredicateAnalysis}{Cputime}{All}{}{Sum}{20.308824245}%
\StoreBenchExecResult{Test}{PredicateAnalysis}{Cputime}{All}{}{Min}{1.829559535}%
\StoreBenchExecResult{Test}{PredicateAnalysis}{Cputime}{All}{}{Max}{2.272238619}%
\StoreBenchExecResult{Test}{PredicateAnalysis}{Cputime}{All}{}{Avg}{2.0308824245}%
\StoreBenchExecResult{Test}{PredicateAnalysis}{Cputime}{All}{}{Median}{2.004100267}%
\StoreBenchExecResult{Test}{PredicateAnalysis}{Cputime}{All}{}{Stdev}{0.1640231734234257865219769993}%
\StoreBenchExecResult{Test}{PredicateAnalysis}{Cputime}{All}{}{Unit}{s}%
\StoreBenchExecResult{Test}{PredicateAnalysis}{Cputime}{Correct}{}{Sum}{12.108170483}%
\StoreBenchExecResult{Test}{PredicateAnalysis}{Cputime}{Correct}{}{Min}{1.829559535}%
\StoreBenchExecResult{Test}{PredicateAnalysis}{Cputime}{Correct}{}{Max}{2.22954344}%
\StoreBenchExecResult{Test}{PredicateAnalysis}{Cputime}{Correct}{}{Avg}{2.018028413833333333333333333}%
\StoreBenchExecResult{Test}{PredicateAnalysis}{Cputime}{Correct}{}{Median}{2.004100267}%
\StoreBenchExecResult{Test}{PredicateAnalysis}{Cputime}{Correct}{}{Stdev}{0.1549401024430877206854281470}%
\StoreBenchExecResult{Test}{PredicateAnalysis}{Cputime}{Correct}{}{Unit}{s}%
\StoreBenchExecResult{Test}{PredicateAnalysis}{Cputime}{Correct}{True}{Sum}{8.088723595}%
\StoreBenchExecResult{Test}{PredicateAnalysis}{Cputime}{Correct}{True}{Min}{1.850979621}%
\StoreBenchExecResult{Test}{PredicateAnalysis}{Cputime}{Correct}{True}{Max}{2.22954344}%
\StoreBenchExecResult{Test}{PredicateAnalysis}{Cputime}{Correct}{True}{Avg}{2.02218089875}%
\StoreBenchExecResult{Test}{PredicateAnalysis}{Cputime}{Correct}{True}{Median}{2.004100267}%
\StoreBenchExecResult{Test}{PredicateAnalysis}{Cputime}{Correct}{True}{Stdev}{0.1404578462442814306287545612}%
\StoreBenchExecResult{Test}{PredicateAnalysis}{Cputime}{Correct}{True}{Unit}{s}%
\StoreBenchExecResult{Test}{PredicateAnalysis}{Cputime}{Correct}{False}{Sum}{4.019446888}%
\StoreBenchExecResult{Test}{PredicateAnalysis}{Cputime}{Correct}{False}{Min}{1.829559535}%
\StoreBenchExecResult{Test}{PredicateAnalysis}{Cputime}{Correct}{False}{Max}{2.189887353}%
\StoreBenchExecResult{Test}{PredicateAnalysis}{Cputime}{Correct}{False}{Avg}{2.009723444}%
\StoreBenchExecResult{Test}{PredicateAnalysis}{Cputime}{Correct}{False}{Median}{2.009723444}%
\StoreBenchExecResult{Test}{PredicateAnalysis}{Cputime}{Correct}{False}{Stdev}{0.18016390900000}%
\StoreBenchExecResult{Test}{PredicateAnalysis}{Cputime}{Correct}{False}{Unit}{s}%
\StoreBenchExecResult{Test}{PredicateAnalysis}{Cputime}{Wrong}{}{Sum}{4.028072537}%
\StoreBenchExecResult{Test}{PredicateAnalysis}{Cputime}{Wrong}{}{Min}{1.858883109}%
\StoreBenchExecResult{Test}{PredicateAnalysis}{Cputime}{Wrong}{}{Max}{2.169189428}%
\StoreBenchExecResult{Test}{PredicateAnalysis}{Cputime}{Wrong}{}{Avg}{2.0140362685}%
\StoreBenchExecResult{Test}{PredicateAnalysis}{Cputime}{Wrong}{}{Median}{2.0140362685}%
\StoreBenchExecResult{Test}{PredicateAnalysis}{Cputime}{Wrong}{}{Stdev}{0.15515315950000}%
\StoreBenchExecResult{Test}{PredicateAnalysis}{Cputime}{Wrong}{}{Unit}{s}%
\StoreBenchExecResult{Test}{PredicateAnalysis}{Cputime}{Wrong}{True}{Sum}{4.028072537}%
\StoreBenchExecResult{Test}{PredicateAnalysis}{Cputime}{Wrong}{True}{Min}{1.858883109}%
\StoreBenchExecResult{Test}{PredicateAnalysis}{Cputime}{Wrong}{True}{Max}{2.169189428}%
\StoreBenchExecResult{Test}{PredicateAnalysis}{Cputime}{Wrong}{True}{Avg}{2.0140362685}%
\StoreBenchExecResult{Test}{PredicateAnalysis}{Cputime}{Wrong}{True}{Median}{2.0140362685}%
\StoreBenchExecResult{Test}{PredicateAnalysis}{Cputime}{Wrong}{True}{Stdev}{0.15515315950000}%
\StoreBenchExecResult{Test}{PredicateAnalysis}{Cputime}{Wrong}{True}{Unit}{s}%
\StoreBenchExecResult{Test}{PredicateAnalysis}{Walltime}{All}{}{Sum}{20.3871364593505862}%
\StoreBenchExecResult{Test}{PredicateAnalysis}{Walltime}{All}{}{Min}{1.8350000381469727}%
\StoreBenchExecResult{Test}{PredicateAnalysis}{Walltime}{All}{}{Max}{2.2822041511535645}%
\StoreBenchExecResult{Test}{PredicateAnalysis}{Walltime}{All}{}{Avg}{2.03871364593505862}%
\StoreBenchExecResult{Test}{PredicateAnalysis}{Walltime}{All}{}{Median}{2.01199424266815185}%
\StoreBenchExecResult{Test}{PredicateAnalysis}{Walltime}{All}{}{Stdev}{0.1646277520922130439836939014}%
\StoreBenchExecResult{Test}{PredicateAnalysis}{Walltime}{All}{}{Unit}{s}%
\StoreBenchExecResult{Test}{PredicateAnalysis}{Walltime}{Correct}{}{Sum}{12.1519126892089846}%
\StoreBenchExecResult{Test}{PredicateAnalysis}{Walltime}{Correct}{}{Min}{1.8350000381469727}%
\StoreBenchExecResult{Test}{PredicateAnalysis}{Walltime}{Correct}{}{Max}{2.237081289291382}%
\StoreBenchExecResult{Test}{PredicateAnalysis}{Walltime}{Correct}{}{Avg}{2.025318781534830766666666667}%
\StoreBenchExecResult{Test}{PredicateAnalysis}{Walltime}{Correct}{}{Median}{2.01199424266815185}%
\StoreBenchExecResult{Test}{PredicateAnalysis}{Walltime}{Correct}{}{Stdev}{0.1551687640403234846106002617}%
\StoreBenchExecResult{Test}{PredicateAnalysis}{Walltime}{Correct}{}{Unit}{s}%
\StoreBenchExecResult{Test}{PredicateAnalysis}{Walltime}{Correct}{True}{Sum}{8.1200261116027834}%
\StoreBenchExecResult{Test}{PredicateAnalysis}{Walltime}{Correct}{True}{Min}{1.8589563369750977}%
\StoreBenchExecResult{Test}{PredicateAnalysis}{Walltime}{Correct}{True}{Max}{2.237081289291382}%
\StoreBenchExecResult{Test}{PredicateAnalysis}{Walltime}{Correct}{True}{Avg}{2.03000652790069585}%
\StoreBenchExecResult{Test}{PredicateAnalysis}{Walltime}{Correct}{True}{Median}{2.01199424266815185}%
\StoreBenchExecResult{Test}{PredicateAnalysis}{Walltime}{Correct}{True}{Stdev}{0.1402849354839184828568719108}%
\StoreBenchExecResult{Test}{PredicateAnalysis}{Walltime}{Correct}{True}{Unit}{s}%
\StoreBenchExecResult{Test}{PredicateAnalysis}{Walltime}{Correct}{False}{Sum}{4.0318865776062012}%
\StoreBenchExecResult{Test}{PredicateAnalysis}{Walltime}{Correct}{False}{Min}{1.8350000381469727}%
\StoreBenchExecResult{Test}{PredicateAnalysis}{Walltime}{Correct}{False}{Max}{2.1968865394592285}%
\StoreBenchExecResult{Test}{PredicateAnalysis}{Walltime}{Correct}{False}{Avg}{2.0159432888031006}%
\StoreBenchExecResult{Test}{PredicateAnalysis}{Walltime}{Correct}{False}{Median}{2.0159432888031006}%
\StoreBenchExecResult{Test}{PredicateAnalysis}{Walltime}{Correct}{False}{Stdev}{0.1809432506561279000000000000}%
\StoreBenchExecResult{Test}{PredicateAnalysis}{Walltime}{Correct}{False}{Unit}{s}%
\StoreBenchExecResult{Test}{PredicateAnalysis}{Walltime}{Wrong}{}{Sum}{4.0449969768524170}%
\StoreBenchExecResult{Test}{PredicateAnalysis}{Walltime}{Wrong}{}{Min}{1.8666319847106934}%
\StoreBenchExecResult{Test}{PredicateAnalysis}{Walltime}{Wrong}{}{Max}{2.1783649921417236}%
\StoreBenchExecResult{Test}{PredicateAnalysis}{Walltime}{Wrong}{}{Avg}{2.0224984884262085}%
\StoreBenchExecResult{Test}{PredicateAnalysis}{Walltime}{Wrong}{}{Median}{2.0224984884262085}%
\StoreBenchExecResult{Test}{PredicateAnalysis}{Walltime}{Wrong}{}{Stdev}{0.1558665037155151000000000000}%
\StoreBenchExecResult{Test}{PredicateAnalysis}{Walltime}{Wrong}{}{Unit}{s}%
\StoreBenchExecResult{Test}{PredicateAnalysis}{Walltime}{Wrong}{True}{Sum}{4.0449969768524170}%
\StoreBenchExecResult{Test}{PredicateAnalysis}{Walltime}{Wrong}{True}{Min}{1.8666319847106934}%
\StoreBenchExecResult{Test}{PredicateAnalysis}{Walltime}{Wrong}{True}{Max}{2.1783649921417236}%
\StoreBenchExecResult{Test}{PredicateAnalysis}{Walltime}{Wrong}{True}{Avg}{2.0224984884262085}%
\StoreBenchExecResult{Test}{PredicateAnalysis}{Walltime}{Wrong}{True}{Median}{2.0224984884262085}%
\StoreBenchExecResult{Test}{PredicateAnalysis}{Walltime}{Wrong}{True}{Stdev}{0.1558665037155151000000000000}%
\StoreBenchExecResult{Test}{PredicateAnalysis}{Walltime}{Wrong}{True}{Unit}{s}%
\StoreBenchExecResult{Test}{PredicateAnalysis}{Memory}{All}{}{Sum}{1293.590528}%
\StoreBenchExecResult{Test}{PredicateAnalysis}{Memory}{All}{}{Min}{126.312448}%
\StoreBenchExecResult{Test}{PredicateAnalysis}{Memory}{All}{}{Max}{132.337664}%
\StoreBenchExecResult{Test}{PredicateAnalysis}{Memory}{All}{}{Avg}{129.3590528}%
\StoreBenchExecResult{Test}{PredicateAnalysis}{Memory}{All}{}{Median}{129.456128}%
\StoreBenchExecResult{Test}{PredicateAnalysis}{Memory}{All}{}{Stdev}{1.506560695136628074908503029}%
\StoreBenchExecResult{Test}{PredicateAnalysis}{Memory}{All}{}{Unit}{MB}%
\StoreBenchExecResult{Test}{PredicateAnalysis}{Memory}{Correct}{}{Sum}{776.077312}%
\StoreBenchExecResult{Test}{PredicateAnalysis}{Memory}{Correct}{}{Min}{126.312448}%
\StoreBenchExecResult{Test}{PredicateAnalysis}{Memory}{Correct}{}{Max}{132.337664}%
\StoreBenchExecResult{Test}{PredicateAnalysis}{Memory}{Correct}{}{Avg}{129.3462186666666666666666667}%
\StoreBenchExecResult{Test}{PredicateAnalysis}{Memory}{Correct}{}{Median}{129.462272}%
\StoreBenchExecResult{Test}{PredicateAnalysis}{Memory}{Correct}{}{Stdev}{1.800738542239698815614649080}%
\StoreBenchExecResult{Test}{PredicateAnalysis}{Memory}{Correct}{}{Unit}{MB}%
\StoreBenchExecResult{Test}{PredicateAnalysis}{Memory}{Correct}{True}{Sum}{516.993024}%
\StoreBenchExecResult{Test}{PredicateAnalysis}{Memory}{Correct}{True}{Min}{126.312448}%
\StoreBenchExecResult{Test}{PredicateAnalysis}{Memory}{Correct}{True}{Max}{132.337664}%
\StoreBenchExecResult{Test}{PredicateAnalysis}{Memory}{Correct}{True}{Avg}{129.248256}%
\StoreBenchExecResult{Test}{PredicateAnalysis}{Memory}{Correct}{True}{Median}{129.171456}%
\StoreBenchExecResult{Test}{PredicateAnalysis}{Memory}{Correct}{True}{Stdev}{2.178379679493912282486925149}%
\StoreBenchExecResult{Test}{PredicateAnalysis}{Memory}{Correct}{True}{Unit}{MB}%
\StoreBenchExecResult{Test}{PredicateAnalysis}{Memory}{Correct}{False}{Sum}{259.084288}%
\StoreBenchExecResult{Test}{PredicateAnalysis}{Memory}{Correct}{False}{Min}{129.118208}%
\StoreBenchExecResult{Test}{PredicateAnalysis}{Memory}{Correct}{False}{Max}{129.966080}%
\StoreBenchExecResult{Test}{PredicateAnalysis}{Memory}{Correct}{False}{Avg}{129.542144}%
\StoreBenchExecResult{Test}{PredicateAnalysis}{Memory}{Correct}{False}{Median}{129.542144}%
\StoreBenchExecResult{Test}{PredicateAnalysis}{Memory}{Correct}{False}{Stdev}{0.42393600000000}%
\StoreBenchExecResult{Test}{PredicateAnalysis}{Memory}{Correct}{False}{Unit}{MB}%
\StoreBenchExecResult{Test}{PredicateAnalysis}{Memory}{Wrong}{}{Sum}{258.600960}%
\StoreBenchExecResult{Test}{PredicateAnalysis}{Memory}{Wrong}{}{Min}{128.032768}%
\StoreBenchExecResult{Test}{PredicateAnalysis}{Memory}{Wrong}{}{Max}{130.568192}%
\StoreBenchExecResult{Test}{PredicateAnalysis}{Memory}{Wrong}{}{Avg}{129.300480}%
\StoreBenchExecResult{Test}{PredicateAnalysis}{Memory}{Wrong}{}{Median}{129.300480}%
\StoreBenchExecResult{Test}{PredicateAnalysis}{Memory}{Wrong}{}{Stdev}{1.26771200000000}%
\StoreBenchExecResult{Test}{PredicateAnalysis}{Memory}{Wrong}{}{Unit}{MB}%
\StoreBenchExecResult{Test}{PredicateAnalysis}{Memory}{Wrong}{True}{Sum}{258.600960}%
\StoreBenchExecResult{Test}{PredicateAnalysis}{Memory}{Wrong}{True}{Min}{128.032768}%
\StoreBenchExecResult{Test}{PredicateAnalysis}{Memory}{Wrong}{True}{Max}{130.568192}%
\StoreBenchExecResult{Test}{PredicateAnalysis}{Memory}{Wrong}{True}{Avg}{129.300480}%
\StoreBenchExecResult{Test}{PredicateAnalysis}{Memory}{Wrong}{True}{Median}{129.300480}%
\StoreBenchExecResult{Test}{PredicateAnalysis}{Memory}{Wrong}{True}{Stdev}{1.26771200000000}%
\StoreBenchExecResult{Test}{PredicateAnalysis}{Memory}{Wrong}{True}{Unit}{MB}%
\StoreBenchExecResult{Test}{ValueAnalysis}{Status}{All}{}{Score}{0}%
\StoreBenchExecResult{Test}{ValueAnalysis}{Status}{All}{}{Count}{8}%
\StoreBenchExecResult{Test}{ValueAnalysis}{Status}{Correct}{}{Count}{4}%
\StoreBenchExecResult{Test}{ValueAnalysis}{Status}{Correct}{True}{Count}{0}%
\StoreBenchExecResult{Test}{ValueAnalysis}{Status}{Correct}{False}{Count}{4}%
\StoreBenchExecResult{Test}{ValueAnalysis}{Status}{Wrong}{}{Count}{0}%
\StoreBenchExecResult{Test}{ValueAnalysis}{Status}{Wrong}{True}{Count}{0}%
\StoreBenchExecResult{Test}{ValueAnalysis}{Status}{Wrong}{False}{Count}{0}%
\StoreBenchExecResult{Test}{ValueAnalysis}{Cputime}{All}{}{Sum}{15.698636248}%
\StoreBenchExecResult{Test}{ValueAnalysis}{Cputime}{All}{}{Min}{1.748258151}%
\StoreBenchExecResult{Test}{ValueAnalysis}{Cputime}{All}{}{Max}{2.203966561}%
\StoreBenchExecResult{Test}{ValueAnalysis}{Cputime}{All}{}{Avg}{1.962329531}%
\StoreBenchExecResult{Test}{ValueAnalysis}{Cputime}{All}{}{Median}{1.920261618}%
\StoreBenchExecResult{Test}{ValueAnalysis}{Cputime}{All}{}{Stdev}{0.1708747857260722309696515943}%
\StoreBenchExecResult{Test}{ValueAnalysis}{Cputime}{All}{}{Unit}{s}%
\StoreBenchExecResult{Test}{ValueAnalysis}{Cputime}{Correct}{}{Sum}{7.915742152}%
\StoreBenchExecResult{Test}{ValueAnalysis}{Cputime}{Correct}{}{Min}{1.816985346}%
\StoreBenchExecResult{Test}{ValueAnalysis}{Cputime}{Correct}{}{Max}{2.159436775}%
\StoreBenchExecResult{Test}{ValueAnalysis}{Cputime}{Correct}{}{Avg}{1.978935538}%
\StoreBenchExecResult{Test}{ValueAnalysis}{Cputime}{Correct}{}{Median}{1.9696600155}%
\StoreBenchExecResult{Test}{ValueAnalysis}{Cputime}{Correct}{}{Stdev}{0.1601313805582409306294839380}%
\StoreBenchExecResult{Test}{ValueAnalysis}{Cputime}{Correct}{}{Unit}{s}%
\StoreBenchExecResult{Test}{ValueAnalysis}{Cputime}{Correct}{False}{Sum}{7.915742152}%
\StoreBenchExecResult{Test}{ValueAnalysis}{Cputime}{Correct}{False}{Min}{1.816985346}%
\StoreBenchExecResult{Test}{ValueAnalysis}{Cputime}{Correct}{False}{Max}{2.159436775}%
\StoreBenchExecResult{Test}{ValueAnalysis}{Cputime}{Correct}{False}{Avg}{1.978935538}%
\StoreBenchExecResult{Test}{ValueAnalysis}{Cputime}{Correct}{False}{Median}{1.9696600155}%
\StoreBenchExecResult{Test}{ValueAnalysis}{Cputime}{Correct}{False}{Stdev}{0.1601313805582409306294839380}%
\StoreBenchExecResult{Test}{ValueAnalysis}{Cputime}{Correct}{False}{Unit}{s}%
\StoreBenchExecResult{Test}{ValueAnalysis}{Walltime}{All}{}{Sum}{15.7654130458831786}%
\StoreBenchExecResult{Test}{ValueAnalysis}{Walltime}{All}{}{Min}{1.7559239864349365}%
\StoreBenchExecResult{Test}{ValueAnalysis}{Walltime}{All}{}{Max}{2.2127082347869873}%
\StoreBenchExecResult{Test}{ValueAnalysis}{Walltime}{All}{}{Avg}{1.970676630735397325}%
\StoreBenchExecResult{Test}{ValueAnalysis}{Walltime}{All}{}{Median}{1.9286651611328125}%
\StoreBenchExecResult{Test}{ValueAnalysis}{Walltime}{All}{}{Stdev}{0.1715200750376952598544187690}%
\StoreBenchExecResult{Test}{ValueAnalysis}{Walltime}{All}{}{Unit}{s}%
\StoreBenchExecResult{Test}{ValueAnalysis}{Walltime}{Correct}{}{Sum}{7.9499464035034179}%
\StoreBenchExecResult{Test}{ValueAnalysis}{Walltime}{Correct}{}{Min}{1.8248498439788818}%
\StoreBenchExecResult{Test}{ValueAnalysis}{Walltime}{Correct}{}{Max}{2.1679935455322266}%
\StoreBenchExecResult{Test}{ValueAnalysis}{Walltime}{Correct}{}{Avg}{1.987486600875854475}%
\StoreBenchExecResult{Test}{ValueAnalysis}{Walltime}{Correct}{}{Median}{1.97855150699615475}%
\StoreBenchExecResult{Test}{ValueAnalysis}{Walltime}{Correct}{}{Stdev}{0.1607847560702304745309698148}%
\StoreBenchExecResult{Test}{ValueAnalysis}{Walltime}{Correct}{}{Unit}{s}%
\StoreBenchExecResult{Test}{ValueAnalysis}{Walltime}{Correct}{False}{Sum}{7.9499464035034179}%
\StoreBenchExecResult{Test}{ValueAnalysis}{Walltime}{Correct}{False}{Min}{1.8248498439788818}%
\StoreBenchExecResult{Test}{ValueAnalysis}{Walltime}{Correct}{False}{Max}{2.1679935455322266}%
\StoreBenchExecResult{Test}{ValueAnalysis}{Walltime}{Correct}{False}{Avg}{1.987486600875854475}%
\StoreBenchExecResult{Test}{ValueAnalysis}{Walltime}{Correct}{False}{Median}{1.97855150699615475}%
\StoreBenchExecResult{Test}{ValueAnalysis}{Walltime}{Correct}{False}{Stdev}{0.1607847560702304745309698148}%
\StoreBenchExecResult{Test}{ValueAnalysis}{Walltime}{Correct}{False}{Unit}{s}%
\StoreBenchExecResult{Test}{ValueAnalysis}{Memory}{All}{}{Sum}{1036.898304}%
\StoreBenchExecResult{Test}{ValueAnalysis}{Memory}{All}{}{Min}{122.847232}%
\StoreBenchExecResult{Test}{ValueAnalysis}{Memory}{All}{}{Max}{133.574656}%
\StoreBenchExecResult{Test}{ValueAnalysis}{Memory}{All}{}{Avg}{129.612288}%
\StoreBenchExecResult{Test}{ValueAnalysis}{Memory}{All}{}{Median}{130.891776}%
\StoreBenchExecResult{Test}{ValueAnalysis}{Memory}{All}{}{Stdev}{3.185936980910953298136199180}%
\StoreBenchExecResult{Test}{ValueAnalysis}{Memory}{All}{}{Unit}{MB}%
\StoreBenchExecResult{Test}{ValueAnalysis}{Memory}{Correct}{}{Sum}{526.770176}%
\StoreBenchExecResult{Test}{ValueAnalysis}{Memory}{Correct}{}{Min}{131.006464}%
\StoreBenchExecResult{Test}{ValueAnalysis}{Memory}{Correct}{}{Max}{133.574656}%
\StoreBenchExecResult{Test}{ValueAnalysis}{Memory}{Correct}{}{Avg}{131.692544}%
\StoreBenchExecResult{Test}{ValueAnalysis}{Memory}{Correct}{}{Median}{131.094528}%
\StoreBenchExecResult{Test}{ValueAnalysis}{Memory}{Correct}{}{Stdev}{1.087349143677411464397095546}%
\StoreBenchExecResult{Test}{ValueAnalysis}{Memory}{Correct}{}{Unit}{MB}%
\StoreBenchExecResult{Test}{ValueAnalysis}{Memory}{Correct}{False}{Sum}{526.770176}%
\StoreBenchExecResult{Test}{ValueAnalysis}{Memory}{Correct}{False}{Min}{131.006464}%
\StoreBenchExecResult{Test}{ValueAnalysis}{Memory}{Correct}{False}{Max}{133.574656}%
\StoreBenchExecResult{Test}{ValueAnalysis}{Memory}{Correct}{False}{Avg}{131.692544}%
\StoreBenchExecResult{Test}{ValueAnalysis}{Memory}{Correct}{False}{Median}{131.094528}%
\StoreBenchExecResult{Test}{ValueAnalysis}{Memory}{Correct}{False}{Stdev}{1.087349143677411464397095546}%
\StoreBenchExecResult{Test}{ValueAnalysis}{Memory}{Correct}{False}{Unit}{MB}%