% Statistics produced by BenchExec, more information at
% https://github.com/sosy-lab/benchexec/blob/main/doc/table-generator.md
% By default, this file defines a LaTeX command for each statistics value
% where the command name consists of the following concatenated parts:
% benchmark name, runset name, column title, category, status, statistic.
% (If necessary, this can be overridden with
% \newcommand\StoreBenchExecResult[7]{...} before including this file.)
% Numbers are replaced by roman numerals, all parts of the name are in camel case,
% and if necessary for uniqueness a counter is appended to the non-unique name part.
% The last part of the name is either "Count", "Sum", "Min", "Max", "Avg", "Median",
% "Stdev", "Score", or "Unit", with the latter providing the unit for the others.
% Rounding of values can be specified in the BenchExec table definition or done with
% \usepackage[round-mode=figures, round-precision=...]{siunitx} and the \num command.
% Arguments: benchmark name, runset name, column title, category, status, statistic, value
\providecommand\StoreBenchExecResult[7]{\expandafter\newcommand\csname#1#2#3#4#5#6\endcsname{#7}}%
\StoreBenchExecResult{Test}{ValueAnalysis}{Status}{All}{}{Score}{0}%
\StoreBenchExecResult{Test}{ValueAnalysis}{Status}{All}{}{Count}{4}%
\StoreBenchExecResult{Test}{ValueAnalysis}{Status}{Correct}{}{Count}{2}%
\StoreBenchExecResult{Test}{ValueAnalysis}{Status}{Correct}{True}{Count}{0}%
\StoreBenchExecResult{Test}{ValueAnalysis}{Status}{Correct}{False}{Count}{2}%
\StoreBenchExecResult{Test}{ValueAnalysis}{Status}{Wrong}{}{Count}{0}%
\StoreBenchExecResult{Test}{ValueAnalysis}{Status}{Wrong}{True}{Count}{0}%
\StoreBenchExecResult{Test}{ValueAnalysis}{Status}{Wrong}{False}{Count}{0}%
\StoreBenchExecResult{Test}{ValueAnalysis}{Cputime}{All}{}{Sum}{8.499181053}%
\StoreBenchExecResult{Test}{ValueAnalysis}{Cputime}{All}{}{Min}{2.018490461}%
\StoreBenchExecResult{Test}{ValueAnalysis}{Cputime}{All}{}{Max}{2.203966561}%
\StoreBenchExecResult{Test}{ValueAnalysis}{Cputime}{All}{}{Avg}{2.12479526325}%
\StoreBenchExecResult{Test}{ValueAnalysis}{Cputime}{All}{}{Median}{2.1383620155}%
\StoreBenchExecResult{Test}{ValueAnalysis}{Cputime}{All}{}{Stdev}{0.06860249608801089525776206682}%
\StoreBenchExecResult{Test}{ValueAnalysis}{Cputime}{All}{}{Unit}{s}%
\StoreBenchExecResult{Test}{ValueAnalysis}{Cputime}{Correct}{}{Sum}{4.276724031}%
\StoreBenchExecResult{Test}{ValueAnalysis}{Cputime}{Correct}{}{Min}{2.117287256}%
\StoreBenchExecResult{Test}{ValueAnalysis}{Cputime}{Correct}{}{Max}{2.159436775}%
\StoreBenchExecResult{Test}{ValueAnalysis}{Cputime}{Correct}{}{Avg}{2.1383620155}%
\StoreBenchExecResult{Test}{ValueAnalysis}{Cputime}{Correct}{}{Median}{2.1383620155}%
\StoreBenchExecResult{Test}{ValueAnalysis}{Cputime}{Correct}{}{Stdev}{0.02107475950000}%
\StoreBenchExecResult{Test}{ValueAnalysis}{Cputime}{Correct}{}{Unit}{s}%
\StoreBenchExecResult{Test}{ValueAnalysis}{Cputime}{Correct}{False}{Sum}{4.276724031}%
\StoreBenchExecResult{Test}{ValueAnalysis}{Cputime}{Correct}{False}{Min}{2.117287256}%
\StoreBenchExecResult{Test}{ValueAnalysis}{Cputime}{Correct}{False}{Max}{2.159436775}%
\StoreBenchExecResult{Test}{ValueAnalysis}{Cputime}{Correct}{False}{Avg}{2.1383620155}%
\StoreBenchExecResult{Test}{ValueAnalysis}{Cputime}{Correct}{False}{Median}{2.1383620155}%
\StoreBenchExecResult{Test}{ValueAnalysis}{Cputime}{Correct}{False}{Stdev}{0.02107475950000}%
\StoreBenchExecResult{Test}{ValueAnalysis}{Cputime}{Correct}{False}{Unit}{s}%
\StoreBenchExecResult{Test}{ValueAnalysis}{Walltime}{All}{}{Sum}{8.5353999137878418}%
\StoreBenchExecResult{Test}{ValueAnalysis}{Walltime}{All}{}{Min}{2.0274627208709717}%
\StoreBenchExecResult{Test}{ValueAnalysis}{Walltime}{All}{}{Max}{2.2127082347869873}%
\StoreBenchExecResult{Test}{ValueAnalysis}{Walltime}{All}{}{Avg}{2.13384997844696045}%
\StoreBenchExecResult{Test}{ValueAnalysis}{Walltime}{All}{}{Median}{2.1476144790649414}%
\StoreBenchExecResult{Test}{ValueAnalysis}{Walltime}{All}{}{Stdev}{0.06845876281055992878333278884}%
\StoreBenchExecResult{Test}{ValueAnalysis}{Walltime}{All}{}{Unit}{s}%
\StoreBenchExecResult{Test}{ValueAnalysis}{Walltime}{Correct}{}{Sum}{4.2952289581298828}%
\StoreBenchExecResult{Test}{ValueAnalysis}{Walltime}{Correct}{}{Min}{2.1272354125976562}%
\StoreBenchExecResult{Test}{ValueAnalysis}{Walltime}{Correct}{}{Max}{2.1679935455322266}%
\StoreBenchExecResult{Test}{ValueAnalysis}{Walltime}{Correct}{}{Avg}{2.1476144790649414}%
\StoreBenchExecResult{Test}{ValueAnalysis}{Walltime}{Correct}{}{Median}{2.1476144790649414}%
\StoreBenchExecResult{Test}{ValueAnalysis}{Walltime}{Correct}{}{Stdev}{0.02037906646728520000000000000}%
\StoreBenchExecResult{Test}{ValueAnalysis}{Walltime}{Correct}{}{Unit}{s}%
\StoreBenchExecResult{Test}{ValueAnalysis}{Walltime}{Correct}{False}{Sum}{4.2952289581298828}%
\StoreBenchExecResult{Test}{ValueAnalysis}{Walltime}{Correct}{False}{Min}{2.1272354125976562}%
\StoreBenchExecResult{Test}{ValueAnalysis}{Walltime}{Correct}{False}{Max}{2.1679935455322266}%
\StoreBenchExecResult{Test}{ValueAnalysis}{Walltime}{Correct}{False}{Avg}{2.1476144790649414}%
\StoreBenchExecResult{Test}{ValueAnalysis}{Walltime}{Correct}{False}{Median}{2.1476144790649414}%
\StoreBenchExecResult{Test}{ValueAnalysis}{Walltime}{Correct}{False}{Stdev}{0.02037906646728520000000000000}%
\StoreBenchExecResult{Test}{ValueAnalysis}{Walltime}{Correct}{False}{Unit}{s}%
\StoreBenchExecResult{Test}{ValueAnalysis}{Memory}{All}{}{Sum}{521.195520}%
\StoreBenchExecResult{Test}{ValueAnalysis}{Memory}{All}{}{Min}{126.210048}%
\StoreBenchExecResult{Test}{ValueAnalysis}{Memory}{All}{}{Max}{133.574656}%
\StoreBenchExecResult{Test}{ValueAnalysis}{Memory}{All}{}{Avg}{130.298880}%
\StoreBenchExecResult{Test}{ValueAnalysis}{Memory}{All}{}{Median}{130.705408}%
\StoreBenchExecResult{Test}{ValueAnalysis}{Memory}{All}{}{Stdev}{2.651353131316913054555230070}%
\StoreBenchExecResult{Test}{ValueAnalysis}{Memory}{All}{}{Unit}{MB}%
\StoreBenchExecResult{Test}{ValueAnalysis}{Memory}{Correct}{}{Sum}{264.691712}%
\StoreBenchExecResult{Test}{ValueAnalysis}{Memory}{Correct}{}{Min}{131.117056}%
\StoreBenchExecResult{Test}{ValueAnalysis}{Memory}{Correct}{}{Max}{133.574656}%
\StoreBenchExecResult{Test}{ValueAnalysis}{Memory}{Correct}{}{Avg}{132.345856}%
\StoreBenchExecResult{Test}{ValueAnalysis}{Memory}{Correct}{}{Median}{132.345856}%
\StoreBenchExecResult{Test}{ValueAnalysis}{Memory}{Correct}{}{Stdev}{1.22880000000000}%
\StoreBenchExecResult{Test}{ValueAnalysis}{Memory}{Correct}{}{Unit}{MB}%
\StoreBenchExecResult{Test}{ValueAnalysis}{Memory}{Correct}{False}{Sum}{264.691712}%
\StoreBenchExecResult{Test}{ValueAnalysis}{Memory}{Correct}{False}{Min}{131.117056}%
\StoreBenchExecResult{Test}{ValueAnalysis}{Memory}{Correct}{False}{Max}{133.574656}%
\StoreBenchExecResult{Test}{ValueAnalysis}{Memory}{Correct}{False}{Avg}{132.345856}%
\StoreBenchExecResult{Test}{ValueAnalysis}{Memory}{Correct}{False}{Median}{132.345856}%
\StoreBenchExecResult{Test}{ValueAnalysis}{Memory}{Correct}{False}{Stdev}{1.22880000000000}%
\StoreBenchExecResult{Test}{ValueAnalysis}{Memory}{Correct}{False}{Unit}{MB}%