<?xml version="1.0" encoding="utf-8"?>
<!DOCTYPE result
  PUBLIC '+//IDN sosy-lab.org//DTD BenchExec result 1.9//EN'
  'https://www.sosy-lab.org/benchexec/result-1.9.dtd'>
<result benchmarkname="benchmark-example-true" date="2015-01-01 00:00:00 " generator="BenchExec 1.17-dev" name="no options" options="true" tool="DummyTool" toolmodule="benchexec.tools.dummy" version="">
  <columns>
    <column title="status"/>
    <column title="cputime"/>
    <column title="walltime"/>
  </columns>
  <systeminfo hostname="t460p">
    <os name="Linux-4.15.0-38-generic-x86_64-with-Ubuntu-18.04-bionic"/>
    <cpu cores="4" frequency="3500000000" model="Intel Core i5-6440HQ CPU @ 2.60GHz" turboboostActive="true"/>
    <ram size="33590341632"/>
    <environment>
      <var name="AUTOJUMP_ERROR_PATH">/home/wendler/.local/share/autojump/errors.log</var>
      <var name="AUTOJUMP_SOURCED">1</var>
      <var name="CLUTTER_IM_MODULE">xim</var>
      <var name="COLORTERM">truecolor</var>
      <var name="COMPIZ_BIN_PATH">/usr/bin/</var>
      <var name="COMPIZ_CONFIG_PROFILE">ubuntu</var>
      <var name="DBUS_SESSION_BUS_ADDRESS">unix:path=/run/user/1000/bus</var>
      <var name="DEBEMAIL">debian@philippwendler.de</var>
      <var name="DEBFULLNAME">Philipp Wendler</var>
      <var name="DEFAULTS_PATH">/usr/share/gconf/unity.default.path</var>
      <var name="DESKTOP_SESSION">unity</var>
      <var name="DISPLAY">:0</var>
      <var name="FIGNORE">.svn:.o:.pyc:.aux</var>
      <var name="GDMSESSION">unity</var>
      <var name="GIT_BRANCH">yaml</var>
      <var name="GNOME_DESKTOP_SESSION_ID">this-is-deprecated</var>
      <var name="GNOME_SESSION_XDG_SESSION_PATH"/>
      <var name="GNOME_TERMINAL_SCREEN">/org/gnome/Terminal/screen/08dac823_9d7f_4191_b540_1b90fce4c35f</var>
      <var name="GNOME_TERMINAL_SERVICE">:1.84</var>
      <var name="GPG_AGENT_INFO">/run/user/1000/gnupg/S.gpg-agent:0:1</var>
      <var name="GTK2_MODULES">overlay-scrollbar</var>
      <var name="GTK_CSD">0</var>
      <var name="GTK_IM_MODULE">ibus</var>
      <var name="GTK_MODULES">gail:atk-bridge:unity-gtk-module</var>
      <var name="IM_CONFIG_PHASE">2</var>
      <var name="INVOCATION_ID">89a4ab4e9c5c498ab3e7078595d6e1c1</var>
      <var name="JOURNAL_STREAM">9:37229</var>
      <var name="LANG">de_DE.UTF-8</var>
      <var name="LD_PRELOAD">libgtk3-nocsd.so.0</var>
      <var name="LESSCLOSE">/usr/bin/lesspipe %s %s</var>
      <var name="LESSOPEN">| /usr/bin/lesspipe %s</var>
      <var name="LOGNAME">wendler</var>
      <var name="LS_COLORS">no=00:fi=00:di=36:ow=34;47:ln=35:pi=30;44:so=35;44:do=35;44:bd=33;44:cd=37;44:or=05;37;41:mi=05;37;41:ex=01;31:*.cmd=01;31:*.exe=01;31:*.com=01;31:*.bat=01;31:*.reg=01;31:*.app=01;31:*.txt=32:*.org=32:*.md=32:*.mkd=32:*.h=32:*.hpp=32:*.c=32:*.C=32:*.cc=32:*.cpp=32:*.cxx=32:*.objc=32:*.cl=32:*.sh=32:*.bash=32:*.csh=32:*.zsh=32:*.el=32:*.vim=32:*.java=32:*.pl=32:*.pm=32:*.py=32:*.rb=32:*.hs=32:*.php=32:*.htm=32:*.html=32:*.shtml=32:*.erb=32:*.haml=32:*.xml=32:*.rdf=32:*.css=32:*.sass=32:*.scss=32:*.less=32:*.js=32:*.coffee=32:*.man=32:*.0=32:*.1=32:*.2=32:*.3=32:*.4=32:*.5=32:*.6=32:*.7=32:*.8=32:*.9=32:*.l=32:*.n=32:*.p=32:*.pod=32:*.tex=32:*.go=32:*.sql=32:*.csv=32:*.bmp=33:*.cgm=33:*.dl=33:*.dvi=33:*.emf=33:*.eps=33:*.gif=33:*.jpeg=33:*.jpg=33:*.JPG=33:*.mng=33:*.pbm=33:*.pcx=33:*.pdf=33:*.pgm=33:*.png=33:*.PNG=33:*.ppm=33:*.pps=33:*.ppsx=33:*.ps=33:*.svg=33:*.svgz=33:*.tga=33:*.tif=33:*.tiff=33:*.xbm=33:*.xcf=33:*.xpm=33:*.xwd=33:*.xwd=33:*.yuv=33:*.aac=33:*.au=33:*.flac=33:*.m4a=33:*.mid=33:*.midi=33:*.mka=33:*.mp3=33:*.mpa=33:*.mpeg=33:*.mpg=33:*.ogg=33:*.opus=33:*.ra=33:*.wav=33:*.anx=33:*.asf=33:*.avi=33:*.axv=33:*.flc=33:*.fli=33:*.flv=33:*.gl=33:*.m2v=33:*.m4v=33:*.mkv=33:*.mov=33:*.MOV=33:*.mp4=33:*.mp4v=33:*.mpeg=33:*.mpg=33:*.nuv=33:*.ogm=33:*.ogv=33:*.ogx=33:*.qt=33:*.rm=33:*.rmvb=33:*.swf=33:*.vob=33:*.webm=33:*.wmv=33:*.doc=31:*.docx=31:*.rtf=31:*.odt=31:*.dot=31:*.dotx=31:*.ott=31:*.xls=31:*.xlsx=31:*.ods=31:*.ots=31:*.ppt=31:*.pptx=31:*.odp=31:*.otp=31:*.fla=31:*.psd=31:*.7z=1;35:*.apk=1;35:*.arj=1;35:*.bin=1;35:*.bz=1;35:*.bz2=1;35:*.cab=1;35:*.deb=1;35:*.dmg=1;35:*.gem=1;35:*.gz=1;35:*.iso=1;35:*.jar=1;35:*.msi=1;35:*.rar=1;35:*.rpm=1;35:*.tar=1;35:*.tbz=1;35:*.tbz2=1;35:*.tgz=1;35:*.tx=1;35:*.war=1;35:*.xpi=1;35:*.xz=1;35:*.z=1;35:*.Z=1;35:*.zip=1;35:*.ANSI-30-black=30:*.ANSI-01;30-brblack=01;30:*.ANSI-31-red=31:*.ANSI-01;31-brred=01;31:*.ANSI-32-green=32:*.ANSI-01;32-brgreen=01;32:*.ANSI-33-yellow=33:*.ANSI-01;33-bryellow=01;33:*.ANSI-34-blue=34:*.ANSI-01;34-brblue=01;34:*.ANSI-35-magenta=35:*.ANSI-01;35-brmagenta=01;35:*.ANSI-36-cyan=36:*.ANSI-01;36-brcyan=01;36:*.ANSI-37-white=37:*.ANSI-01;37-brwhite=01;37:*.log=01;34:*~=01;34:*#=01;34:*.bak=01;36:*.BAK=01;36:*.old=01;36:*.OLD=01;36:*.org_archive=01;36:*.off=01;36:*.OFF=01;36:*.dist=01;36:*.DIST=01;36:*.orig=01;36:*.ORIG=01;36:*.swp=01;36:*.swo=01;36:*,v=01;36:*.gpg=34:*.gpg=34:*.pgp=34:*.asc=34:*.3des=34:*.aes=34:*.enc=34:*.sqlite=34:</var>
      <var name="MANAGERPID">2024</var>
      <var name="MANDATORY_PATH">/usr/share/gconf/unity.mandatory.path</var>
      <var name="OLDPWD">/home/wendler</var>
      <var name="PATH">/home/wendler/venv/benchexec-src/bin:/home/wendler/bin:/home/wendler/.local/bin:/home/wendler/bin:/home/wendler/.local/bin:/usr/local/sbin:/usr/local/bin:/usr/sbin:/usr/bin:/sbin:/bin:/usr/games:/usr/local/games:/snap/bin</var>
      <var name="PLAT">linux-x86_64</var>
      <var name="PROMPT_COMMAND">setLastCommandState;history -a;setGitPrompt ; autojump_add_to_database</var>
      <var name="PS1">(\[\033[0;34m\]benchexec-src\[\033[0;0m\]) \[\033[0;31m\]✘ \[\033[0;0m\] \[\033[0;33m\]\w\[\033k${debian_chroot:+($debian_chroot)}\u@\h:\w\033\\\] \[\033[0;36m\][\[\033[0;35m\]${GIT_BRANCH}\[\033[0;0m\]|\[\033[0;33m\]● 1\[\033[0;0m\]\[\033[0;34m\]✚ 3\[\033[0;0m\]\[\033[0;36m\]… 3\[\033[0;0m\]\[\033[1;35m\]⚑ 3\[\033[0;0m\]\[\033[0;0m\]\[\033[0;36m\]]\n\[\033[0;34m\]\u\[\033[0;37m\]@\[\033[1;34m\]\h \[\033[1;31m\] ➤ \[\033[0;0m\] </var>
      <var name="PWD">/home/wendler/git/benchexec</var>
      <var name="PYTHONSTARTUP">/home/wendler/.pythonstartup</var>
      <var name="QT4_IM_MODULE">xim</var>
      <var name="QT_ACCESSIBILITY">1</var>
      <var name="QT_IM_MODULE">ibus</var>
      <var name="QT_QPA_PLATFORMTHEME">appmenu-qt5</var>
      <var name="SESSION_MANAGER">local/t460p:@/tmp/.ICE-unix/2273,unix/t460p:/tmp/.ICE-unix/2273</var>
      <var name="SHELL">/bin/bash</var>
      <var name="SHLVL">3</var>
      <var name="SSH_AGENT_LAUNCHER">openssh</var>
      <var name="SSH_AUTH_SOCK">/run/user/1000/openssh_agent</var>
      <var name="S_COLORS">auto</var>
      <var name="TERM">screen-256color</var>
      <var name="TEXMFCNF">/home/wendler/.texmf-config/web2c:</var>
      <var name="TEXTDOMAIN">im-config</var>
      <var name="TEXTDOMAINDIR">/usr/share/locale/</var>
      <var name="TMUX">/tmp/tmux-1000/default,2727,0</var>
      <var name="TMUX_PANE">%2</var>
      <var name="UNITY_DEFAULT_PROFILE">unity</var>
      <var name="UNITY_HAS_3D_SUPPORT">true</var>
      <var name="USER">wendler</var>
      <var name="USERNAME">wendler</var>
      <var name="VIRTUAL_ENV">/home/wendler/venv/benchexec-src</var>
      <var name="VTE_VERSION">5202</var>
      <var name="WINDOWPATH">2</var>
      <var name="XAUTHORITY">/run/user/1000/gdm/Xauthority</var>
      <var name="XDG_CONFIG_DIRS">/etc/xdg/xdg-unity:/etc/xdg</var>
      <var name="XDG_CURRENT_DESKTOP">Unity:Unity7:ubuntu</var>
      <var name="XDG_DATA_DIRS">/usr/share/unity:/usr/local/share:/usr/share:/var/lib/snapd/desktop</var>
      <var name="XDG_MENU_PREFIX">gnome-</var>
      <var name="XDG_RUNTIME_DIR">/run/user/1000</var>
      <var name="XDG_SESSION_DESKTOP">unity</var>
      <var name="XDG_SESSION_TYPE">x11</var>
      <var name="XMODIFIERS">@im=ibus</var>
      <var name="_">/home/wendler/venv/benchexec-src/bin/python</var>
      <var name="__GIT_PROMPT_IGNORE_STASH"/>
      <var name="__GIT_PROMPT_SHOW_CHANGED_FILES_COUNT">1</var>
      <var name="__GIT_PROMPT_SHOW_UNTRACKED_FILES">normal</var>
      <var name="__GIT_PROMPT_SHOW_UPSTREAM"/>
    </environment>
  </systeminfo>
  <run files="[../../../doc/benchmark.dtd]" name="../../../doc/benchmark.dtd">
    <column title="cpuenergy" value="0.019531J"/>
    <column title="cputime" value="0.004024949s"/>
    <column title="memUsage" value="311296"/>
    <column title="status" value="true"/>
    <column title="walltime" value="0.009133686995483004s"/>
    <column hidden="true" title="category" value="missing"/>
    <column hidden="true" title="cpuenergy-pkg0" value="0.019531J"/>
    <column hidden="true" title="cpuenergy-pkg0-core" value="0.015381J"/>
    <column hidden="true" title="cpuenergy-pkg0-dram" value="0.002075J"/>
    <column hidden="true" title="cpuenergy-pkg0-psys" value="0.033875J"/>
    <column hidden="true" title="cputime-cpu0" value="0.002960484s"/>
    <column hidden="true" title="cputime-cpu1" value="0.001064465s"/>
    <column hidden="true" title="exitcode" value="0"/>
    <column hidden="true" title="returnvalue" value="0"/>
  </run>
  <run files="[../../../doc/result.dtd]" name="../../../doc/result.dtd">
    <column title="cpuenergy" value="0.009155J"/>
    <column title="cputime" value="0.006003528s"/>
    <column title="memUsage" value="286720"/>
    <column title="status" value="true"/>
    <column title="walltime" value="0.023429798005963676s"/>
    <column hidden="true" title="category" value="missing"/>
    <column hidden="true" title="cpuenergy-pkg0" value="0.009155J"/>
    <column hidden="true" title="cpuenergy-pkg0-core" value="0.003235J"/>
    <column hidden="true" title="cpuenergy-pkg0-psys" value="0.017761J"/>
    <column hidden="true" title="cputime-cpu0" value="0.004870479s"/>
    <column hidden="true" title="cputime-cpu2" value="0.001133049s"/>
    <column hidden="true" title="exitcode" value="0"/>
    <column hidden="true" title="returnvalue" value="0"/>
  </run>
  <run files="[../../../doc/table.dtd]" name="../../../doc/table.dtd">
    <column title="cpuenergy" value="0.005188J"/>
    <column title="cputime" value="0.005029211s"/>
    <column title="memUsage" value="385024"/>
    <column title="status" value="true"/>
    <column title="walltime" value="0.017648667009780183s"/>
    <column hidden="true" title="category" value="missing"/>
    <column hidden="true" title="cpuenergy-pkg0" value="0.005188J"/>
    <column hidden="true" title="cpuenergy-pkg0-core" value="0.002197J"/>
    <column hidden="true" title="cpuenergy-pkg0-dram" value="0.003662J"/>
    <column hidden="true" title="cpuenergy-pkg0-psys" value="0.043152J"/>
    <column hidden="true" title="cputime-cpu2" value="0.005029211s"/>
    <column hidden="true" title="exitcode" value="0"/>
    <column hidden="true" title="returnvalue" value="0"/>
  </run>
  <run files="[../../../doc/DEVELOPMENT.md]" name="../../../doc/DEVELOPMENT.md">
    <column title="cpuenergy" value="0.004761J"/>
    <column title="cputime" value="0.003491145s"/>
    <column title="memUsage" value="385024"/>
    <column title="status" value="true"/>
    <column title="walltime" value="0.010809354003868066s"/>
    <column hidden="true" title="category" value="missing"/>
    <column hidden="true" title="cpuenergy-pkg0" value="0.004761J"/>
    <column hidden="true" title="cpuenergy-pkg0-core" value="0.002930J"/>
    <column hidden="true" title="cpuenergy-pkg0-dram" value="0.002563J"/>
    <column hidden="true" title="cpuenergy-pkg0-psys" value="0.047974J"/>
    <column hidden="true" title="cputime-cpu2" value="0.003491145s"/>
    <column hidden="true" title="exitcode" value="0"/>
    <column hidden="true" title="returnvalue" value="0"/>
  </run>
  <run files="[../../../doc/INDEX.md]" name="../../../doc/INDEX.md">
    <column title="cpuenergy" value="0.006775J"/>
    <column title="cputime" value="0.004977294s"/>
    <column title="memUsage" value="385024"/>
    <column title="status" value="true"/>
    <column title="walltime" value="0.01735964699764736s"/>
    <column hidden="true" title="category" value="missing"/>
    <column hidden="true" title="cpuenergy-pkg0" value="0.006775J"/>
    <column hidden="true" title="cpuenergy-pkg0-core" value="0.003723J"/>
    <column hidden="true" title="cpuenergy-pkg0-dram" value="0.003723J"/>
    <column hidden="true" title="cpuenergy-pkg0-psys" value="0.042053J"/>
    <column hidden="true" title="cputime-cpu1" value="0.004977294s"/>
    <column hidden="true" title="exitcode" value="0"/>
    <column hidden="true" title="returnvalue" value="0"/>
  </run>
  <run files="[../../../doc/INSTALL.md]" name="../../../doc/INSTALL.md">
    <column title="cpuenergy" value="0.003662J"/>
    <column title="cputime" value="0.004280512s"/>
    <column title="memUsage" value="385024"/>
    <column title="status" value="true"/>
    <column title="walltime" value="0.015835462007089518s"/>
    <column hidden="true" title="category" value="missing"/>
    <column hidden="true" title="cpuenergy-pkg0" value="0.003662J"/>
    <column hidden="true" title="cpuenergy-pkg0-core" value="0.000793J"/>
    <column hidden="true" title="cpuenergy-pkg0-dram" value="0.002197J"/>
    <column hidden="true" title="cpuenergy-pkg0-psys" value="0.027344J"/>
    <column hidden="true" title="cputime-cpu2" value="0.004280512s"/>
    <column hidden="true" title="exitcode" value="0"/>
    <column hidden="true" title="returnvalue" value="0"/>
  </run>
  <run files="[../../../doc/benchexec.md]" name="../../../doc/benchexec.md">
    <column title="cpuenergy" value="0.006104J"/>
    <column title="cputime" value="0.004989257s"/>
    <column title="memUsage" value="385024"/>
    <column title="status" value="true"/>
    <column title="walltime" value="0.010751882000477053s"/>
    <column hidden="true" title="category" value="missing"/>
    <column hidden="true" title="cpuenergy-pkg0" value="0.006104J"/>
    <column hidden="true" title="cpuenergy-pkg0-core" value="0.003418J"/>
    <column hidden="true" title="cpuenergy-pkg0-dram" value="0.003906J"/>
    <column hidden="true" title="cpuenergy-pkg0-psys" value="0.045776J"/>
    <column hidden="true" title="cputime-cpu1" value="0.004989257s"/>
    <column hidden="true" title="exitcode" value="0"/>
    <column hidden="true" title="returnvalue" value="0"/>
  </run>
  <run files="[../../../doc/benchmarking.md]" name="../../../doc/benchmarking.md">
    <column title="cpuenergy" value="0.004944J"/>
    <column title="cputime" value="0.004760897s"/>
    <column title="memUsage" value="385024"/>
    <column title="status" value="true"/>
    <column title="walltime" value="0.013417419992038049s"/>
    <column hidden="true" title="category" value="missing"/>
    <column hidden="true" title="cpuenergy-pkg0" value="0.004944J"/>
    <column hidden="true" title="cpuenergy-pkg0-core" value="0.001465J"/>
    <column hidden="true" title="cpuenergy-pkg0-dram" value="0.002319J"/>
    <column hidden="true" title="cpuenergy-pkg0-psys" value="0.042297J"/>
    <column hidden="true" title="cputime-cpu2" value="0.004760897s"/>
    <column hidden="true" title="exitcode" value="0"/>
    <column hidden="true" title="returnvalue" value="0"/>
  </run>
  <run files="[../../../doc/container.md]" name="../../../doc/container.md">
    <column title="cpuenergy" value="0.006348J"/>
    <column title="cputime" value="0.004444907s"/>
    <column title="memUsage" value="385024"/>
    <column title="status" value="true"/>
    <column title="walltime" value="0.01325265399646014s"/>
    <column hidden="true" title="category" value="missing"/>
    <column hidden="true" title="cpuenergy-pkg0" value="0.006348J"/>
    <column hidden="true" title="cpuenergy-pkg0-core" value="0.000549J"/>
    <column hidden="true" title="cpuenergy-pkg0-dram" value="0.003235J"/>
    <column hidden="true" title="cpuenergy-pkg0-psys" value="0.040894J"/>
    <column hidden="true" title="cputime-cpu2" value="0.004444907s"/>
    <column hidden="true" title="exitcode" value="0"/>
    <column hidden="true" title="returnvalue" value="0"/>
  </run>
  <run files="[../../../doc/resources.md]" name="../../../doc/resources.md">
    <column title="cpuenergy" value="0.005005J"/>
    <column title="cputime" value="0.004959833s"/>
    <column title="memUsage" value="385024"/>
    <column title="status" value="true"/>
    <column title="walltime" value="0.01805246400181204s"/>
    <column hidden="true" title="category" value="missing"/>
    <column hidden="true" title="cpuenergy-pkg0" value="0.005005J"/>
    <column hidden="true" title="cpuenergy-pkg0-core" value="0.001953J"/>
    <column hidden="true" title="cpuenergy-pkg0-dram" value="0.003723J"/>
    <column hidden="true" title="cpuenergy-pkg0-psys" value="0.045837J"/>
    <column hidden="true" title="cputime-cpu1" value="0.004959833s"/>
    <column hidden="true" title="exitcode" value="0"/>
    <column hidden="true" title="returnvalue" value="0"/>
  </run>
  <run files="[../../../doc/run-results.md]" name="../../../doc/run-results.md">
    <column title="cpuenergy" value="0.007629J"/>
    <column title="cputime" value="0.003476411s"/>
    <column title="memUsage" value="385024"/>
    <column title="status" value="true"/>
    <column title="walltime" value="0.013189382996642962s"/>
    <column hidden="true" title="category" value="missing"/>
    <column hidden="true" title="cpuenergy-pkg0" value="0.007629J"/>
    <column hidden="true" title="cpuenergy-pkg0-core" value="0.003906J"/>
    <column hidden="true" title="cpuenergy-pkg0-dram" value="0.005127J"/>
    <column hidden="true" title="cpuenergy-pkg0-psys" value="0.046265J"/>
    <column hidden="true" title="cputime-cpu2" value="0.003476411s"/>
    <column hidden="true" title="exitcode" value="0"/>
    <column hidden="true" title="returnvalue" value="0"/>
  </run>
  <run files="[../../../doc/runexec.md]" name="../../../doc/runexec.md">
    <column title="cpuenergy" value="0.008667J"/>
    <column title="cputime" value="0.006563425s"/>
    <column title="memUsage" value="278528"/>
    <column title="status" value="true"/>
    <column title="walltime" value="0.028835841003456153s"/>
    <column hidden="true" title="category" value="missing"/>
    <column hidden="true" title="cpuenergy-pkg0" value="0.008667J"/>
    <column hidden="true" title="cpuenergy-pkg0-core" value="0.004211J"/>
    <column hidden="true" title="cpuenergy-pkg0-dram" value="0.003662J"/>
    <column hidden="true" title="cpuenergy-pkg0-psys" value="0.045410J"/>
    <column hidden="true" title="cputime-cpu0" value="0.003395115s"/>
    <column hidden="true" title="cputime-cpu1" value="0.00316831s"/>
    <column hidden="true" title="exitcode" value="0"/>
    <column hidden="true" title="returnvalue" value="0"/>
  </run>
  <run files="[../../../doc/separate-user.md]" name="../../../doc/separate-user.md">
    <column title="cpuenergy" value="0.007385J"/>
    <column title="cputime" value="0.004883428s"/>
    <column title="memUsage" value="385024"/>
    <column title="status" value="true"/>
    <column title="walltime" value="0.011036401003366336s"/>
    <column hidden="true" title="category" value="missing"/>
    <column hidden="true" title="cpuenergy-pkg0" value="0.007385J"/>
    <column hidden="true" title="cpuenergy-pkg0-core" value="0.002258J"/>
    <column hidden="true" title="cpuenergy-pkg0-dram" value="0.003357J"/>
    <column hidden="true" title="cpuenergy-pkg0-psys" value="0.040588J"/>
    <column hidden="true" title="cputime-cpu2" value="0.004883428s"/>
    <column hidden="true" title="exitcode" value="0"/>
    <column hidden="true" title="returnvalue" value="0"/>
  </run>
  <run files="[../../../doc/table-generator.md]" name="../../../doc/table-generator.md">
    <column title="cpuenergy" value="0.007935J"/>
    <column title="cputime" value="0.005137165s"/>
    <column title="memUsage" value="278528"/>
    <column title="status" value="true"/>
    <column title="walltime" value="0.029374628007644787s"/>
    <column hidden="true" title="category" value="missing"/>
    <column hidden="true" title="cpuenergy-pkg0" value="0.007935J"/>
    <column hidden="true" title="cpuenergy-pkg0-core" value="0.004211J"/>
    <column hidden="true" title="cpuenergy-pkg0-dram" value="0.003784J"/>
    <column hidden="true" title="cpuenergy-pkg0-psys" value="0.049255J"/>
    <column hidden="true" title="cputime-cpu0" value="0.002009923s"/>
    <column hidden="true" title="cputime-cpu1" value="0.003127242s"/>
    <column hidden="true" title="exitcode" value="0"/>
    <column hidden="true" title="returnvalue" value="0"/>
  </run>
  <run files="[../../../doc/tool-integration.md]" name="../../../doc/tool-integration.md">
    <column title="cpuenergy" value="0.004578J"/>
    <column title="cputime" value="0.005041002s"/>
    <column title="memUsage" value="385024"/>
    <column title="status" value="true"/>
    <column title="walltime" value="0.015890665003098547s"/>
    <column hidden="true" title="category" value="missing"/>
    <column hidden="true" title="cpuenergy-pkg0" value="0.004578J"/>
    <column hidden="true" title="cpuenergy-pkg0-core" value="0.000916J"/>
    <column hidden="true" title="cpuenergy-pkg0-dram" value="0.003357J"/>
    <column hidden="true" title="cpuenergy-pkg0-psys" value="0.044250J"/>
    <column hidden="true" title="cputime-cpu2" value="0.005041002s"/>
    <column hidden="true" title="exitcode" value="0"/>
    <column hidden="true" title="returnvalue" value="0"/>
  </run>
  <run files="[../../../doc/benchmark-example-calculatepi.xml]" name="../../../doc/benchmark-example-calculatepi.xml">
    <column title="cpuenergy" value="0.004639J"/>
    <column title="cputime" value="0.005125617s"/>
    <column title="memUsage" value="307200"/>
    <column title="status" value="true"/>
    <column title="walltime" value="0.018915545006166212s"/>
    <column hidden="true" title="category" value="missing"/>
    <column hidden="true" title="cpuenergy-pkg0" value="0.004639J"/>
    <column hidden="true" title="cpuenergy-pkg0-core" value="0.000671J"/>
    <column hidden="true" title="cpuenergy-pkg0-dram" value="0.004395J"/>
    <column hidden="true" title="cpuenergy-pkg0-psys" value="0.040283J"/>
    <column hidden="true" title="cputime-cpu1" value="0.001783484s"/>
    <column hidden="true" title="cputime-cpu2" value="0.003342133s"/>
    <column hidden="true" title="exitcode" value="0"/>
    <column hidden="true" title="returnvalue" value="0"/>
  </run>
  <run files="[../../../doc/benchmark-example-cbmc.xml]" name="../../../doc/benchmark-example-cbmc.xml">
    <column title="cpuenergy" value="0.005737J"/>
    <column title="cputime" value="0.00488374s"/>
    <column title="memUsage" value="286720"/>
    <column title="status" value="true"/>
    <column title="walltime" value="0.027080380998086184s"/>
    <column hidden="true" title="category" value="missing"/>
    <column hidden="true" title="cpuenergy-pkg0" value="0.005737J"/>
    <column hidden="true" title="cpuenergy-pkg0-core" value="0.002441J"/>
    <column hidden="true" title="cpuenergy-pkg0-dram" value="0.003845J"/>
    <column hidden="true" title="cpuenergy-pkg0-psys" value="0.043823J"/>
    <column hidden="true" title="cputime-cpu0" value="0.001763301s"/>
    <column hidden="true" title="cputime-cpu2" value="0.003120439s"/>
    <column hidden="true" title="exitcode" value="0"/>
    <column hidden="true" title="returnvalue" value="0"/>
  </run>
  <run files="[../../../doc/benchmark-example-rand.xml]" name="../../../doc/benchmark-example-rand.xml">
    <column title="cpuenergy" value="0.004028J"/>
    <column title="cputime" value="0.004602859s"/>
    <column title="memUsage" value="278528"/>
    <column title="status" value="true"/>
    <column title="walltime" value="0.026214190991595387s"/>
    <column hidden="true" title="category" value="missing"/>
    <column hidden="true" title="cpuenergy-pkg0" value="0.004028J"/>
    <column hidden="true" title="cpuenergy-pkg0-core" value="0.001282J"/>
    <column hidden="true" title="cpuenergy-pkg0-dram" value="0.002563J"/>
    <column hidden="true" title="cpuenergy-pkg0-psys" value="0.029663J"/>
    <column hidden="true" title="cputime-cpu0" value="0.001561281s"/>
    <column hidden="true" title="cputime-cpu1" value="0.003041578s"/>
    <column hidden="true" title="exitcode" value="0"/>
    <column hidden="true" title="returnvalue" value="0"/>
  </run>
  <run files="[../../../doc/benchmark-example-true.xml]" name="../../../doc/benchmark-example-true.xml">
    <column title="cpuenergy" value="0.004944J"/>
    <column title="cputime" value="0.005144301s"/>
    <column title="memUsage" value="385024"/>
    <column title="status" value="true"/>
    <column title="walltime" value="0.016619639005512s"/>
    <column hidden="true" title="category" value="missing"/>
    <column hidden="true" title="cpuenergy-pkg0" value="0.004944J"/>
    <column hidden="true" title="cpuenergy-pkg0-core" value="0.000549J"/>
    <column hidden="true" title="cpuenergy-pkg0-dram" value="0.003357J"/>
    <column hidden="true" title="cpuenergy-pkg0-psys" value="0.040100J"/>
    <column hidden="true" title="cputime-cpu2" value="0.005144301s"/>
    <column hidden="true" title="exitcode" value="0"/>
    <column hidden="true" title="returnvalue" value="0"/>
  </run>
  <run files="[../../../doc/benchmark.xml]" name="../../../doc/benchmark.xml">
    <column title="cpuenergy" value="0.004944J"/>
    <column title="cputime" value="0.005169235s"/>
    <column title="memUsage" value="278528"/>
    <column title="status" value="true"/>
    <column title="walltime" value="0.018277465002029203s"/>
    <column hidden="true" title="category" value="missing"/>
    <column hidden="true" title="cpuenergy-pkg0" value="0.004944J"/>
    <column hidden="true" title="cpuenergy-pkg0-core" value="0.001892J"/>
    <column hidden="true" title="cpuenergy-pkg0-dram" value="0.003662J"/>
    <column hidden="true" title="cpuenergy-pkg0-psys" value="0.042175J"/>
    <column hidden="true" title="cputime-cpu1" value="0.005039062s"/>
    <column hidden="true" title="cputime-cpu2" value="0.000130173s"/>
    <column hidden="true" title="exitcode" value="0"/>
    <column hidden="true" title="returnvalue" value="0"/>
  </run>
  <run files="[../../../doc/table-generator-basic.xml]" name="../../../doc/table-generator-basic.xml">
    <column title="cpuenergy" value="0.007507J"/>
    <column title="cputime" value="0.005346497s"/>
    <column title="memUsage" value="417792"/>
    <column title="status" value="true"/>
    <column title="walltime" value="0.031750850001117215s"/>
    <column hidden="true" title="category" value="missing"/>
    <column hidden="true" title="cpuenergy-pkg0" value="0.007507J"/>
    <column hidden="true" title="cpuenergy-pkg0-core" value="0.002869J"/>
    <column hidden="true" title="cpuenergy-pkg0-dram" value="0.002380J"/>
    <column hidden="true" title="cpuenergy-pkg0-psys" value="0.042419J"/>
    <column hidden="true" title="cputime-cpu0" value="0.004171362s"/>
    <column hidden="true" title="cputime-cpu3" value="0.001175135s"/>
    <column hidden="true" title="exitcode" value="0"/>
    <column hidden="true" title="returnvalue" value="0"/>
  </run>
  <run files="[../../../doc/table-generator-example.xml]" name="../../../doc/table-generator-example.xml">
    <column title="cpuenergy" value="0.007568J"/>
    <column title="cputime" value="0.004565888s"/>
    <column title="memUsage" value="389120"/>
    <column title="status" value="true"/>
    <column title="walltime" value="0.015830004995223135s"/>
    <column hidden="true" title="category" value="missing"/>
    <column hidden="true" title="cpuenergy-pkg0" value="0.007568J"/>
    <column hidden="true" title="cpuenergy-pkg0-core" value="0.002319J"/>
    <column hidden="true" title="cpuenergy-pkg0-dram" value="0.003357J"/>
    <column hidden="true" title="cpuenergy-pkg0-psys" value="0.040649J"/>
    <column hidden="true" title="cputime-cpu2" value="0.004565888s"/>
    <column hidden="true" title="exitcode" value="0"/>
    <column hidden="true" title="returnvalue" value="0"/>
  </run>
  <run files="[../../../doc/table-generator.xml]" name="../../../doc/table-generator.xml">
    <column title="cpuenergy" value="0.005005J"/>
    <column title="cputime" value="0.004731714s"/>
    <column title="memUsage" value="385024"/>
    <column title="status" value="true"/>
    <column title="walltime" value="0.01588382601039484s"/>
    <column hidden="true" title="category" value="missing"/>
    <column hidden="true" title="cpuenergy-pkg0" value="0.005005J"/>
    <column hidden="true" title="cpuenergy-pkg0-core" value="0.000854J"/>
    <column hidden="true" title="cpuenergy-pkg0-dram" value="0.003357J"/>
    <column hidden="true" title="cpuenergy-pkg0-psys" value="0.041321J"/>
    <column hidden="true" title="cputime-cpu2" value="0.004731714s"/>
    <column hidden="true" title="exitcode" value="0"/>
    <column hidden="true" title="returnvalue" value="0"/>
  </run>
  <run files="[../../../README.md, ../../../doc/DEVELOPMENT.md, ../../../doc/INDEX.md, ../../../doc/INSTALL.md, ../../../doc/benchexec.md, ../../../doc/benchmarking.md, ../../../doc/container.md, ../../../doc/resources.md, ../../../doc/run-results.md, ../../../doc/runexec.md, ../../../doc/separate-user.md, ../../../doc/table-generator.md, ../../../doc/tool-integration.md]" name="../../../doc/task-definition-example.yml">
    <column title="cpuenergy" value="0.008118J"/>
    <column title="cputime" value="0.005232213s"/>
    <column title="memUsage" value="278528"/>
    <column title="status" value="true"/>
    <column title="walltime" value="0.028848372006905265s"/>
    <column hidden="true" title="category" value="missing"/>
    <column hidden="true" title="cpuenergy-pkg0" value="0.008118J"/>
    <column hidden="true" title="cpuenergy-pkg0-core" value="0.003723J"/>
    <column hidden="true" title="cpuenergy-pkg0-dram" value="0.003357J"/>
    <column hidden="true" title="cpuenergy-pkg0-psys" value="0.017700J"/>
    <column hidden="true" title="cputime-cpu0" value="0.005232213s"/>
    <column hidden="true" title="exitcode" value="0"/>
    <column hidden="true" title="returnvalue" value="0"/>
  </run>
  <run name="dummy task 1">
    <column title="cpuenergy" value="0.004700J"/>
    <column title="cputime" value="0.003607007s"/>
    <column title="memUsage" value="385024"/>
    <column title="status" value="true"/>
    <column title="walltime" value="0.010109542999998666s"/>
    <column hidden="true" title="category" value="missing"/>
    <column hidden="true" title="cpuenergy-pkg0" value="0.004700J"/>
    <column hidden="true" title="cpuenergy-pkg0-core" value="0.000977J"/>
    <column hidden="true" title="cpuenergy-pkg0-dram" value="0.003357J"/>
    <column hidden="true" title="cpuenergy-pkg0-psys" value="0.042542J"/>
    <column hidden="true" title="cputime-cpu1" value="0.003607007s"/>
    <column hidden="true" title="exitcode" value="0"/>
    <column hidden="true" title="returnvalue" value="0"/>
  </run>
  <run name="dummy task 2">
    <column title="cpuenergy" value="0.005493J"/>
    <column title="cputime" value="0.004778295s"/>
    <column title="memUsage" value="385024"/>
    <column title="status" value="true"/>
    <column title="walltime" value="0.014237524010241032s"/>
    <column hidden="true" title="category" value="missing"/>
    <column hidden="true" title="cpuenergy-pkg0" value="0.005493J"/>
    <column hidden="true" title="cpuenergy-pkg0-core" value="0.002258J"/>
    <column hidden="true" title="cpuenergy-pkg0-dram" value="0.002625J"/>
    <column hidden="true" title="cpuenergy-pkg0-psys" value="0.043945J"/>
    <column hidden="true" title="cputime-cpu2" value="0.004778295s"/>
    <column hidden="true" title="exitcode" value="0"/>
    <column hidden="true" title="returnvalue" value="0"/>
  </run>
  <run name="dummy task 3">
    <column title="cpuenergy" value="0.006653J"/>
    <column title="cputime" value="0.005039436s"/>
    <column title="memUsage" value="385024"/>
    <column title="status" value="true"/>
    <column title="walltime" value="0.01672542501182761s"/>
    <column hidden="true" title="category" value="missing"/>
    <column hidden="true" title="cpuenergy-pkg0" value="0.006653J"/>
    <column hidden="true" title="cpuenergy-pkg0-core" value="0.003418J"/>
    <column hidden="true" title="cpuenergy-pkg0-dram" value="0.003906J"/>
    <column hidden="true" title="cpuenergy-pkg0-psys" value="0.046265J"/>
    <column hidden="true" title="cputime-cpu1" value="0.005039436s"/>
    <column hidden="true" title="exitcode" value="0"/>
    <column hidden="true" title="returnvalue" value="0"/>
  </run>
  <column title="cputime" value="1.2253509999999999s"/>
  <column title="walltime" value="4.234719083004165s"/>
  <column title="cpuenergy" value="7.015320J"/>
  <column title="cpuenergy-pkg0" value="7.015320J"/>
  <column title="cpuenergy-pkg0-core" value="1.805359J"/>
  <column title="cpuenergy-pkg0-dram" value="5.037537J"/>
  <column title="cpuenergy-pkg0-psys" value="46.510803J"/>
  <column title="cpuenergy-pkg0-uncore" value="0.135193J"/>
</result>
